Component: ARM Compiler 5.05 update 1 (build 106) Tool: armlink [4d0efa]

==============================================================================

Section Cross References

    startup_stm32f407xx.o(STACK) refers (Special) to heapauxi.o(.text) for __use_two_region_memory
    startup_stm32f407xx.o(HEAP) refers (Special) to heapauxi.o(.text) for __use_two_region_memory
    startup_stm32f407xx.o(RESET) refers (Special) to heapauxi.o(.text) for __use_two_region_memory
    startup_stm32f407xx.o(RESET) refers to startup_stm32f407xx.o(STACK) for __initial_sp
    startup_stm32f407xx.o(RESET) refers to startup_stm32f407xx.o(.text) for Reset_Handler
    startup_stm32f407xx.o(RESET) refers to stm32f4xx_it.o(i.NMI_Handler) for NMI_Handler
    startup_stm32f407xx.o(RESET) refers to stm32f4xx_it.o(i.HardFault_Handler) for HardFault_Handler
    startup_stm32f407xx.o(RESET) refers to stm32f4xx_it.o(i.MemManage_Handler) for MemManage_Handler
    startup_stm32f407xx.o(RESET) refers to stm32f4xx_it.o(i.BusFault_Handler) for BusFault_Handler
    startup_stm32f407xx.o(RESET) refers to stm32f4xx_it.o(i.UsageFault_Handler) for UsageFault_Handler
    startup_stm32f407xx.o(RESET) refers to port.o(.emb_text) for SVC_Handler
    startup_stm32f407xx.o(RESET) refers to stm32f4xx_it.o(i.DebugMon_Handler) for DebugMon_Handler
    startup_stm32f407xx.o(RESET) refers to cmsis_os2.o(i.SysTick_Handler) for SysTick_Handler
    startup_stm32f407xx.o(RESET) refers to stm32f4xx_it.o(i.DMA1_Stream1_IRQHandler) for DMA1_Stream1_IRQHandler
    startup_stm32f407xx.o(RESET) refers to stm32f4xx_it.o(i.DMA1_Stream2_IRQHandler) for DMA1_Stream2_IRQHandler
    startup_stm32f407xx.o(RESET) refers to stm32f4xx_it.o(i.DMA1_Stream3_IRQHandler) for DMA1_Stream3_IRQHandler
    startup_stm32f407xx.o(RESET) refers to stm32f4xx_it.o(i.DMA1_Stream4_IRQHandler) for DMA1_Stream4_IRQHandler
    startup_stm32f407xx.o(RESET) refers to stm32f4xx_it.o(i.DMA1_Stream5_IRQHandler) for DMA1_Stream5_IRQHandler
    startup_stm32f407xx.o(RESET) refers to stm32f4xx_it.o(i.DMA1_Stream6_IRQHandler) for DMA1_Stream6_IRQHandler
    startup_stm32f407xx.o(RESET) refers to stm32f4xx_it.o(i.CAN1_TX_IRQHandler) for CAN1_TX_IRQHandler
    startup_stm32f407xx.o(RESET) refers to stm32f4xx_it.o(i.CAN1_RX0_IRQHandler) for CAN1_RX0_IRQHandler
    startup_stm32f407xx.o(RESET) refers to stm32f4xx_it.o(i.CAN1_RX1_IRQHandler) for CAN1_RX1_IRQHandler
    startup_stm32f407xx.o(RESET) refers to stm32f4xx_it.o(i.TIM2_IRQHandler) for TIM2_IRQHandler
    startup_stm32f407xx.o(RESET) refers to stm32f4xx_it.o(i.TIM4_IRQHandler) for TIM4_IRQHandler
    startup_stm32f407xx.o(RESET) refers to stm32f4xx_it.o(i.USART1_IRQHandler) for USART1_IRQHandler
    startup_stm32f407xx.o(RESET) refers to stm32f4xx_it.o(i.USART2_IRQHandler) for USART2_IRQHandler
    startup_stm32f407xx.o(RESET) refers to stm32f4xx_it.o(i.USART3_IRQHandler) for USART3_IRQHandler
    startup_stm32f407xx.o(RESET) refers to stm32f4xx_it.o(i.DMA1_Stream7_IRQHandler) for DMA1_Stream7_IRQHandler
    startup_stm32f407xx.o(RESET) refers to stm32f4xx_it.o(i.UART4_IRQHandler) for UART4_IRQHandler
    startup_stm32f407xx.o(RESET) refers to stm32f4xx_it.o(i.OTG_FS_IRQHandler) for OTG_FS_IRQHandler
    startup_stm32f407xx.o(.text) refers (Special) to heapauxi.o(.text) for __use_two_region_memory
    startup_stm32f407xx.o(.text) refers to system_stm32f4xx.o(i.SystemInit) for SystemInit
    startup_stm32f407xx.o(.text) refers to __main.o(!!!main) for __main
    startup_stm32f407xx.o(.text) refers to startup_stm32f407xx.o(HEAP) for Heap_Mem
    startup_stm32f407xx.o(.text) refers to startup_stm32f407xx.o(STACK) for Stack_Mem
    main.o(i.HAL_TIM_PeriodElapsedCallback) refers to stm32f4xx_hal.o(i.HAL_IncTick) for HAL_IncTick
    main.o(i.SystemClock_Config) refers to rt_memclr_w.o(.text) for __aeabi_memclr4
    main.o(i.SystemClock_Config) refers to stm32f4xx_hal_rcc.o(i.HAL_RCC_OscConfig) for HAL_RCC_OscConfig
    main.o(i.SystemClock_Config) refers to stm32f4xx_hal_rcc.o(i.HAL_RCC_ClockConfig) for HAL_RCC_ClockConfig
    main.o(i.USBD_HID0_GetReport) refers to rt_memcpy_v6.o(.text) for __aeabi_memcpy
    main.o(i.USBD_HID0_GetReport) refers to main.o(.data) for .data
    main.o(i.USBD_HID0_GetReport) refers to main.o(.bss) for .bss
    main.o(i.USBD_HID0_Initialize) refers to main.o(.data) for .data
    main.o(i.USBD_HID0_SetReport) refers to rt_memcpy_v6.o(.text) for __aeabi_memcpy
    main.o(i.USBD_HID0_SetReport) refers to main.o(.data) for .data
    main.o(i.USBD_HID0_SetReport) refers to main.o(.bss) for .bss
    main.o(i.USBD_HID0_SetReport) refers to dap.o(.data) for DAP_TransferAbort
    main.o(i.USBD_InEvent) refers to main.o(i.USBD_HID0_GetReport) for USBD_HID0_GetReport
    main.o(i.USBD_InEvent) refers to usbd_customhid.o(i.USBD_CUSTOM_HID_SendReport) for USBD_CUSTOM_HID_SendReport
    main.o(i.USBD_InEvent) refers to usb_device.o(.bss) for hUsbDeviceFS
[...]
    I2C2_EV_IRQHandler                       0x08000343   Thumb Code     0  startup_stm32f407xx.o(.text)
    I2C3_ER_IRQHandler                       0x08000343   Thumb Code     0  startup_stm32f407xx.o(.text)
    I2C3_EV_IRQHandler                       0x08000343   Thumb Code     0  startup_stm32f407xx.o(.text)
    OTG_FS_WKUP_IRQHandler                   0x08000343   Thumb Code     0  startup_stm32f407xx.o(.text)
    OTG_HS_EP1_IN_IRQHandler                 0x08000343   Thumb Code     0  startup_stm32f407xx.o(.text)
    OTG_HS_EP1_OUT_IRQHandler                0x08000343   Thumb Code     0  startup_stm32f407xx.o(.text)
    OTG_HS_IRQHandler                        0x08000343   Thumb Code     0  startup_stm32f407xx.o(.text)
    OTG_HS_WKUP_IRQHandler                   0x08000343   Thumb Code     0  startup_stm32f407xx.o(.text)
    PVD_IRQHandler                           0x08000343   Thumb Code     0  startup_stm32f407xx.o(.text)
    RCC_IRQHandler                           0x08000343   Thumb Code     0  startup_stm32f407xx.o(.text)
    RTC_Alarm_IRQHandler                     0x08000343   Thumb Code     0  startup_stm32f407xx.o(.text)
    RTC_WKUP_IRQHandler                      0x08000343   Thumb Code     0  startup_stm32f407xx.o(.text)
    SDIO_IRQHandler                          0x08000343   Thumb Code     0  startup_stm32f407xx.o(.text)
    SPI1_IRQHandler                          0x08000343   Thumb Code     0  startup_stm32f407xx.o(.text)
    SPI2_IRQHandler                          0x08000343   Thumb Code     0  startup_stm32f407xx.o(.text)
    SPI3_IRQHandler                          0x08000343   Thumb Code     0  startup_stm32f407xx.o(.text)
    TAMP_STAMP_IRQHandler                    0x08000343   Thumb Code     0  startup_stm32f407xx.o(.text)
    TIM1_BRK_TIM9_IRQHandler                 0x08000343   Thumb Code     0  startup_stm32f407xx.o(.text)
    TIM1_CC_IRQHandler                       0x08000343   Thumb Code     0  startup_stm32f407xx.o(.text)
    TIM1_TRG_COM_TIM11_IRQHandler            0x08000343   Thumb Code     0  startup_stm32f407xx.o(.text)
    TIM1_UP_TIM10_IRQHandler                 0x08000343   Thumb Code     0  startup_stm32f407xx.o(.text)
    TIM3_IRQHandler                          0x08000343   Thumb Code     0  startup_stm32f407xx.o(.text)
    TIM5_IRQHandler                          0x08000343   Thumb Code     0  startup_stm32f407xx.o(.text)
    TIM6_DAC_IRQHandler                      0x08000343   Thumb Code     0  startup_stm32f407xx.o(.text)
    TIM7_IRQHandler                          0x08000343   Thumb Code     0  startup_stm32f407xx.o(.text)
    TIM8_BRK_TIM12_IRQHandler                0x08000343   Thumb Code     0  startup_stm32f407xx.o(.text)
    TIM8_CC_IRQHandler                       0x08000343   Thumb Code     0  startup_stm32f407xx.o(.text)
    TIM8_TRG_COM_TIM14_IRQHandler            0x08000343   Thumb Code     0  startup_stm32f407xx.o(.text)
    TIM8_UP_TIM13_IRQHandler                 0x08000343   Thumb Code     0  startup_stm32f407xx.o(.text)
    UART5_IRQHandler                         0x08000343   Thumb Code     0  startup_stm32f407xx.o(.text)
    USART6_IRQHandler                        0x08000343   Thumb Code     0  startup_stm32f407xx.o(.text)
    WWDG_IRQHandler                          0x08000343   Thumb Code     0  startup_stm32f407xx.o(.text)
    __user_initial_stackheap                 0x08000345   Thumb Code     0  startup_stm32f407xx.o(.text)
    __aeabi_uldivmod                         0x08000369   Thumb Code     0  lludivv7m.o(.text)
    _ll_udiv                                 0x08000369   Thumb Code   238  lludivv7m.o(.text)
    __aeabi_memcpy                           0x08000457   Thumb Code     0  rt_memcpy_v6.o(.text)
    __rt_memcpy                              0x08000457   Thumb Code   138  rt_memcpy_v6.o(.text)
    _memcpy_lastbytes                        0x080004bd   Thumb Code     0  rt_memcpy_v6.o(.text)
    __aeabi_memclr4                          0x080004e1   Thumb Code     0  rt_memclr_w.o(.text)
    __aeabi_memclr8                          0x080004e1   Thumb Code     0  rt_memclr_w.o(.text)
    __rt_memclr_w                            0x080004e1   Thumb Code    78  rt_memclr_w.o(.text)
    _memset_w                                0x080004e5   Thumb Code     0  rt_memclr_w.o(.text)
    __use_two_region_memory                  0x0800052f   Thumb Code     2  heapauxi.o(.text)
    __rt_heap_escrow$2region                 0x08000531   Thumb Code     2  heapauxi.o(.text)
    __rt_heap_expand$2region                 0x08000533   Thumb Code     2  heapauxi.o(.text)
    __aeabi_memcpy4                          0x08000535   Thumb Code     0  rt_memcpy_w.o(.text)
    __aeabi_memcpy8                          0x08000535   Thumb Code     0  rt_memcpy_w.o(.text)
    __rt_memcpy_w                            0x08000535   Thumb Code   100  rt_memcpy_w.o(.text)
    _memcpy_lastbytes_aligned                0x0800057d   Thumb Code     0  rt_memcpy_w.o(.text)
    __user_setup_stackheap                   0x08000599   Thumb Code    74  sys_stackheap_outer.o(.text)
    exit                                     0x080005e3   Thumb Code    12  exit.o(.text)
    __user_libspace                          0x080005f1   Thumb Code     8  libspace.o(.text)
    __user_perproc_libspace                  0x080005f1   Thumb Code     0  libspace.o(.text)
    __user_perthread_libspace                0x080005f1   Thumb Code     0  libspace.o(.text)
    _sys_exit                                0x080005f9   Thumb Code     8  sys_exit.o(.text)
    __I$use$semihosting                      0x08000605   Thumb Code     0  use_no_semi.o(.text)
    __use_no_semihosting_swi                 0x08000605   Thumb Code     2  use_no_semi.o(.text)
    __semihosting_library_function           0x08000607   Thumb Code     0  indicate_semi.o(.text)
    BusFault_Handler                         0x08000739   Thumb Code     2  stm32f4xx_it.o(i.BusFault_Handler)
    CAN1_RX0_IRQHandler                      0x0800073d   Thumb Code     6  stm32f4xx_it.o(i.CAN1_RX0_IRQHandler)
    CAN1_RX1_IRQHandler                      0x08000749   Thumb Code     6  stm32f4xx_it.o(i.CAN1_RX1_IRQHandler)
    CAN1_TX_IRQHandler                       0x08000755   Thumb Code     6  stm32f4xx_it.o(i.CAN1_TX_IRQHandler)
    DAP_ExecuteCommand                       0x08000809   Thumb Code    66  dap.o(i.DAP_ExecuteCommand)
    DAP_ProcessCommand                       0x08000d99   Thumb Code   684  dap.o(i.DAP_ProcessCommand)
    DAP_ProcessVendorCommand                 0x08001065   Thumb Code    12  dap_vendor.o(i.DAP_ProcessVendorCommand)
    DAP_Setup                                0x08001725   Thumb Code    56  dap.o(i.DAP_Setup)
    DMA1_Stream1_IRQHandler                  0x080017c5   Thumb Code     6  stm32f4xx_it.o(i.DMA1_Stream1_IRQHandler)
    DMA1_Stream2_IRQHandler                  0x080017d1   Thumb Code     6  stm32f4xx_it.o(i.DMA1_Stream2_IRQHandler)
    DMA1_Stream3_IRQHandler                  0x080017dd   Thumb Code     6  stm32f4xx_it.o(i.DMA1_Stream3_IRQHandler)
    DMA1_Stream4_IRQHandler                  0x080017e9   Thumb Code     6  stm32f4xx_it.o(i.DMA1_Stream4_IRQHandler)
    DMA1_Stream5_IRQHandler                  0x080017f5   Thumb Code     6  stm32f4xx_it.o(i.DMA1_Stream5_IRQHandler)
    DMA1_Stream6_IRQHandler                  0x08001801   Thumb Code     6  stm32f4xx_it.o(i.DMA1_Stream6_IRQHandler)
    DMA1_Stream7_IRQHandler                  0x0800180d   Thumb Code     6  stm32f4xx_it.o(i.DMA1_Stream7_IRQHandler)
    DebugMon_Handler                         0x08001903   Thumb Code     2  stm32f4xx_it.o(i.DebugMon_Handler)
    Error_Handler                            0x08001905   Thumb Code     4  main.o(i.Error_Handler)
    HAL_ADC_ConfigChannel                    0x08001941   Thumb Code   356  stm32f4xx_hal_adc.o(i.HAL_ADC_ConfigChannel)
    HAL_ADC_Init                             0x08001ab5   Thumb Code    86  stm32f4xx_hal_adc.o(i.HAL_ADC_Init)
    HAL_ADC_MspInit                          0x08001b0d   Thumb Code   134  adc.o(i.HAL_ADC_MspInit)
    HAL_CAN_ErrorCallback                    0x08001ba9   Thumb Code     2  stm32f4xx_hal_can.o(i.HAL_CAN_ErrorCallback)
    HAL_CAN_IRQHandler                       0x08001bab   Thumb Code   564  stm32f4xx_hal_can.o(i.HAL_CAN_IRQHandler)
    HAL_CAN_Init                             0x08001ddf   Thumb Code   360  stm32f4xx_hal_can.o(i.HAL_CAN_Init)
    HAL_CAN_MspInit                          0x08001f49   Thumb Code   138  can.o(i.HAL_CAN_MspInit)
    HAL_CAN_RxFifo0FullCallback              0x08001fe1   Thumb Code     2  stm32f4xx_hal_can.o(i.HAL_CAN_RxFifo0FullCallback)
    HAL_CAN_RxFifo0MsgPendingCallback        0x08001fe3   Thumb Code     2  stm32f4xx_hal_can.o(i.HAL_CAN_RxFifo0MsgPendingCallback)
    HAL_CAN_RxFifo1FullCallback              0x08001fe5   Thumb Code     2  stm32f4xx_hal_can.o(i.HAL_CAN_RxFifo1FullCallback)
    HAL_CAN_RxFifo1MsgPendingCallback        0x08001fe7   Thumb Code     2  stm32f4xx_hal_can.o(i.HAL_CAN_RxFifo1MsgPendingCallback)
    HAL_CAN_SleepCallback                    0x08001fe9   Thumb Code     2  stm32f4xx_hal_can.o(i.HAL_CAN_SleepCallback)
    HAL_CAN_TxMailbox0AbortCallback          0x08001feb   Thumb Code     2  stm32f4xx_hal_can.o(i.HAL_CAN_TxMailbox0AbortCallback)
    HAL_CAN_TxMailbox0CompleteCallback       0x08001fed   Thumb Code     2  stm32f4xx_hal_can.o(i.HAL_CAN_TxMailbox0CompleteCallback)
    HAL_CAN_TxMailbox1AbortCallback          0x08001fef   Thumb Code     2  stm32f4xx_hal_can.o(i.HAL_CAN_TxMailbox1AbortCallback)
    HAL_CAN_TxMailbox1CompleteCallback       0x08001ff1   Thumb Code     2  stm32f4xx_hal_can.o(i.HAL_CAN_TxMailbox1CompleteCallback)
    HAL_CAN_TxMailbox2AbortCallback          0x08001ff3   Thumb Code     2  stm32f4xx_hal_can.o(i.HAL_CAN_TxMailbox2AbortCallback)
    HAL_CAN_TxMailbox2CompleteCallback       0x08001ff5   Thumb Code     2  stm32f4xx_hal_can.o(i.HAL_CAN_TxMailbox2CompleteCallback)
    HAL_CAN_WakeUpFromRxMsgCallback          0x08001ff7   Thumb Code     2  stm32f4xx_hal_can.o(i.HAL_CAN_WakeUpFromRxMsgCallback)
    HAL_DMA_Abort                            0x08001ff9   Thumb Code   162  stm32f4xx_hal_dma.o(i.HAL_DMA_Abort)
    HAL_DMA_Abort_IT                         0x0800209b   Thumb Code    36  stm32f4xx_hal_dma.o(i.HAL_DMA_Abort_IT)
    HAL_DMA_IRQHandler                       0x080020c1   Thumb Code   488  stm32f4xx_hal_dma.o(i.HAL_DMA_IRQHandler)
    HAL_DMA_Init                             0x080022ad   Thumb Code   230  stm32f4xx_hal_dma.o(i.HAL_DMA_Init)
    HAL_DMA_Start_IT                         0x08002399   Thumb Code   112  stm32f4xx_hal_dma.o(i.HAL_DMA_Start_IT)
    HAL_Delay                                0x08002409   Thumb Code    34  stm32f4xx_hal.o(i.HAL_Delay)
    HAL_GPIO_Init                            0x08002431   Thumb Code   510  stm32f4xx_hal_gpio.o(i.HAL_GPIO_Init)
    HAL_GPIO_WritePin                        0x08002641   Thumb Code    14  stm32f4xx_hal_gpio.o(i.HAL_GPIO_WritePin)
    HAL_GetTick                              0x08002651   Thumb Code     6  stm32f4xx_hal.o(i.HAL_GetTick)
    HAL_I2C_Init                             0x0800265d   Thumb Code   410  stm32f4xx_hal_i2c.o(i.HAL_I2C_Init)
    HAL_I2C_MspInit                          0x08002809   Thumb Code   154  i2c.o(i.HAL_I2C_MspInit)
    HAL_IncTick                              0x080028b5   Thumb Code    12  stm32f4xx_hal.o(i.HAL_IncTick)
    HAL_Init                                 0x080028c5   Thumb Code    48  stm32f4xx_hal.o(i.HAL_Init)
    HAL_InitTick                             0x080028f9   Thumb Code   134  stm32f4xx_hal_timebase_tim.o(i.HAL_InitTick)
    HAL_MspInit                              0x08002991   Thumb Code    52  stm32f4xx_hal_msp.o(i.HAL_MspInit)
    HAL_NVIC_EnableIRQ                       0x080029c9   Thumb Code    28  stm32f4xx_hal_cortex.o(i.HAL_NVIC_EnableIRQ)
    HAL_NVIC_SetPriority                     0x080029e5   Thumb Code    98  stm32f4xx_hal_cortex.o(i.HAL_NVIC_SetPriority)
    HAL_NVIC_SetPriorityGrouping             0x08002a4d   Thumb Code    30  stm32f4xx_hal_cortex.o(i.HAL_NVIC_SetPriorityGrouping)
    HAL_PCDEx_LPM_Callback                   0x08002a71   Thumb Code     2  stm32f4xx_hal_pcd_ex.o(i.HAL_PCDEx_LPM_Callback)
    HAL_PCDEx_SetRxFiFo                      0x08002a73   Thumb Code     8  stm32f4xx_hal_pcd_ex.o(i.HAL_PCDEx_SetRxFiFo)
    HAL_PCDEx_SetTxFiFo                      0x08002a7b   Thumb Code    74  stm32f4xx_hal_pcd_ex.o(i.HAL_PCDEx_SetTxFiFo)
    HAL_PCD_ConnectCallback                  0x08002ac5   Thumb Code     8  usbd_conf.o(i.HAL_PCD_ConnectCallback)
    HAL_PCD_DataInStageCallback              0x08002acd   Thumb Code    18  usbd_conf.o(i.HAL_PCD_DataInStageCallback)
    HAL_PCD_DataOutStageCallback             0x08002adf   Thumb Code    20  usbd_conf.o(i.HAL_PCD_DataOutStageCallback)
    HAL_PCD_DisconnectCallback               0x08002af3   Thumb Code     8  usbd_conf.o(i.HAL_PCD_DisconnectCallback)
    HAL_PCD_EP_Abort                         0x08002afb   Thumb Code    32  stm32f4xx_hal_pcd.o(i.HAL_PCD_EP_Abort)
    HAL_PCD_EP_Close                         0x08002b1b   Thumb Code    74  stm32f4xx_hal_pcd.o(i.HAL_PCD_EP_Close)
    HAL_PCD_EP_ClrStall                      0x08002b65   Thumb Code    92  stm32f4xx_hal_pcd.o(i.HAL_PCD_EP_ClrStall)
    HAL_PCD_EP_Open                          0x08002bc1   Thumb Code    96  stm32f4xx_hal_pcd.o(i.HAL_PCD_EP_Open)
    HAL_PCD_EP_Receive                       0x08002c21   Thumb Code    52  stm32f4xx_hal_pcd.o(i.HAL_PCD_EP_Receive)
    HAL_PCD_EP_SetStall                      0x08002c55   Thumb Code   116  stm32f4xx_hal_pcd.o(i.HAL_PCD_EP_SetStall)
    HAL_PCD_EP_Transmit                      0x08002cc9   Thumb Code    50  stm32f4xx_hal_pcd.o(i.HAL_PCD_EP_Transmit)
    HAL_PCD_IRQHandler                       0x08002cfb   Thumb Code  1378  stm32f4xx_hal_pcd.o(i.HAL_PCD_IRQHandler)
    HAL_PCD_ISOINIncompleteCallback          0x0800325d   Thumb Code     8  usbd_conf.o(i.HAL_PCD_ISOINIncompleteCallback)
    HAL_PCD_ISOOUTIncompleteCallback         0x08003265   Thumb Code     8  usbd_conf.o(i.HAL_PCD_ISOOUTIncompleteCallback)
    HAL_PCD_Init                             0x0800326d   Thumb Code   230  stm32f4xx_hal_pcd.o(i.HAL_PCD_Init)
    HAL_PCD_MspInit                          0x08003355   Thumb Code   116  usbd_conf.o(i.HAL_PCD_MspInit)
    HAL_PCD_ResetCallback                    0x080033d9   Thumb Code    46  usbd_conf.o(i.HAL_PCD_ResetCallback)
    HAL_PCD_ResumeCallback                   0x08003407   Thumb Code     8  usbd_conf.o(i.HAL_PCD_ResumeCallback)
    HAL_PCD_SOFCallback                      0x0800340f   Thumb Code     8  usbd_conf.o(i.HAL_PCD_SOFCallback)
    HAL_PCD_SetAddress                       0x08003417   Thumb Code    38  stm32f4xx_hal_pcd.o(i.HAL_PCD_SetAddress)
    HAL_PCD_SetupStageCallback               0x0800343d   Thumb Code    14  usbd_conf.o(i.HAL_PCD_SetupStageCallback)
    HAL_PCD_Start                            0x0800344b   Thumb Code    68  stm32f4xx_hal_pcd.o(i.HAL_PCD_Start)
    HAL_PCD_SuspendCallback                  0x08003491   Thumb Code    44  usbd_conf.o(i.HAL_PCD_SuspendCallback)
    HAL_RCC_ClockConfig                      0x080034c1   Thumb Code   354  stm32f4xx_hal_rcc.o(i.HAL_RCC_ClockConfig)
    HAL_RCC_GetClockConfig                   0x0800363d   Thumb Code    52  stm32f4xx_hal_rcc.o(i.HAL_RCC_GetClockConfig)
    HAL_RCC_GetHCLKFreq                      0x08003679   Thumb Code     6  stm32f4xx_hal_rcc.o(i.HAL_RCC_GetHCLKFreq)
    HAL_RCC_GetPCLK1Freq                     0x08003685   Thumb Code    22  stm32f4xx_hal_rcc.o(i.HAL_RCC_GetPCLK1Freq)
    HAL_RCC_GetPCLK2Freq                     0x080036a5   Thumb Code    22  stm32f4xx_hal_rcc.o(i.HAL_RCC_GetPCLK2Freq)
    HAL_RCC_GetSysClockFreq                  0x080036c5   Thumb Code    94  stm32f4xx_hal_rcc.o(i.HAL_RCC_GetSysClockFreq)
    HAL_RCC_OscConfig                        0x08003735   Thumb Code  1154  stm32f4xx_hal_rcc.o(i.HAL_RCC_OscConfig)
    HAL_SPI_Init                             0x08003bb7   Thumb Code   190  stm32f4xx_hal_spi.o(i.HAL_SPI_Init)
    HAL_SPI_MspInit                          0x08003c75   Thumb Code    92  spi.o(i.HAL_SPI_MspInit)
    HAL_TIMEx_BreakCallback                  0x08003cdd   Thumb Code     2  stm32f4xx_hal_tim_ex.o(i.HAL_TIMEx_BreakCallback)
    HAL_TIMEx_CommutCallback                 0x08003cdf   Thumb Code     2  stm32f4xx_hal_tim_ex.o(i.HAL_TIMEx_CommutCallback)
    HAL_TIMEx_ConfigBreakDeadTime            0x08003ce1   Thumb Code   102  stm32f4xx_hal_tim_ex.o(i.HAL_TIMEx_ConfigBreakDeadTime)
    HAL_TIMEx_MasterConfigSynchronization    0x08003d47   Thumb Code   130  stm32f4xx_hal_tim_ex.o(i.HAL_TIMEx_MasterConfigSynchronization)
    HAL_TIM_Base_Init                        0x08003dc9   Thumb Code    92  stm32f4xx_hal_tim.o(i.HAL_TIM_Base_Init)
    HAL_TIM_Base_MspInit                     0x08003e25   Thumb Code     2  stm32f4xx_hal_tim.o(i.HAL_TIM_Base_MspInit)
    HAL_TIM_Base_Start_IT                    0x08003e27   Thumb Code   114  stm32f4xx_hal_tim.o(i.HAL_TIM_Base_Start_IT)
    HAL_TIM_IC_CaptureCallback               0x08003e99   Thumb Code     2  stm32f4xx_hal_tim.o(i.HAL_TIM_IC_CaptureCallback)
    HAL_TIM_IRQHandler                       0x08003e9b   Thumb Code   348  stm32f4xx_hal_tim.o(i.HAL_TIM_IRQHandler)
    HAL_TIM_MspPostInit                      0x08003ff9   Thumb Code   112  tim.o(i.HAL_TIM_MspPostInit)
    HAL_TIM_OC_ConfigChannel                 0x0800407d   Thumb Code    82  stm32f4xx_hal_tim.o(i.HAL_TIM_OC_ConfigChannel)
    HAL_TIM_OC_DelayElapsedCallback          0x080040cf   Thumb Code     2  stm32f4xx_hal_tim.o(i.HAL_TIM_OC_DelayElapsedCallback)
    HAL_TIM_OC_Init                          0x080040d1   Thumb Code    92  stm32f4xx_hal_tim.o(i.HAL_TIM_OC_Init)
    HAL_TIM_OC_MspInit                       0x0800412d   Thumb Code    30  tim.o(i.HAL_TIM_OC_MspInit)
    HAL_TIM_PWM_ConfigChannel                0x08004155   Thumb Code   216  stm32f4xx_hal_tim.o(i.HAL_TIM_PWM_ConfigChannel)
    HAL_TIM_PWM_Init                         0x0800422d   Thumb Code    92  stm32f4xx_hal_tim.o(i.HAL_TIM_PWM_Init)
    HAL_TIM_PWM_MspInit                      0x08004289   Thumb Code   124  tim.o(i.HAL_TIM_PWM_MspInit)
    HAL_TIM_PWM_PulseFinishedCallback        0x08004315   Thumb Code     2  stm32f4xx_hal_tim.o(i.HAL_TIM_PWM_PulseFinishedCallback)
    HAL_TIM_PWM_Start                        0x08004319   Thumb Code   194  stm32f4xx_hal_tim.o(i.HAL_TIM_PWM_Start)
    HAL_TIM_PWM_Stop                         0x080043e5   Thumb Code   120  stm32f4xx_hal_tim.o(i.HAL_TIM_PWM_Stop)
    HAL_TIM_PeriodElapsedCallback            0x0800445d   Thumb Code    14  main.o(i.HAL_TIM_PeriodElapsedCallback)
    HAL_TIM_TriggerCallback                  0x0800446b   Thumb Code     2  stm32f4xx_hal_tim.o(i.HAL_TIM_TriggerCallback)
    HAL_UARTEx_RxEventCallback               0x0800446d   Thumb Code     2  stm32f4xx_hal_uart.o(i.HAL_UARTEx_RxEventCallback)
    HAL_UART_ErrorCallback                   0x0800446f   Thumb Code     2  stm32f4xx_hal_uart.o(i.HAL_UART_ErrorCallback)
    HAL_UART_IRQHandler                      0x08004471   Thumb Code   636  stm32f4xx_hal_uart.o(i.HAL_UART_IRQHandler)
    HAL_UART_Init                            0x080046f1   Thumb Code   102  stm32f4xx_hal_uart.o(i.HAL_UART_Init)
    HAL_UART_MspInit                         0x08004759   Thumb Code   712  usart.o(i.HAL_UART_MspInit)
    HAL_UART_RxCpltCallback                  0x08004a4d   Thumb Code     2  stm32f4xx_hal_uart.o(i.HAL_UART_RxCpltCallback)
    HAL_UART_TxCpltCallback                  0x08004a4f   Thumb Code     2  stm32f4xx_hal_uart.o(i.HAL_UART_TxCpltCallback)
    HardFault_Handler                        0x08004a51   Thumb Code     2  stm32f4xx_it.o(i.HardFault_Handler)
    JTAG_IR                                  0x08004a91   Thumb Code    14  jtag_dp.o(i.JTAG_IR)
    JTAG_ReadIDCode                          0x08004ca5   Thumb Code   214  jtag_dp.o(i.JTAG_ReadIDCode)
    JTAG_Sequence                            0x08004d85   Thumb Code   142  jtag_dp.o(i.JTAG_Sequence)
    JTAG_Transfer                            0x08004e1d   Thumb Code    14  jtag_dp.o(i.JTAG_Transfer)
    JTAG_WriteAbort                          0x0800529d   Thumb Code   366  jtag_dp.o(i.JTAG_WriteAbort)
    MX_ADC1_Init                             0x08005415   Thumb Code    84  adc.o(i.MX_ADC1_Init)
    MX_ADC2_Init                             0x08005475   Thumb Code    82  adc.o(i.MX_ADC2_Init)
    MX_CAN1_Init                             0x080054d5   Thumb Code    52  can.o(i.MX_CAN1_Init)
    MX_DMA_Init                              0x08005511   Thumb Code   136  dma.o(i.MX_DMA_Init)
    MX_GPIO_Init                             0x0800559d   Thumb Code   244  gpio.o(i.MX_GPIO_Init)
    MX_I2C1_Init                             0x080056a1   Thumb Code    50  i2c.o(i.MX_I2C1_Init)
    MX_I2C2_Init                             0x080056e1   Thumb Code    50  i2c.o(i.MX_I2C2_Init)
    MX_SPI1_Init                             0x08005721   Thumb Code    60  spi.o(i.MX_SPI1_Init)
    MX_TIM1_Init                             0x08005765   Thumb Code   150  tim.o(i.MX_TIM1_Init)
    MX_TIM4_Init                             0x08005805   Thumb Code   100  tim.o(i.MX_TIM4_Init)
    MX_UART4_Init                            0x08005871   Thumb Code    48  usart.o(i.MX_UART4_Init)
    MX_USART1_UART_Init                      0x080058a9   Thumb Code    48  usart.o(i.MX_USART1_UART_Init)
    MX_USART2_UART_Init                      0x080058e1   Thumb Code    48  usart.o(i.MX_USART2_UART_Init)
    MX_USART3_UART_Init                      0x08005919   Thumb Code    48  usart.o(i.MX_USART3_UART_Init)
    MX_USB_DEVICE_Init                       0x08005951   Thumb Code    66  usb_device.o(i.MX_USB_DEVICE_Init)
    MemManage_Handler                        0x080059a5   Thumb Code     2  stm32f4xx_it.o(i.MemManage_Handler)
    NMI_Handler                              0x080059a7   Thumb Code     2  stm32f4xx_it.o(i.NMI_Handler)
    OTG_FS_IRQHandler                        0x080059a9   Thumb Code     6  stm32f4xx_it.o(i.OTG_FS_IRQHandler)
    SWD_Sequence                             0x08005be9   Thumb Code   160  sw_dp.o(i.SWD_Sequence)
    SWD_Transfer                             0x08005c91   Thumb Code    14  sw_dp.o(i.SWD_Transfer)
    SWJ_Sequence                             0x08006371   Thumb Code    70  sw_dp.o(i.SWJ_Sequence)
    SysTick_Handler                          0x080063c1   Thumb Code    26  cmsis_os2.o(i.SysTick_Handler)
    SystemClock_Config                       0x080063dd   Thumb Code   138  main.o(i.SystemClock_Config)
    SystemInit                               0x08006471   Thumb Code    12  system_stm32f4xx.o(i.SystemInit)
    TIM2_IRQHandler                          0x08006481   Thumb Code     6  stm32f4xx_it.o(i.TIM2_IRQHandler)
    TIM4_IRQHandler                          0x0800648d   Thumb Code     6  stm32f4xx_it.o(i.TIM4_IRQHandler)
    TIM_Base_SetConfig                       0x08006499   Thumb Code   170  stm32f4xx_hal_tim.o(i.TIM_Base_SetConfig)
    TIM_CCxChannelCmd                        0x08006559   Thumb Code    30  stm32f4xx_hal_tim.o(i.TIM_CCxChannelCmd)
    TIM_OC2_SetConfig                        0x080065e9   Thumb Code   112  stm32f4xx_hal_tim.o(i.TIM_OC2_SetConfig)
    UART4_IRQHandler                         0x0800672d   Thumb Code     6  stm32f4xx_it.o(i.UART4_IRQHandler)
    USART1_IRQHandler                        0x080069d1   Thumb Code     6  stm32f4xx_it.o(i.USART1_IRQHandler)
    USART2_IRQHandler                        0x080069dd   Thumb Code     6  stm32f4xx_it.o(i.USART2_IRQHandler)
    USART3_IRQHandler                        0x080069e9   Thumb Code     6  stm32f4xx_it.o(i.USART3_IRQHandler)
    USBD_CUSTOM_HID_RegisterInterface        0x08006c75   Thumb Code    24  usbd_customhid.o(i.USBD_CUSTOM_HID_RegisterInterface)
    USBD_CUSTOM_HID_SendReport               0x08006c8d   Thumb Code    72  usbd_customhid.o(i.USBD_CUSTOM_HID_SendReport)
    USBD_ClrClassConfig                      0x08006e3d   Thumb Code    20  usbd_core.o(i.USBD_ClrClassConfig)
    USBD_CoreFindEP                          0x08006e77   Thumb Code     4  usbd_core.o(i.USBD_CoreFindEP)
    USBD_CoreFindIF                          0x08006e7b   Thumb Code     4  usbd_core.o(i.USBD_CoreFindIF)
    USBD_CtlContinueRx                       0x08006e7f   Thumb Code    16  usbd_ioreq.o(i.USBD_CtlContinueRx)
    USBD_CtlContinueSendData                 0x08006e8f   Thumb Code    16  usbd_ioreq.o(i.USBD_CtlContinueSendData)
    USBD_CtlError                            0x08006e9f   Thumb Code    24  usbd_ctlreq.o(i.USBD_CtlError)
    USBD_CtlPrepareRx                        0x08006eb7   Thumb Code    34  usbd_ioreq.o(i.USBD_CtlPrepareRx)
    USBD_CtlReceiveStatus                    0x08006ed9   Thumb Code    22  usbd_ioreq.o(i.USBD_CtlReceiveStatus)
    USBD_CtlSendData                         0x08006eef   Thumb Code    28  usbd_ioreq.o(i.USBD_CtlSendData)
    USBD_CtlSendStatus                       0x08006f0b   Thumb Code    22  usbd_ioreq.o(i.USBD_CtlSendStatus)
    USBD_FS_ConfigStrDescriptor              0x08006f21   Thumb Code    32  usbd_desc.o(i.USBD_FS_ConfigStrDescriptor)
    USBD_FS_DeviceDescriptor                 0x08006f59   Thumb Code     8  usbd_desc.o(i.USBD_FS_DeviceDescriptor)
    USBD_FS_InterfaceStrDescriptor           0x08006f65   Thumb Code    32  usbd_desc.o(i.USBD_FS_InterfaceStrDescriptor)
    USBD_FS_LangIDStrDescriptor              0x08006fa1   Thumb Code     8  usbd_desc.o(i.USBD_FS_LangIDStrDescriptor)
    USBD_FS_ManufacturerStrDescriptor        0x08006fad   Thumb Code    16  usbd_desc.o(i.USBD_FS_ManufacturerStrDescriptor)
    USBD_FS_ProductStrDescriptor             0x08006fcd   Thumb Code    32  usbd_desc.o(i.USBD_FS_ProductStrDescriptor)
    USBD_FS_SerialStrDescriptor              0x08007005   Thumb Code    14  usbd_desc.o(i.USBD_FS_SerialStrDescriptor)
    USBD_GetEpDesc                           0x08007201   Thumb Code    60  usbd_core.o(i.USBD_GetEpDesc)
    USBD_GetNextDesc                         0x08007255   Thumb Code    14  usbd_core.o(i.USBD_GetNextDesc)
    USBD_GetString                           0x08007299   Thumb Code    86  usbd_ctlreq.o(i.USBD_GetString)
    USBD_Get_USB_Status                      0x080072ef   Thumb Code    36  usbd_conf.o(i.USBD_Get_USB_Status)
    USBD_HID0_GetReport                      0x08007315   Thumb Code    78  main.o(i.USBD_HID0_GetReport)
    USBD_HID0_Initialize                     0x0800736d   Thumb Code    26  main.o(i.USBD_HID0_Initialize)
    USBD_HID0_SetReport                      0x0800738d   Thumb Code    80  main.o(i.USBD_HID0_SetReport)
    USBD_InEvent                             0x080073e9   Thumb Code    40  main.o(i.USBD_InEvent)
    USBD_Init                                0x08007415   Thumb Code    40  usbd_core.o(i.USBD_Init)
    USBD_LL_ClearStallEP                     0x0800743d   Thumb Code    18  usbd_conf.o(i.USBD_LL_ClearStallEP)
    USBD_LL_CloseEP                          0x0800744f   Thumb Code    18  usbd_conf.o(i.USBD_LL_CloseEP)
    USBD_LL_DataInStage                      0x08007461   Thumb Code   226  usbd_core.o(i.USBD_LL_DataInStage)
    USBD_LL_DataOutStage                     0x08007543   Thumb Code   208  usbd_core.o(i.USBD_LL_DataOutStage)
    USBD_LL_DevConnected                     0x08007613   Thumb Code     4  usbd_core.o(i.USBD_LL_DevConnected)
    USBD_LL_DevDisconnected                  0x08007617   Thumb Code    32  usbd_core.o(i.USBD_LL_DevDisconnected)
    USBD_LL_Init                             0x08007639   Thumb Code    92  usbd_conf.o(i.USBD_LL_Init)
    USBD_LL_IsStallEP                        0x08007699   Thumb Code    32  usbd_conf.o(i.USBD_LL_IsStallEP)
    USBD_LL_IsoINIncomplete                  0x080076b9   Thumb Code    42  usbd_core.o(i.USBD_LL_IsoINIncomplete)
    USBD_LL_IsoOUTIncomplete                 0x080076e3   Thumb Code    42  usbd_core.o(i.USBD_LL_IsoOUTIncomplete)
    USBD_LL_OpenEP                           0x0800770d   Thumb Code    24  usbd_conf.o(i.USBD_LL_OpenEP)
    USBD_LL_PrepareReceive                   0x08007725   Thumb Code    18  usbd_conf.o(i.USBD_LL_PrepareReceive)
    USBD_LL_Reset                            0x08007737   Thumb Code    98  usbd_core.o(i.USBD_LL_Reset)
    USBD_LL_Resume                           0x08007799   Thumb Code    20  usbd_core.o(i.USBD_LL_Resume)
    USBD_LL_SOF                              0x080077ad   Thumb Code    26  usbd_core.o(i.USBD_LL_SOF)
    USBD_LL_SetSpeed                         0x080077c7   Thumb Code     6  usbd_core.o(i.USBD_LL_SetSpeed)
    USBD_LL_SetUSBAddress                    0x080077cd   Thumb Code    18  usbd_conf.o(i.USBD_LL_SetUSBAddress)
    USBD_LL_SetupStage                       0x080077df   Thumb Code   100  usbd_core.o(i.USBD_LL_SetupStage)
    USBD_LL_StallEP                          0x08007843   Thumb Code    18  usbd_conf.o(i.USBD_LL_StallEP)
    USBD_LL_Start                            0x08007855   Thumb Code    18  usbd_conf.o(i.USBD_LL_Start)
    USBD_LL_Suspend                          0x08007867   Thumb Code    26  usbd_core.o(i.USBD_LL_Suspend)
    USBD_LL_Transmit                         0x08007881   Thumb Code    18  usbd_conf.o(i.USBD_LL_Transmit)
    USBD_OutEvent                            0x08007895   Thumb Code    24  main.o(i.USBD_OutEvent)
    USBD_ParseSetupRequest                   0x080078b1   Thumb Code    50  usbd_ctlreq.o(i.USBD_ParseSetupRequest)
    USBD_RegisterClass                       0x080078e3   Thumb Code    58  usbd_core.o(i.USBD_RegisterClass)
    USBD_RunTestMode                         0x0800791d   Thumb Code     4  usbd_core.o(i.USBD_RunTestMode)
    USBD_SetClassConfig                      0x08007979   Thumb Code    20  usbd_core.o(i.USBD_SetClassConfig)
    USBD_Start                               0x08007a8d   Thumb Code     4  usbd_core.o(i.USBD_Start)
    USBD_StdDevReq                           0x08007a91   Thumb Code   118  usbd_ctlreq.o(i.USBD_StdDevReq)
    USBD_StdEPReq                            0x08007b07   Thumb Code   564  usbd_ctlreq.o(i.USBD_StdEPReq)
    USBD_StdItfReq                           0x08007d3b   Thumb Code   138  usbd_ctlreq.o(i.USBD_StdItfReq)
    USBD_static_free                         0x08007dc5   Thumb Code     2  usbd_conf.o(i.USBD_static_free)
    USBD_static_malloc                       0x08007dc9   Thumb Code     4  usbd_conf.o(i.USBD_static_malloc)
    USB_ActivateEndpoint                     0x08007dd1   Thumb Code   150  stm32f4xx_ll_usb.o(i.USB_ActivateEndpoint)
    USB_ActivateSetup                        0x08007e6d   Thumb Code    28  stm32f4xx_ll_usb.o(i.USB_ActivateSetup)
    USB_CoreInit                             0x08007e89   Thumb Code   134  stm32f4xx_ll_usb.o(i.USB_CoreInit)
    USB_DeactivateEndpoint                   0x08007f6d   Thumb Code   212  stm32f4xx_ll_usb.o(i.USB_DeactivateEndpoint)
    USB_DevConnect                           0x08008049   Thumb Code    28  stm32f4xx_ll_usb.o(i.USB_DevConnect)
    USB_DevDisconnect                        0x08008065   Thumb Code    28  stm32f4xx_ll_usb.o(i.USB_DevDisconnect)
    USB_DevInit                              0x08008081   Thumb Code   372  stm32f4xx_ll_usb.o(i.USB_DevInit)
    USB_DisableGlobalInt                     0x080081f9   Thumb Code    12  stm32f4xx_ll_usb.o(i.USB_DisableGlobalInt)
    USB_EP0_OutStart                         0x08008205   Thumb Code    90  stm32f4xx_ll_usb.o(i.USB_EP0_OutStart)
    USB_EPClearStall                         0x08008265   Thumb Code    88  stm32f4xx_ll_usb.o(i.USB_EPClearStall)
    USB_EPSetStall                           0x080082bd   Thumb Code    94  stm32f4xx_ll_usb.o(i.USB_EPSetStall)
    USB_EPStartXfer                          0x0800831b   Thumb Code   652  stm32f4xx_ll_usb.o(i.USB_EPStartXfer)
    USB_EPStopXfer                           0x080085a7   Thumb Code   180  stm32f4xx_ll_usb.o(i.USB_EPStopXfer)
    USB_EnableGlobalInt                      0x0800865b   Thumb Code    12  stm32f4xx_ll_usb.o(i.USB_EnableGlobalInt)
    USB_FlushRxFifo                          0x08008667   Thumb Code    74  stm32f4xx_ll_usb.o(i.USB_FlushRxFifo)
    USB_FlushTxFifo                          0x080086b1   Thumb Code    78  stm32f4xx_ll_usb.o(i.USB_FlushTxFifo)
    USB_GetDevSpeed                          0x080086ff   Thumb Code    32  stm32f4xx_ll_usb.o(i.USB_GetDevSpeed)
    USB_GetMode                              0x0800871f   Thumb Code     8  stm32f4xx_ll_usb.o(i.USB_GetMode)
    USB_ReadDevAllInEpInterrupt              0x08008727   Thumb Code    14  stm32f4xx_ll_usb.o(i.USB_ReadDevAllInEpInterrupt)
    USB_ReadDevAllOutEpInterrupt             0x08008735   Thumb Code    14  stm32f4xx_ll_usb.o(i.USB_ReadDevAllOutEpInterrupt)
    USB_ReadDevInEPInterrupt                 0x08008743   Thumb Code    36  stm32f4xx_ll_usb.o(i.USB_ReadDevInEPInterrupt)
    USB_ReadDevOutEPInterrupt                0x08008767   Thumb Code    16  stm32f4xx_ll_usb.o(i.USB_ReadDevOutEPInterrupt)
    USB_ReadInterrupts                       0x08008777   Thumb Code     8  stm32f4xx_ll_usb.o(i.USB_ReadInterrupts)
    USB_ReadPacket                           0x0800877f   Thumb Code    72  stm32f4xx_ll_usb.o(i.USB_ReadPacket)
    USB_SetCurrentMode                       0x080087c7   Thumb Code    96  stm32f4xx_ll_usb.o(i.USB_SetCurrentMode)
    USB_SetDevAddress                        0x08008827   Thumb Code    34  stm32f4xx_ll_usb.o(i.USB_SetDevAddress)
    USB_SetDevSpeed                          0x08008849   Thumb Code    14  stm32f4xx_ll_usb.o(i.USB_SetDevSpeed)
    USB_SetTurnaroundTime                    0x08008859   Thumb Code   182  stm32f4xx_ll_usb.o(i.USB_SetTurnaroundTime)
    USB_WritePacket                          0x0800894d   Thumb Code    52  stm32f4xx_ll_usb.o(i.USB_WritePacket)
    UsageFault_Handler                       0x08008981   Thumb Code     2  stm32f4xx_it.o(i.UsageFault_Handler)
    WS2812C_ClearAll                         0x08008983   Thumb Code    26  ws2812c.o(i.WS2812C_ClearAll)
    WS2812C_Init                             0x0800899d   Thumb Code    18  ws2812c.o(i.WS2812C_Init)
    WS2812C_SetAllColor                      0x080089b5   Thumb Code    32  ws2812c.o(i.WS2812C_SetAllColor)
    WS2812C_SetSingleColor                   0x080089d5   Thumb Code    22  ws2812c.o(i.WS2812C_SetSingleColor)
    WS2812C_Update                           0x080089f1   Thumb Code   200  ws2812c.o(i.WS2812C_Update)
    main                                     0x08008ac9   Thumb Code   300  main.o(i.main)
    uxListRemove                             0x08008c31   Thumb Code    38  list.o(i.uxListRemove)
    vListInsertEnd                           0x08008c57   Thumb Code    24  list.o(i.vListInsertEnd)
    vTaskSwitchContext                       0x08008c71   Thumb Code   100  tasks.o(i.vTaskSwitchContext)
    xPortSysTickHandler                      0x08008cdd   Thumb Code    38  port.o(i.xPortSysTickHandler)
    xTaskGetSchedulerState                   0x08008d09   Thumb Code    24  tasks.o(i.xTaskGetSchedulerState)
    xTaskIncrementTick                       0x08008d25   Thumb Code   196  tasks.o(i.xTaskIncrementTick)
    _fp_init                                 0x08008df1   Thumb Code    10  fpinit.o(x$fpl$fpinit)
    __fplib_config_fpu_vfp                   0x08008df9   Thumb Code     0  fpinit.o(x$fpl$fpinit)
    __fplib_config_pureend_doubles           0x08008df9   Thumb Code     0  fpinit.o(x$fpl$fpinit)
    AHBPrescTable                            0x08008dfa   Data          16  system_stm32f4xx.o(.constdata)
    APBPrescTable                            0x08008e0a   Data           8  system_stm32f4xx.o(.constdata)
    Region$$Table$$Base                      0x08008e20   Number         0  anon$$obj.o(Region$$Table)
    Region$$Table$$Limit                     0x08008e40   Number         0  anon$$obj.o(Region$$Table)
    SystemCoreClock                          0x20000014   Data           4  system_stm32f4xx.o(.data)
    DAP_TransferAbort                        0x20000018   Data           1  dap.o(.data)
    FS_Desc                                  0x2000001c   Data          28  usbd_desc.o(.data)
    USBD_LangIDDesc                          0x20000038   Data           4  usbd_desc.o(.data)
    USBD_FS_DeviceDesc                       0x2000003c   Data          18  usbd_desc.o(.data)
    USBD_StringSerial                        0x20000050   Data          26  usbd_desc.o(.data)
    USBD_CustomHID_fops_FS                   0x2000008c   Data          16  usbd_custom_hid_if.o(.data)
    uwTickFreq                               0x2000009c   Data           1  stm32f4xx_hal.o(.data)
    uwTickPrio                               0x200000a0   Data           4  stm32f4xx_hal.o(.data)
    uwTick                                   0x200000a4   Data           4  stm32f4xx_hal.o(.data)
    pxCurrentTCB                             0x200000a8   Data           4  tasks.o(.data)
    USBD_CUSTOM_HID                          0x200000e8   Data          56  usbd_customhid.o(.data)
    hadc1                                    0x20000368   Data          72  adc.o(.bss)
    hadc2                                    0x200003b0   Data          72  adc.o(.bss)
    hcan1                                    0x200003f8   Data          40  can.o(.bss)
    hi2c1                                    0x20000420   Data          84  i2c.o(.bss)
    hi2c2                                    0x20000474   Data          84  i2c.o(.bss)
    hspi1                                    0x200004c8   Data          88  spi.o(.bss)
    htim1                                    0x20000520   Data          72  tim.o(.bss)
    htim4                                    0x20000568   Data          72  tim.o(.bss)
    hdma_tim4_ch3                            0x200005b0   Data          96  tim.o(.bss)
    huart4                                   0x20000610   Data          72  usart.o(.bss)
    huart1                                   0x20000658   Data          72  usart.o(.bss)
    huart2                                   0x200006a0   Data          72  usart.o(.bss)
    huart3                                   0x200006e8   Data          72  usart.o(.bss)
    hdma_uart4_rx                            0x20000730   Data          96  usart.o(.bss)
    hdma_uart4_tx                            0x20000790   Data          96  usart.o(.bss)
    hdma_usart2_rx                           0x200007f0   Data          96  usart.o(.bss)
    hdma_usart2_tx                           0x20000850   Data          96  usart.o(.bss)
    hdma_usart3_tx                           0x200008b0   Data          96  usart.o(.bss)
    hdma_usart3_rx                           0x20000910   Data          96  usart.o(.bss)
    htim2                                    0x20000970   Data          72  stm32f4xx_hal_timebase_tim.o(.bss)
    DAP_Data                                 0x200009b8   Data          68  dap.o(.bss)
    hUsbDeviceFS                             0x200009fc   Data         732  usb_device.o(.bss)
    USBD_StrDesc                             0x20000cd8   Data          24  usbd_desc.o(.bss)
    hpcd_USB_OTG_FS                          0x20000d48   Data        1252  usbd_conf.o(.bss)
    WS2812C_LED_Buf                          0x2000122c   Data          21  ws2812c.o(.bss)
    __libspace_start                         0x20001858   Data          96  libspace.o(.bss)
    __temporary_stack_top$libspace           0x200018b8   Data           0  libspace.o(.bss)



==============================================================================

Memory Map of the image

  Image Entry point : 0x08000189

  Load Region LR_IROM1 (Base: 0x08000000, Size: 0x00008fa8, Max: 0x00080000, ABSOLUTE, COMPRESSED[0x00008efc])

    Execution Region ER_IROM1 (Exec base: 0x08000000, Load base: 0x08000000, Size: 0x00008e40, Max: 0x00080000, ABSOLUTE)

    Exec Addr    Load Addr    Size         Type   Attr      Idx    E Section Name        Object

    0x08000000   0x08000000   0x00000188   Data   RO            3    RESET               startup_stm32f407xx.o
    0x08000188   0x08000188   0x00000008   Code   RO         8590  * !!!main             c_w.l(__main.o)
    0x08000190   0x08000190   0x00000034   Code   RO         8762    !!!scatter          c_w.l(__scatter.o)
    0x080001c4   0x080001c4   0x0000005a   Code   RO         8760    !!dczerorl2         c_w.l(__dczerorl2.o)
    0x0800021e   0x0800021e   0x00000002   PAD
    0x08000220   0x08000220   0x0000001c   Code   RO         8764    !!handler_zi        c_w.l(__scatter_zi.o)
    0x0800023c   0x0800023c   0x00000002   Code   RO         8631    .ARM.Collect$$libinit$$00000000  c_w.l(libinit.o)
    0x0800023e   0x0800023e   0x00000004   Code   RO         8643    .ARM.Collect$$libinit$$00000001  c_w.l(libinit2.o)
    0x08000242   0x08000242   0x00000000   Code   RO         8646    .ARM.Collect$$libinit$$00000004  c_w.l(libinit2.o)
    0x08000242   0x08000242   0x00000000   Code   RO         8649    .ARM.Collect$$libinit$$0000000A  c_w.l(libinit2.o)
    0x08000242   0x08000242   0x00000000   Code   RO         8651    .ARM.Collect$$libinit$$0000000C  c_w.l(libinit2.o)
    0x08000242   0x08000242   0x00000000   Code   RO         8653    .ARM.Collect$$libinit$$0000000E  c_w.l(libinit2.o)
    0x08000242   0x08000242   0x00000000   Code   RO         8656    .ARM.Collect$$libinit$$00000011  c_w.l(libinit2.o)
    0x08000242   0x08000242   0x00000000   Code   RO         8658    .ARM.Collect$$libinit$$00000013  c_w.l(libinit2.o)
    0x08000242   0x08000242   0x00000000   Code   RO         8660    .ARM.Collect$$libinit$$00000015  c_w.l(libinit2.o)
    0x08000242   0x08000242   0x00000000   Code   RO         8662    .ARM.Collect$$libinit$$00000017  c_w.l(libinit2.o)
    0x08000242   0x08000242   0x00000000   Code   RO         8664    .ARM.Collect$$libinit$$00000019  c_w.l(libinit2.o)
    0x08000242   0x08000242   0x00000000   Code   RO         8666    .ARM.Collect$$libinit$$0000001B  c_w.l(libinit2.o)
    0x08000242   0x08000242   0x00000000   Code   RO         8668    .ARM.Collect$$libinit$$0000001D  c_w.l(libinit2.o)
    0x08000242   0x08000242   0x00000000   Code   RO         8670    .ARM.Collect$$libinit$$0000001F  c_w.l(libinit2.o)
    0x08000242   0x08000242   0x00000000   Code   RO         8672    .ARM.Collect$$libinit$$00000021  c_w.l(libinit2.o)
    0x08000242   0x08000242   0x00000000   Code   RO         8674    .ARM.Collect$$libinit$$00000023  c_w.l(libinit2.o)
    0x08000242   0x08000242   0x00000000   Code   RO         8676    .ARM.Collect$$libinit$$00000025  c_w.l(libinit2.o)
    0x08000242   0x08000242   0x00000000   Code   RO         8680    .ARM.Collect$$libinit$$0000002C  c_w.l(libinit2.o)
    0x08000242   0x08000242   0x00000000   Code   RO         8682    .ARM.Collect$$libinit$$0000002E  c_w.l(libinit2.o)
    0x08000242   0x08000242   0x00000000   Code   RO         8684    .ARM.Collect$$libinit$$00000030  c_w.l(libinit2.o)
    0x08000242   0x08000242   0x00000000   Code   RO         8686    .ARM.Collect$$libinit$$00000032  c_w.l(libinit2.o)
    0x08000242   0x08000242   0x00000002   Code   RO         8687    .ARM.Collect$$libinit$$00000033  c_w.l(libinit2.o)
    0x08000244   0x08000244   0x00000002   Code   RO         8718    .ARM.Collect$$libshutdown$$00000000  c_w.l(libshutdown.o)
    0x08000246   0x08000246   0x00000000   Code   RO         8745    .ARM.Collect$$libshutdown$$00000003  c_w.l(libshutdown2.o)
    0x08000246   0x08000246   0x00000000   Code   RO         8748    .ARM.Collect$$libshutdown$$00000006  c_w.l(libshutdown2.o)
    0x08000246   0x08000246   0x00000000   Code   RO         8751    .ARM.Collect$$libshutdown$$00000009  c_w.l(libshutdown2.o)
    0x08000246   0x08000246   0x00000000   Code   RO         8753    .ARM.Collect$$libshutdown$$0000000B  c_w.l(libshutdown2.o)
    0x08000246   0x08000246   0x00000000   Code   RO         8756    .ARM.Collect$$libshutdown$$0000000E  c_w.l(libshutdown2.o)
    0x08000246   0x08000246   0x00000002   Code   RO         8757    .ARM.Collect$$libshutdown$$0000000F  c_w.l(libshutdown2.o)
    0x08000248   0x08000248   0x00000000   Code   RO         8592    .ARM.Collect$$rtentry$$00000000  c_w.l(__rtentry.o)
    0x08000248   0x08000248   0x00000000   Code   RO         8602    .ARM.Collect$$rtentry$$00000002  c_w.l(__rtentry2.o)
    0x08000248   0x08000248   0x00000006   Code   RO         8614    .ARM.Collect$$rtentry$$00000004  c_w.l(__rtentry4.o)
    0x0800024e   0x0800024e   0x00000000   Code   RO         8604    .ARM.Collect$$rtentry$$00000009  c_w.l(__rtentry2.o)
    0x0800024e   0x0800024e   0x00000004   Code   RO         8605    .ARM.Collect$$rtentry$$0000000A  c_w.l(__rtentry2.o)
    0x08000252   0x08000252   0x00000000   Code   RO         8607    .ARM.Collect$$rtentry$$0000000C  c_w.l(__rtentry2.o)
    0x08000252   0x08000252   0x00000008   Code   RO         8608    .ARM.Collect$$rtentry$$0000000D  c_w.l(__rtentry2.o)
    0x0800025a   0x0800025a   0x00000002   Code   RO         8635    .ARM.Collect$$rtexit$$00000000  c_w.l(rtexit.o)
    0x0800025c   0x0800025c   0x00000000   Code   RO         8691    .ARM.Collect$$rtexit$$00000002  c_w.l(rtexit2.o)
    0x0800025c   0x0800025c   0x00000004   Code   RO         8692    .ARM.Collect$$rtexit$$00000003  c_w.l(rtexit2.o)
    0x08000260   0x08000260   0x00000006   Code   RO         8693    .ARM.Collect$$rtexit$$00000004  c_w.l(rtexit2.o)
    0x08000266   0x08000266   0x00000002   PAD
    0x08000268   0x08000268   0x000000be   Code   RO         8086    .emb_text           port.o
    0x08000326   0x08000326   0x00000002   PAD
    0x08000328   0x08000328   0x00000040   Code   RO            4    .text               startup_stm32f407xx.o
    0x08000368   0x08000368   0x000000ee   Code   RO         8578    .text               c_w.l(lludivv7m.o)
    0x08000456   0x08000456   0x0000008a   Code   RO         8580    .text               c_w.l(rt_memcpy_v6.o)
    0x080004e0   0x080004e0   0x0000004e   Code   RO         8586    .text               c_w.l(rt_memclr_w.o)
    0x0800052e   0x0800052e   0x00000006   Code   RO         8588    .text               c_w.l(heapauxi.o)
    0x08000534   0x08000534   0x00000064   Code   RO         8597    .text               c_w.l(rt_memcpy_w.o)
    0x08000598   0x08000598   0x0000004a   Code   RO         8618    .text               c_w.l(sys_stackheap_outer.o)
    0x080005e2   0x080005e2   0x0000000c   Code   RO         8620    .text               c_w.l(exit.o)
    0x080005ee   0x080005ee   0x00000002   PAD
    0x080005f0   0x080005f0   0x00000008   Code   RO         8632    .text               c_w.l(libspace.o)
    0x080005f8   0x080005f8   0x0000000c   Code   RO         8688    .text               c_w.l(sys_exit.o)
    0x08000604   0x08000604   0x00000002   Code   RO         8707    .text               c_w.l(use_no_semi.o)
    0x08000606   0x08000606   0x00000000   Code   RO         8709    .text               c_w.l(indicate_semi.o)
    0x08000606   0x08000606   0x00000002   PAD
    0x08000608   0x08000608   0x00000130   Code   RO         4669    i.ADC_Init          stm32f4xx_hal_adc.o
    0x08000738   0x08000738   0x00000002   Code   RO          890    i.BusFault_Handler  stm32f4xx_it.o
    0x0800073a   0x0800073a   0x00000002   PAD
    0x0800073c   0x0800073c   0x0000000c   Code   RO          891    i.CAN1_RX0_IRQHandler  stm32f4xx_it.o
    0x08000748   0x08000748   0x0000000c   Code   RO          892    i.CAN1_RX1_IRQHandler  stm32f4xx_it.o
    0x08000754   0x08000754   0x0000000c   Code   RO          893    i.CAN1_TX_IRQHandler  stm32f4xx_it.o
    0x08000760   0x08000760   0x00000004   Code   RO         1561    i.CUSTOM_HID_DeInit_FS  usbd_custom_hid_if.o
    0x08000764   0x08000764   0x00000004   Code   RO         1562    i.CUSTOM_HID_Init_FS  usbd_custom_hid_if.o
    0x08000768   0x08000768   0x0000000a   Code   RO         1563    i.CUSTOM_HID_OutEvent_FS  usbd_custom_hid_if.o
    0x08000772   0x08000772   0x00000002   PAD
    0x08000774   0x08000774   0x00000094   Code   RO         1151    i.DAP_Connect       dap.o
    0x08000808   0x08000808   0x00000042   Code   RO         1152    i.DAP_ExecuteCommand  dap.o
    0x0800084a   0x0800084a   0x00000002   PAD
    0x0800084c   0x0800084c   0x00000074   Code   RO         1153    i.DAP_Info          dap.o
    0x080008c0   0x080008c0   0x00000394   Code   RO         1154    i.DAP_JTAG_Transfer  dap.o
    0x08000c54   0x08000c54   0x00000144   Code   RO         1155    i.DAP_JTAG_TransferBlock  dap.o
    0x08000d98   0x08000d98   0x000002cc   Code   RO         1156    i.DAP_ProcessCommand  dap.o
    0x08001064   0x08001064   0x0000000c   Code   RO         1266    i.DAP_ProcessVendorCommand  dap_vendor.o
    0x08001070   0x08001070   0x000000b0   Code   RO         1158    i.DAP_SWD_Sequence  dap.o
    0x08001120   0x08001120   0x0000039c   Code   RO         1159    i.DAP_SWD_Transfer  dap.o
    0x080014bc   0x080014bc   0x0000011c   Code   RO         1160    i.DAP_SWD_TransferBlock  dap.o
    0x080015d8   0x080015d8   0x0000014c   Code   RO         1161    i.DAP_SWJ_Pins      dap.o
    0x08001724   0x08001724   0x00000040   Code   RO         1162    i.DAP_Setup         dap.o
    0x08001764   0x08001764   0x00000060   Code   RO         1163    i.DAP_WriteAbort    dap.o
    0x080017c4   0x080017c4   0x0000000c   Code   RO          894    i.DMA1_Stream1_IRQHandler  stm32f4xx_it.o
    0x080017d0   0x080017d0   0x0000000c   Code   RO          895    i.DMA1_Stream2_IRQHandler  stm32f4xx_it.o
    0x080017dc   0x080017dc   0x0000000c   Code   RO          896    i.DMA1_Stream3_IRQHandler  stm32f4xx_it.o
    0x080017e8   0x080017e8   0x0000000c   Code   RO          897    i.DMA1_Stream4_IRQHandler  stm32f4xx_it.o
    0x080017f4   0x080017f4   0x0000000c   Code   RO          898    i.DMA1_Stream5_IRQHandler  stm32f4xx_it.o
    0x08001800   0x08001800   0x0000000c   Code   RO          899    i.DMA1_Stream6_IRQHandler  stm32f4xx_it.o
    0x0800180c   0x0800180c   0x0000000c   Code   RO          900    i.DMA1_Stream7_IRQHandler  stm32f4xx_it.o
    0x08001818   0x08001818   0x00000034   Code   RO         3980    i.DMA_CalcBaseAndBitshift  stm32f4xx_hal_dma.o
    0x0800184c   0x0800184c   0x0000007e   Code   RO         3981    i.DMA_CheckFifoParam  stm32f4xx_hal_dma.o
    0x080018ca   0x080018ca   0x00000038   Code   RO         3982    i.DMA_SetConfig     stm32f4xx_hal_dma.o
    0x08001902   0x08001902   0x00000002   Code   RO          901    i.DebugMon_Handler  stm32f4xx_it.o
    0x08001904   0x08001904   0x00000004   Code   RO           13    i.Error_Handler     main.o
    0x08001908   0x08001908   0x00000038   Code   RO         1470    i.Get_SerialNum     usbd_desc.o
    0x08001940   0x08001940   0x00000174   Code   RO         4671    i.HAL_ADC_ConfigChannel  stm32f4xx_hal_adc.o
    0x08001ab4   0x08001ab4   0x00000056   Code   RO         4680    i.HAL_ADC_Init      stm32f4xx_hal_adc.o
    0x08001b0a   0x08001b0a   0x00000002   PAD
    0x08001b0c   0x08001b0c   0x0000009c   Code   RO          558    i.HAL_ADC_MspInit   adc.o
    0x08001ba8   0x08001ba8   0x00000002   Code   RO         4950    i.HAL_CAN_ErrorCallback  stm32f4xx_hal_can.o
    0x08001baa   0x08001baa   0x00000234   Code   RO         4957    i.HAL_CAN_IRQHandler  stm32f4xx_hal_can.o
    0x08001dde   0x08001dde   0x00000168   Code   RO         4958    i.HAL_CAN_Init      stm32f4xx_hal_can.o
    0x08001f46   0x08001f46   0x00000002   PAD
    0x08001f48   0x08001f48   0x00000098   Code   RO          606    i.HAL_CAN_MspInit   can.o
    0x08001fe0   0x08001fe0   0x00000002   Code   RO         4965    i.HAL_CAN_RxFifo0FullCallback  stm32f4xx_hal_can.o
    0x08001fe2   0x08001fe2   0x00000002   Code   RO         4966    i.HAL_CAN_RxFifo0MsgPendingCallback  stm32f4xx_hal_can.o
    0x08001fe4   0x08001fe4   0x00000002   Code   RO         4967    i.HAL_CAN_RxFifo1FullCallback  stm32f4xx_hal_can.o
    0x08001fe6   0x08001fe6   0x00000002   Code   RO         4968    i.HAL_CAN_RxFifo1MsgPendingCallback  stm32f4xx_hal_can.o
    0x08001fe8   0x08001fe8   0x00000002   Code   RO         4969    i.HAL_CAN_SleepCallback  stm32f4xx_hal_can.o
    0x08001fea   0x08001fea   0x00000002   Code   RO         4972    i.HAL_CAN_TxMailbox0AbortCallback  stm32f4xx_hal_can.o
    0x08001fec   0x08001fec   0x00000002   Code   RO         4973    i.HAL_CAN_TxMailbox0CompleteCallback  stm32f4xx_hal_can.o
    0x08001fee   0x08001fee   0x00000002   Code   RO         4974    i.HAL_CAN_TxMailbox1AbortCallback  stm32f4xx_hal_can.o
    0x08001ff0   0x08001ff0   0x00000002   Code   RO         4975    i.HAL_CAN_TxMailbox1CompleteCallback  stm32f4xx_hal_can.o
    0x08001ff2   0x08001ff2   0x00000002   Code   RO         4976    i.HAL_CAN_TxMailbox2AbortCallback  stm32f4xx_hal_can.o
    0x08001ff4   0x08001ff4   0x00000002   Code   RO         4977    i.HAL_CAN_TxMailbox2CompleteCallback  stm32f4xx_hal_can.o
    0x08001ff6   0x08001ff6   0x00000002   Code   RO         4979    i.HAL_CAN_WakeUpFromRxMsgCallback  stm32f4xx_hal_can.o
    0x08001ff8   0x08001ff8   0x000000a2   Code   RO         3983    i.HAL_DMA_Abort     stm32f4xx_hal_dma.o
    0x0800209a   0x0800209a   0x00000024   Code   RO         3984    i.HAL_DMA_Abort_IT  stm32f4xx_hal_dma.o
    0x080020be   0x080020be   0x00000002   PAD
    0x080020c0   0x080020c0   0x000001ec   Code   RO         3988    i.HAL_DMA_IRQHandler  stm32f4xx_hal_dma.o
    0x080022ac   0x080022ac   0x000000ec   Code   RO         3989    i.HAL_DMA_Init      stm32f4xx_hal_dma.o
    0x08002398   0x08002398   0x00000070   Code   RO         3993    i.HAL_DMA_Start_IT  stm32f4xx_hal_dma.o
    0x08002408   0x08002408   0x00000028   Code   RO         4415    i.HAL_Delay         stm32f4xx_hal.o
    0x08002430   0x08002430   0x00000210   Code   RO         3876    i.HAL_GPIO_Init     stm32f4xx_hal_gpio.o
    0x08002640   0x08002640   0x0000000e   Code   RO         3880    i.HAL_GPIO_WritePin  stm32f4xx_hal_gpio.o
    0x0800264e   0x0800264e   0x00000002   PAD
    0x08002650   0x08002650   0x0000000c   Code   RO         4421    i.HAL_GetTick       stm32f4xx_hal.o
    0x0800265c   0x0800265c   0x000001ac   Code   RO         5189    i.HAL_I2C_Init      stm32f4xx_hal_i2c.o
    0x08002808   0x08002808   0x000000ac   Code   RO          675    i.HAL_I2C_MspInit   i2c.o
    0x080028b4   0x080028b4   0x00000010   Code   RO         4427    i.HAL_IncTick       stm32f4xx_hal.o
    0x080028c4   0x080028c4   0x00000034   Code   RO         4428    i.HAL_Init          stm32f4xx_hal.o
    0x080028f8   0x080028f8   0x00000098   Code   RO         1074    i.HAL_InitTick      stm32f4xx_hal_timebase_tim.o
    0x08002990   0x08002990   0x00000038   Code   RO         1050    i.HAL_MspInit       stm32f4xx_hal_msp.o
    0x080029c8   0x080029c8   0x0000001c   Code   RO         4268    i.HAL_NVIC_EnableIRQ  stm32f4xx_hal_cortex.o
    0x080029e4   0x080029e4   0x00000068   Code   RO         4274    i.HAL_NVIC_SetPriority  stm32f4xx_hal_cortex.o
    0x08002a4c   0x08002a4c   0x00000024   Code   RO         4275    i.HAL_NVIC_SetPriorityGrouping  stm32f4xx_hal_cortex.o
    0x08002a70   0x08002a70   0x00000002   Code   RO         3124    i.HAL_PCDEx_LPM_Callback  stm32f4xx_hal_pcd_ex.o
    0x08002a72   0x08002a72   0x00000008   Code   RO         3125    i.HAL_PCDEx_SetRxFiFo  stm32f4xx_hal_pcd_ex.o
    0x08002a7a   0x08002a7a   0x0000004a   Code   RO         3126    i.HAL_PCDEx_SetTxFiFo  stm32f4xx_hal_pcd_ex.o
    0x08002ac4   0x08002ac4   0x00000008   Code   RO         1602    i.HAL_PCD_ConnectCallback  usbd_conf.o
    0x08002acc   0x08002acc   0x00000012   Code   RO         1603    i.HAL_PCD_DataInStageCallback  usbd_conf.o
    0x08002ade   0x08002ade   0x00000014   Code   RO         1604    i.HAL_PCD_DataOutStageCallback  usbd_conf.o
    0x08002af2   0x08002af2   0x00000008   Code   RO         1605    i.HAL_PCD_DisconnectCallback  usbd_conf.o
    0x08002afa   0x08002afa   0x00000020   Code   RO         2889    i.HAL_PCD_EP_Abort  stm32f4xx_hal_pcd.o
    0x08002b1a   0x08002b1a   0x0000004a   Code   RO         2890    i.HAL_PCD_EP_Close  stm32f4xx_hal_pcd.o
    0x08002b64   0x08002b64   0x0000005c   Code   RO         2891    i.HAL_PCD_EP_ClrStall  stm32f4xx_hal_pcd.o
    0x08002bc0   0x08002bc0   0x00000060   Code   RO         2894    i.HAL_PCD_EP_Open   stm32f4xx_hal_pcd.o
    0x08002c20   0x08002c20   0x00000034   Code   RO         2895    i.HAL_PCD_EP_Receive  stm32f4xx_hal_pcd.o
    0x08002c54   0x08002c54   0x00000074   Code   RO         2896    i.HAL_PCD_EP_SetStall  stm32f4xx_hal_pcd.o
    0x08002cc8   0x08002cc8   0x00000032   Code   RO         2897    i.HAL_PCD_EP_Transmit  stm32f4xx_hal_pcd.o
    0x08002cfa   0x08002cfa   0x00000562   Code   RO         2899    i.HAL_PCD_IRQHandler  stm32f4xx_hal_pcd.o
    0x0800325c   0x0800325c   0x00000008   Code   RO         1606    i.HAL_PCD_ISOINIncompleteCallback  usbd_conf.o
    0x08003264   0x08003264   0x00000008   Code   RO         1607    i.HAL_PCD_ISOOUTIncompleteCallback  usbd_conf.o
    0x0800326c   0x0800326c   0x000000e6   Code   RO         2902    i.HAL_PCD_Init      stm32f4xx_hal_pcd.o
    0x08003352   0x08003352   0x00000002   PAD
    0x08003354   0x08003354   0x00000084   Code   RO         1609    i.HAL_PCD_MspInit   usbd_conf.o
    0x080033d8   0x080033d8   0x0000002e   Code   RO         1610    i.HAL_PCD_ResetCallback  usbd_conf.o
    0x08003406   0x08003406   0x00000008   Code   RO         1611    i.HAL_PCD_ResumeCallback  usbd_conf.o
    0x0800340e   0x0800340e   0x00000008   Code   RO         1612    i.HAL_PCD_SOFCallback  usbd_conf.o
    0x08003416   0x08003416   0x00000026   Code   RO         2908    i.HAL_PCD_SetAddress  stm32f4xx_hal_pcd.o
    0x0800343c   0x0800343c   0x0000000e   Code   RO         1613    i.HAL_PCD_SetupStageCallback  usbd_conf.o
    0x0800344a   0x0800344a   0x00000044   Code   RO         2911    i.HAL_PCD_Start     stm32f4xx_hal_pcd.o
    0x0800348e   0x0800348e   0x00000002   PAD
    0x08003490   0x08003490   0x00000030   Code   RO         1614    i.HAL_PCD_SuspendCallback  usbd_conf.o
    0x080034c0   0x080034c0   0x0000017c   Code   RO         3477    i.HAL_RCC_ClockConfig  stm32f4xx_hal_rcc.o
    0x0800363c   0x0800363c   0x0000003c   Code   RO         3481    i.HAL_RCC_GetClockConfig  stm32f4xx_hal_rcc.o
    0x08003678   0x08003678   0x0000000c   Code   RO         3482    i.HAL_RCC_GetHCLKFreq  stm32f4xx_hal_rcc.o
    0x08003684   0x08003684   0x00000020   Code   RO         3484    i.HAL_RCC_GetPCLK1Freq  stm32f4xx_hal_rcc.o
    0x080036a4   0x080036a4   0x00000020   Code   RO         3485    i.HAL_RCC_GetPCLK2Freq  stm32f4xx_hal_rcc.o
    0x080036c4   0x080036c4   0x00000070   Code   RO         3486    i.HAL_RCC_GetSysClockFreq  stm32f4xx_hal_rcc.o
    0x08003734   0x08003734   0x00000482   Code   RO         3489    i.HAL_RCC_OscConfig  stm32f4xx_hal_rcc.o
    0x08003bb6   0x08003bb6   0x000000be   Code   RO         5684    i.HAL_SPI_Init      stm32f4xx_hal_spi.o
    0x08003c74   0x08003c74   0x00000068   Code   RO          723    i.HAL_SPI_MspInit   spi.o
    0x08003cdc   0x08003cdc   0x00000002   Code   RO         2613    i.HAL_TIMEx_BreakCallback  stm32f4xx_hal_tim_ex.o
    0x08003cde   0x08003cde   0x00000002   Code   RO         2614    i.HAL_TIMEx_CommutCallback  stm32f4xx_hal_tim_ex.o
    0x08003ce0   0x08003ce0   0x00000066   Code   RO         2616    i.HAL_TIMEx_ConfigBreakDeadTime  stm32f4xx_hal_tim_ex.o
    0x08003d46   0x08003d46   0x00000082   Code   RO         2632    i.HAL_TIMEx_MasterConfigSynchronization  stm32f4xx_hal_tim_ex.o
    0x08003dc8   0x08003dc8   0x0000005c   Code   RO         1898    i.HAL_TIM_Base_Init  stm32f4xx_hal_tim.o
    0x08003e24   0x08003e24   0x00000002   Code   RO         1900    i.HAL_TIM_Base_MspInit  stm32f4xx_hal_tim.o
    0x08003e26   0x08003e26   0x00000072   Code   RO         1903    i.HAL_TIM_Base_Start_IT  stm32f4xx_hal_tim.o
    0x08003e98   0x08003e98   0x00000002   Code   RO         1932    i.HAL_TIM_IC_CaptureCallback  stm32f4xx_hal_tim.o
    0x08003e9a   0x08003e9a   0x0000015c   Code   RO         1946    i.HAL_TIM_IRQHandler  stm32f4xx_hal_tim.o
    0x08003ff6   0x08003ff6   0x00000002   PAD
    0x08003ff8   0x08003ff8   0x00000084   Code   RO          764    i.HAL_TIM_MspPostInit  tim.o
    0x0800407c   0x0800407c   0x00000052   Code   RO         1947    i.HAL_TIM_OC_ConfigChannel  stm32f4xx_hal_tim.o
    0x080040ce   0x080040ce   0x00000002   Code   RO         1949    i.HAL_TIM_OC_DelayElapsedCallback  stm32f4xx_hal_tim.o
    0x080040d0   0x080040d0   0x0000005c   Code   RO         1951    i.HAL_TIM_OC_Init   stm32f4xx_hal_tim.o
    0x0800412c   0x0800412c   0x00000028   Code   RO          766    i.HAL_TIM_OC_MspInit  tim.o
    0x08004154   0x08004154   0x000000d8   Code   RO         1970    i.HAL_TIM_PWM_ConfigChannel  stm32f4xx_hal_tim.o
    0x0800422c   0x0800422c   0x0000005c   Code   RO         1973    i.HAL_TIM_PWM_Init  stm32f4xx_hal_tim.o
    0x08004288   0x08004288   0x0000008c   Code   RO          768    i.HAL_TIM_PWM_MspInit  tim.o
    0x08004314   0x08004314   0x00000002   Code   RO         1976    i.HAL_TIM_PWM_PulseFinishedCallback  stm32f4xx_hal_tim.o
    0x08004316   0x08004316   0x00000002   PAD
    0x08004318   0x08004318   0x000000cc   Code   RO         1978    i.HAL_TIM_PWM_Start  stm32f4xx_hal_tim.o
    0x080043e4   0x080043e4   0x00000078   Code   RO         1981    i.HAL_TIM_PWM_Stop  stm32f4xx_hal_tim.o
    0x0800445c   0x0800445c   0x0000000e   Code   RO           14    i.HAL_TIM_PeriodElapsedCallback  main.o
    0x0800446a   0x0800446a   0x00000002   Code   RO         1989    i.HAL_TIM_TriggerCallback  stm32f4xx_hal_tim.o
    0x0800446c   0x0800446c   0x00000002   Code   RO         6007    i.HAL_UARTEx_RxEventCallback  stm32f4xx_hal_uart.o
    0x0800446e   0x0800446e   0x00000002   Code   RO         6021    i.HAL_UART_ErrorCallback  stm32f4xx_hal_uart.o
    0x08004470   0x08004470   0x00000280   Code   RO         6024    i.HAL_UART_IRQHandler  stm32f4xx_hal_uart.o
    0x080046f0   0x080046f0   0x00000066   Code   RO         6025    i.HAL_UART_Init     stm32f4xx_hal_uart.o
    0x08004756   0x08004756   0x00000002   PAD
    0x08004758   0x08004758   0x000002f4   Code   RO          831    i.HAL_UART_MspInit  usart.o
    0x08004a4c   0x08004a4c   0x00000002   Code   RO         6031    i.HAL_UART_RxCpltCallback  stm32f4xx_hal_uart.o
    0x08004a4e   0x08004a4e   0x00000002   Code   RO         6036    i.HAL_UART_TxCpltCallback  stm32f4xx_hal_uart.o
    0x08004a50   0x08004a50   0x00000002   Code   RO          902    i.HardFault_Handler  stm32f4xx_it.o
    0x08004a52   0x08004a52   0x0000003e   Code   RO         1471    i.IntToUnicode      usbd_desc.o
    0x08004a90   0x08004a90   0x00000014   Code   RO         1297    i.JTAG_IR           jtag_dp.o
    0x08004aa4   0x08004aa4   0x000000a8   Code   RO         1298    i.JTAG_IR_Fast      jtag_dp.o
    0x08004b4c   0x08004b4c   0x00000158   Code   RO         1299    i.JTAG_IR_Slow      jtag_dp.o
    0x08004ca4   0x08004ca4   0x000000e0   Code   RO         1300    i.JTAG_ReadIDCode   jtag_dp.o
    0x08004d84   0x08004d84   0x00000098   Code   RO         1301    i.JTAG_Sequence     jtag_dp.o
    0x08004e1c   0x08004e1c   0x00000014   Code   RO         1302    i.JTAG_Transfer     jtag_dp.o
    0x08004e30   0x08004e30   0x0000018c   Code   RO         1303    i.JTAG_TransferFast  jtag_dp.o
    0x08004fbc   0x08004fbc   0x000002e0   Code   RO         1304    i.JTAG_TransferSlow  jtag_dp.o
    0x0800529c   0x0800529c   0x00000178   Code   RO         1305    i.JTAG_WriteAbort   jtag_dp.o
    0x08005414   0x08005414   0x00000060   Code   RO          559    i.MX_ADC1_Init      adc.o
    0x08005474   0x08005474   0x00000060   Code   RO          560    i.MX_ADC2_Init      adc.o
    0x080054d4   0x080054d4   0x0000003c   Code   RO          607    i.MX_CAN1_Init      can.o
    0x08005510   0x08005510   0x0000008c   Code   RO          647    i.MX_DMA_Init       dma.o
    0x0800559c   0x0800559c   0x00000104   Code   RO          331    i.MX_GPIO_Init      gpio.o
    0x080056a0   0x080056a0   0x00000040   Code   RO          676    i.MX_I2C1_Init      i2c.o
    0x080056e0   0x080056e0   0x00000040   Code   RO          677    i.MX_I2C2_Init      i2c.o
    0x08005720   0x08005720   0x00000044   Code   RO          724    i.MX_SPI1_Init      spi.o
    0x08005764   0x08005764   0x000000a0   Code   RO          769    i.MX_TIM1_Init      tim.o
    0x08005804   0x08005804   0x0000006c   Code   RO          770    i.MX_TIM4_Init      tim.o
    0x08005870   0x08005870   0x00000038   Code   RO          832    i.MX_UART4_Init     usart.o
    0x080058a8   0x080058a8   0x00000038   Code   RO          833    i.MX_USART1_UART_Init  usart.o
    0x080058e0   0x080058e0   0x00000038   Code   RO          834    i.MX_USART2_UART_Init  usart.o
    0x08005918   0x08005918   0x00000038   Code   RO          835    i.MX_USART3_UART_Init  usart.o
    0x08005950   0x08005950   0x00000054   Code   RO         1439    i.MX_USB_DEVICE_Init  usb_device.o
    0x080059a4   0x080059a4   0x00000002   Code   RO          903    i.MemManage_Handler  stm32f4xx_it.o
    0x080059a6   0x080059a6   0x00000002   Code   RO          904    i.NMI_Handler       stm32f4xx_it.o
    0x080059a8   0x080059a8   0x0000000c   Code   RO          905    i.OTG_FS_IRQHandler  stm32f4xx_it.o
    0x080059b4   0x080059b4   0x00000048   Code   RO         2915    i.PCD_EP_OutSetupPacket_int  stm32f4xx_hal_pcd.o
    0x080059fc   0x080059fc   0x000000e8   Code   RO         2916    i.PCD_EP_OutXfrComplete_int  stm32f4xx_hal_pcd.o
    0x08005ae4   0x08005ae4   0x000000a2   Code   RO         2917    i.PCD_WriteEmptyTxFifo  stm32f4xx_hal_pcd.o
    0x08005b86   0x08005b86   0x00000002   PAD
    0x08005b88   0x08005b88   0x00000060   Code   RO         1165    i.PORT_JTAG_SETUP   dap.o
    0x08005be8   0x08005be8   0x000000a8   Code   RO         1372    i.SWD_Sequence      sw_dp.o
    0x08005c90   0x08005c90   0x00000014   Code   RO         1373    i.SWD_Transfer      sw_dp.o
    0x08005ca4   0x08005ca4   0x000002a4   Code   RO         1374    i.SWD_TransferFast  sw_dp.o
    0x08005f48   0x08005f48   0x00000428   Code   RO         1375    i.SWD_TransferSlow  sw_dp.o
    0x08006370   0x08006370   0x00000050   Code   RO         1376    i.SWJ_Sequence      sw_dp.o
    0x080063c0   0x080063c0   0x0000001a   Code   RO         7506    i.SysTick_Handler   cmsis_os2.o
    0x080063da   0x080063da   0x00000002   PAD
    0x080063dc   0x080063dc   0x00000094   Code   RO           15    i.SystemClock_Config  main.o
    0x08006470   0x08006470   0x00000010   Code   RO         1114    i.SystemInit        system_stm32f4xx.o
    0x08006480   0x08006480   0x0000000c   Code   RO          906    i.TIM2_IRQHandler   stm32f4xx_it.o
    0x0800648c   0x0800648c   0x0000000c   Code   RO          907    i.TIM4_IRQHandler   stm32f4xx_it.o
    0x08006498   0x08006498   0x000000c0   Code   RO         1991    i.TIM_Base_SetConfig  stm32f4xx_hal_tim.o
    0x08006558   0x08006558   0x0000001e   Code   RO         1992    i.TIM_CCxChannelCmd  stm32f4xx_hal_tim.o
    0x08006576   0x08006576   0x00000002   PAD
    0x08006578   0x08006578   0x00000070   Code   RO         2004    i.TIM_OC1_SetConfig  stm32f4xx_hal_tim.o
    0x080065e8   0x080065e8   0x00000078   Code   RO         2005    i.TIM_OC2_SetConfig  stm32f4xx_hal_tim.o
    0x08006660   0x08006660   0x00000078   Code   RO         2006    i.TIM_OC3_SetConfig  stm32f4xx_hal_tim.o
    0x080066d8   0x080066d8   0x00000054   Code   RO         2007    i.TIM_OC4_SetConfig  stm32f4xx_hal_tim.o
    0x0800672c   0x0800672c   0x0000000c   Code   RO          908    i.UART4_IRQHandler  stm32f4xx_it.o
    0x08006738   0x08006738   0x0000000e   Code   RO         6038    i.UART_DMAAbortOnError  stm32f4xx_hal_uart.o
    0x08006746   0x08006746   0x0000004e   Code   RO         6048    i.UART_EndRxTransfer  stm32f4xx_hal_uart.o
    0x08006794   0x08006794   0x0000001a   Code   RO         6049    i.UART_EndTransmit_IT  stm32f4xx_hal_uart.o
    0x080067ae   0x080067ae   0x000000ca   Code   RO         6051    i.UART_Receive_IT   stm32f4xx_hal_uart.o
    0x08006878   0x08006878   0x000000f8   Code   RO         6052    i.UART_SetConfig    stm32f4xx_hal_uart.o
    0x08006970   0x08006970   0x0000005e   Code   RO         6055    i.UART_Transmit_IT  stm32f4xx_hal_uart.o
    0x080069ce   0x080069ce   0x00000002   PAD
    0x080069d0   0x080069d0   0x0000000c   Code   RO          909    i.USART1_IRQHandler  stm32f4xx_it.o
    0x080069dc   0x080069dc   0x0000000c   Code   RO          910    i.USART2_IRQHandler  stm32f4xx_it.o
    0x080069e8   0x080069e8   0x0000000c   Code   RO          911    i.USART3_IRQHandler  stm32f4xx_it.o
    0x080069f4   0x080069f4   0x0000000a   Code   RO         8486    i.USBD_CUSTOM_HID_DataIn  usbd_customhid.o
    0x080069fe   0x080069fe   0x00000026   Code   RO         8487    i.USBD_CUSTOM_HID_DataOut  usbd_customhid.o
    0x08006a24   0x08006a24   0x00000080   Code   RO         8488    i.USBD_CUSTOM_HID_DeInit  usbd_customhid.o
    0x08006aa4   0x08006aa4   0x00000032   Code   RO         8489    i.USBD_CUSTOM_HID_EP0_RxReady  usbd_customhid.o
    0x08006ad6   0x08006ad6   0x00000002   PAD
    0x08006ad8   0x08006ad8   0x0000000c   Code   RO         8490    i.USBD_CUSTOM_HID_GetDeviceQualifierDesc  usbd_customhid.o
    0x08006ae4   0x08006ae4   0x00000034   Code   RO         8491    i.USBD_CUSTOM_HID_GetFSCfgDesc  usbd_customhid.o
    0x08006b18   0x08006b18   0x00000034   Code   RO         8492    i.USBD_CUSTOM_HID_GetHSCfgDesc  usbd_customhid.o
    0x08006b4c   0x08006b4c   0x00000034   Code   RO         8493    i.USBD_CUSTOM_HID_GetOtherSpeedCfgDesc  usbd_customhid.o
    0x08006b80   0x08006b80   0x000000f4   Code   RO         8494    i.USBD_CUSTOM_HID_Init  usbd_customhid.o
    0x08006c74   0x08006c74   0x00000018   Code   RO         8496    i.USBD_CUSTOM_HID_RegisterInterface  usbd_customhid.o
    0x08006c8c   0x08006c8c   0x0000004c   Code   RO         8497    i.USBD_CUSTOM_HID_SendReport  usbd_customhid.o
    0x08006cd8   0x08006cd8   0x00000164   Code   RO         8498    i.USBD_CUSTOM_HID_Setup  usbd_customhid.o
    0x08006e3c   0x08006e3c   0x00000014   Code   RO         8166    i.USBD_ClrClassConfig  usbd_core.o
    0x08006e50   0x08006e50   0x00000026   Code   RO         8328    i.USBD_ClrFeature   usbd_ctlreq.o
    0x08006e76   0x08006e76   0x00000004   Code   RO         8167    i.USBD_CoreFindEP   usbd_core.o
    0x08006e7a   0x08006e7a   0x00000004   Code   RO         8168    i.USBD_CoreFindIF   usbd_core.o
    0x08006e7e   0x08006e7e   0x00000010   Code   RO         8426    i.USBD_CtlContinueRx  usbd_ioreq.o
    0x08006e8e   0x08006e8e   0x00000010   Code   RO         8427    i.USBD_CtlContinueSendData  usbd_ioreq.o
    0x08006e9e   0x08006e9e   0x00000018   Code   RO         8329    i.USBD_CtlError     usbd_ctlreq.o
    0x08006eb6   0x08006eb6   0x00000022   Code   RO         8428    i.USBD_CtlPrepareRx  usbd_ioreq.o
    0x08006ed8   0x08006ed8   0x00000016   Code   RO         8429    i.USBD_CtlReceiveStatus  usbd_ioreq.o
    0x08006eee   0x08006eee   0x0000001c   Code   RO         8430    i.USBD_CtlSendData  usbd_ioreq.o
    0x08006f0a   0x08006f0a   0x00000016   Code   RO         8431    i.USBD_CtlSendStatus  usbd_ioreq.o
    0x08006f20   0x08006f20   0x00000038   Code   RO         1472    i.USBD_FS_ConfigStrDescriptor  usbd_desc.o
    0x08006f58   0x08006f58   0x0000000c   Code   RO         1473    i.USBD_FS_DeviceDescriptor  usbd_desc.o
    0x08006f64   0x08006f64   0x0000003c   Code   RO         1474    i.USBD_FS_InterfaceStrDescriptor  usbd_desc.o
    0x08006fa0   0x08006fa0   0x0000000c   Code   RO         1475    i.USBD_FS_LangIDStrDescriptor  usbd_desc.o
    0x08006fac   0x08006fac   0x00000020   Code   RO         1476    i.USBD_FS_ManufacturerStrDescriptor  usbd_desc.o
    0x08006fcc   0x08006fcc   0x00000038   Code   RO         1477    i.USBD_FS_ProductStrDescriptor  usbd_desc.o
    0x08007004   0x08007004   0x00000014   Code   RO         1478    i.USBD_FS_SerialStrDescriptor  usbd_desc.o
    0x08007018   0x08007018   0x00000034   Code   RO         8330    i.USBD_GetConfig    usbd_ctlreq.o
    0x0800704c   0x0800704c   0x000001b4   Code   RO         8331    i.USBD_GetDescriptor  usbd_ctlreq.o
    0x08007200   0x08007200   0x0000003c   Code   RO         8170    i.USBD_GetEpDesc    usbd_core.o
    0x0800723c   0x0800723c   0x00000018   Code   RO         8332    i.USBD_GetLen       usbd_ctlreq.o
    0x08007254   0x08007254   0x0000000e   Code   RO         8171    i.USBD_GetNextDesc  usbd_core.o
    0x08007262   0x08007262   0x00000036   Code   RO         8333    i.USBD_GetStatus    usbd_ctlreq.o
    0x08007298   0x08007298   0x00000056   Code   RO         8334    i.USBD_GetString    usbd_ctlreq.o
    0x080072ee   0x080072ee   0x00000024   Code   RO         1615    i.USBD_Get_USB_Status  usbd_conf.o
    0x08007312   0x08007312   0x00000002   PAD
    0x08007314   0x08007314   0x00000058   Code   RO           16    i.USBD_HID0_GetReport  main.o
    0x0800736c   0x0800736c   0x00000020   Code   RO           17    i.USBD_HID0_Initialize  main.o
    0x0800738c   0x0800738c   0x0000005c   Code   RO           18    i.USBD_HID0_SetReport  main.o
    0x080073e8   0x080073e8   0x0000002c   Code   RO           19    i.USBD_InEvent      main.o
    0x08007414   0x08007414   0x00000028   Code   RO         8172    i.USBD_Init         usbd_core.o
    0x0800743c   0x0800743c   0x00000012   Code   RO         1616    i.USBD_LL_ClearStallEP  usbd_conf.o
    0x0800744e   0x0800744e   0x00000012   Code   RO         1617    i.USBD_LL_CloseEP   usbd_conf.o
    0x08007460   0x08007460   0x000000e2   Code   RO         8173    i.USBD_LL_DataInStage  usbd_core.o
    0x08007542   0x08007542   0x000000d0   Code   RO         8174    i.USBD_LL_DataOutStage  usbd_core.o
    0x08007612   0x08007612   0x00000004   Code   RO         8175    i.USBD_LL_DevConnected  usbd_core.o
    0x08007616   0x08007616   0x00000020   Code   RO         8176    i.USBD_LL_DevDisconnected  usbd_core.o
    0x08007636   0x08007636   0x00000002   PAD
    0x08007638   0x08007638   0x00000060   Code   RO         1622    i.USBD_LL_Init      usbd_conf.o
    0x08007698   0x08007698   0x00000020   Code   RO         1623    i.USBD_LL_IsStallEP  usbd_conf.o
    0x080076b8   0x080076b8   0x0000002a   Code   RO         8177    i.USBD_LL_IsoINIncomplete  usbd_core.o
    0x080076e2   0x080076e2   0x0000002a   Code   RO         8178    i.USBD_LL_IsoOUTIncomplete  usbd_core.o
    0x0800770c   0x0800770c   0x00000018   Code   RO         1624    i.USBD_LL_OpenEP    usbd_conf.o
    0x08007724   0x08007724   0x00000012   Code   RO         1625    i.USBD_LL_PrepareReceive  usbd_conf.o
    0x08007736   0x08007736   0x00000062   Code   RO         8179    i.USBD_LL_Reset     usbd_core.o
    0x08007798   0x08007798   0x00000014   Code   RO         8180    i.USBD_LL_Resume    usbd_core.o
    0x080077ac   0x080077ac   0x0000001a   Code   RO         8181    i.USBD_LL_SOF       usbd_core.o
    0x080077c6   0x080077c6   0x00000006   Code   RO         8182    i.USBD_LL_SetSpeed  usbd_core.o
    0x080077cc   0x080077cc   0x00000012   Code   RO         1626    i.USBD_LL_SetUSBAddress  usbd_conf.o
    0x080077de   0x080077de   0x00000064   Code   RO         8183    i.USBD_LL_SetupStage  usbd_core.o
    0x08007842   0x08007842   0x00000012   Code   RO         1627    i.USBD_LL_StallEP   usbd_conf.o
    0x08007854   0x08007854   0x00000012   Code   RO         1628    i.USBD_LL_Start     usbd_conf.o
    0x08007866   0x08007866   0x0000001a   Code   RO         8184    i.USBD_LL_Suspend   usbd_core.o
    0x08007880   0x08007880   0x00000012   Code   RO         1630    i.USBD_LL_Transmit  usbd_conf.o
    0x08007892   0x08007892   0x00000002   PAD
    0x08007894   0x08007894   0x0000001c   Code   RO           20    i.USBD_OutEvent     main.o
    0x080078b0   0x080078b0   0x00000032   Code   RO         8335    i.USBD_ParseSetupRequest  usbd_ctlreq.o
    0x080078e2   0x080078e2   0x0000003a   Code   RO         8185    i.USBD_RegisterClass  usbd_core.o
    0x0800791c   0x0800791c   0x00000004   Code   RO         8186    i.USBD_RunTestMode  usbd_core.o
    0x08007920   0x08007920   0x00000058   Code   RO         8336    i.USBD_SetAddress   usbd_ctlreq.o
    0x08007978   0x08007978   0x00000014   Code   RO         8187    i.USBD_SetClassConfig  usbd_core.o
    0x0800798c   0x0800798c   0x000000dc   Code   RO         8337    i.USBD_SetConfig    usbd_ctlreq.o
    0x08007a68   0x08007a68   0x00000024   Code   RO         8338    i.USBD_SetFeature   usbd_ctlreq.o
    0x08007a8c   0x08007a8c   0x00000004   Code   RO         8188    i.USBD_Start        usbd_core.o
    0x08007a90   0x08007a90   0x00000076   Code   RO         8339    i.USBD_StdDevReq    usbd_ctlreq.o
    0x08007b06   0x08007b06   0x00000234   Code   RO         8340    i.USBD_StdEPReq     usbd_ctlreq.o
    0x08007d3a   0x08007d3a   0x0000008a   Code   RO         8341    i.USBD_StdItfReq    usbd_ctlreq.o
    0x08007dc4   0x08007dc4   0x00000002   Code   RO         1631    i.USBD_static_free  usbd_conf.o
    0x08007dc6   0x08007dc6   0x00000002   PAD
    0x08007dc8   0x08007dc8   0x00000008   Code   RO         1632    i.USBD_static_malloc  usbd_conf.o
    0x08007dd0   0x08007dd0   0x0000009c   Code   RO         3166    i.USB_ActivateEndpoint  stm32f4xx_ll_usb.o
    0x08007e6c   0x08007e6c   0x0000001c   Code   RO         3168    i.USB_ActivateSetup  stm32f4xx_ll_usb.o
    0x08007e88   0x08007e88   0x00000086   Code   RO         3170    i.USB_CoreInit      stm32f4xx_ll_usb.o
    0x08007f0e   0x08007f0e   0x0000005c   Code   RO         3171    i.USB_CoreReset     stm32f4xx_ll_usb.o
    0x08007f6a   0x08007f6a   0x00000002   PAD
    0x08007f6c   0x08007f6c   0x000000dc   Code   RO         3174    i.USB_DeactivateEndpoint  stm32f4xx_ll_usb.o
    0x08008048   0x08008048   0x0000001c   Code   RO         3175    i.USB_DevConnect    stm32f4xx_ll_usb.o
    0x08008064   0x08008064   0x0000001c   Code   RO         3176    i.USB_DevDisconnect  stm32f4xx_ll_usb.o
    0x08008080   0x08008080   0x00000178   Code   RO         3177    i.USB_DevInit       stm32f4xx_ll_usb.o
    0x080081f8   0x080081f8   0x0000000c   Code   RO         3178    i.USB_DisableGlobalInt  stm32f4xx_ll_usb.o
    0x08008204   0x08008204   0x00000060   Code   RO         3181    i.USB_EP0_OutStart  stm32f4xx_ll_usb.o
    0x08008264   0x08008264   0x00000058   Code   RO         3182    i.USB_EPClearStall  stm32f4xx_ll_usb.o
    0x080082bc   0x080082bc   0x0000005e   Code   RO         3183    i.USB_EPSetStall    stm32f4xx_ll_usb.o
    0x0800831a   0x0800831a   0x0000028c   Code   RO         3184    i.USB_EPStartXfer   stm32f4xx_ll_usb.o
    0x080085a6   0x080085a6   0x000000b4   Code   RO         3185    i.USB_EPStopXfer    stm32f4xx_ll_usb.o
    0x0800865a   0x0800865a   0x0000000c   Code   RO         3186    i.USB_EnableGlobalInt  stm32f4xx_ll_usb.o
    0x08008666   0x08008666   0x0000004a   Code   RO         3187    i.USB_FlushRxFifo   stm32f4xx_ll_usb.o
    0x080086b0   0x080086b0   0x0000004e   Code   RO         3188    i.USB_FlushTxFifo   stm32f4xx_ll_usb.o
    0x080086fe   0x080086fe   0x00000020   Code   RO         3190    i.USB_GetDevSpeed   stm32f4xx_ll_usb.o
    0x0800871e   0x0800871e   0x00000008   Code   RO         3192    i.USB_GetMode       stm32f4xx_ll_usb.o
    0x08008726   0x08008726   0x0000000e   Code   RO         3200    i.USB_ReadDevAllInEpInterrupt  stm32f4xx_ll_usb.o
    0x08008734   0x08008734   0x0000000e   Code   RO         3201    i.USB_ReadDevAllOutEpInterrupt  stm32f4xx_ll_usb.o
    0x08008742   0x08008742   0x00000024   Code   RO         3202    i.USB_ReadDevInEPInterrupt  stm32f4xx_ll_usb.o
    0x08008766   0x08008766   0x00000010   Code   RO         3203    i.USB_ReadDevOutEPInterrupt  stm32f4xx_ll_usb.o
    0x08008776   0x08008776   0x00000008   Code   RO         3204    i.USB_ReadInterrupts  stm32f4xx_ll_usb.o
    0x0800877e   0x0800877e   0x00000048   Code   RO         3205    i.USB_ReadPacket    stm32f4xx_ll_usb.o
    0x080087c6   0x080087c6   0x00000060   Code   RO         3207    i.USB_SetCurrentMode  stm32f4xx_ll_usb.o
    0x08008826   0x08008826   0x00000022   Code   RO         3208    i.USB_SetDevAddress  stm32f4xx_ll_usb.o
    0x08008848   0x08008848   0x0000000e   Code   RO         3209    i.USB_SetDevSpeed   stm32f4xx_ll_usb.o
    0x08008856   0x08008856   0x00000002   PAD
    0x08008858   0x08008858   0x000000f4   Code   RO         3210    i.USB_SetTurnaroundTime  stm32f4xx_ll_usb.o
    0x0800894c   0x0800894c   0x00000034   Code   RO         3213    i.USB_WritePacket   stm32f4xx_ll_usb.o
    0x08008980   0x08008980   0x00000002   Code   RO          912    i.UsageFault_Handler  stm32f4xx_it.o
    0x08008982   0x08008982   0x0000001a   Code   RO         1810    i.WS2812C_ClearAll  ws2812c.o
    0x0800899c   0x0800899c   0x00000018   Code   RO         1811    i.WS2812C_Init      ws2812c.o
    0x080089b4   0x080089b4   0x00000020   Code   RO         1813    i.WS2812C_SetAllColor  ws2812c.o
    0x080089d4   0x080089d4   0x0000001c   Code   RO         1814    i.WS2812C_SetSingleColor  ws2812c.o
    0x080089f0   0x080089f0   0x000000d8   Code   RO         1815    i.WS2812C_Update    ws2812c.o
    0x08008ac8   0x08008ac8   0x00000144   Code   RO           21    i.main              main.o
    0x08008c0c   0x08008c0c   0x00000024   Code   RO         6951    i.prvResetNextTaskUnblockTime  tasks.o
    0x08008c30   0x08008c30   0x00000026   Code   RO         6496    i.uxListRemove      list.o
    0x08008c56   0x08008c56   0x00000018   Code   RO         6500    i.vListInsertEnd    list.o
    0x08008c6e   0x08008c6e   0x00000002   PAD
    0x08008c70   0x08008c70   0x0000006c   Code   RO         6984    i.vTaskSwitchContext  tasks.o
    0x08008cdc   0x08008cdc   0x0000002c   Code   RO         8095    i.xPortSysTickHandler  port.o
    0x08008d08   0x08008d08   0x0000001c   Code   RO         6992    i.xTaskGetSchedulerState  tasks.o
    0x08008d24   0x08008d24   0x000000cc   Code   RO         6995    i.xTaskIncrementTick  tasks.o
    0x08008df0   0x08008df0   0x0000000a   Code   RO         8703    x$fpl$fpinit        fz_wm.l(fpinit.o)
    0x08008dfa   0x08008dfa   0x00000010   Data   RO         1115    .constdata          system_stm32f4xx.o
    0x08008e0a   0x08008e0a   0x00000008   Data   RO         1116    .constdata          system_stm32f4xx.o
    0x08008e12   0x08008e12   0x00000006   Data   RO         1167    .constdata          dap.o
    0x08008e18   0x08008e18   0x00000008   Data   RO         3995    .constdata          stm32f4xx_hal_dma.o
    0x08008e20   0x08008e20   0x00000020   Data   RO         8758    Region$$Table       anon$$obj.o


    Execution Region RW_IRAM1 (Exec base: 0x20000000, Load base: 0x08008e40, Size: 0x00001eb8, Max: 0x0001c000, ABSOLUTE, COMPRESSED[0x000000bc])

    Exec Addr    Load Addr    Size         Type   Attr      Idx    E Section Name        Object

    0x20000000   COMPRESSED   0x00000012   Data   RW           23    .data               main.o
    0x20000012   COMPRESSED   0x00000002   PAD
    0x20000014   COMPRESSED   0x00000004   Data   RW         1117    .data               system_stm32f4xx.o
    0x20000018   COMPRESSED   0x00000001   Data   RW         1168    .data               dap.o
    0x20000019   COMPRESSED   0x00000003   PAD
    0x2000001c   COMPRESSED   0x0000001c   Data   RW         1480    .data               usbd_desc.o
    0x20000038   COMPRESSED   0x00000032   Data   RW         1481    .data               usbd_desc.o
    0x2000006a   COMPRESSED   0x00000002   PAD
    0x2000006c   COMPRESSED   0x00000020   Data   RW         1564    .data               usbd_custom_hid_if.o
    0x2000008c   COMPRESSED   0x00000010   Data   RW         1565    .data               usbd_custom_hid_if.o
    0x2000009c   COMPRESSED   0x0000000c   Data   RW         4435    .data               stm32f4xx_hal.o
    0x200000a8   COMPRESSED   0x0000003c   Data   RW         7004    .data               tasks.o
    0x200000e4   COMPRESSED   0x00000001   Data   RW         8342    .data               usbd_ctlreq.o
    0x200000e5   COMPRESSED   0x00000003   PAD
    0x200000e8   COMPRESSED   0x00000038   Data   RW         8499    .data               usbd_customhid.o
    0x20000120   COMPRESSED   0x00000046   Data   RW         8500    .data               usbd_customhid.o
    0x20000166   COMPRESSED   0x00000002   PAD
    0x20000168        -       0x00000200   Zero   RW           22    .bss                main.o
    0x20000368        -       0x00000090   Zero   RW          561    .bss                adc.o
    0x200003f8        -       0x00000028   Zero   RW          608    .bss                can.o
    0x20000420        -       0x000000a8   Zero   RW          678    .bss                i2c.o
    0x200004c8        -       0x00000058   Zero   RW          725    .bss                spi.o
    0x20000520        -       0x000000f0   Zero   RW          771    .bss                tim.o
    0x20000610        -       0x00000360   Zero   RW          836    .bss                usart.o
    0x20000970        -       0x00000048   Zero   RW         1077    .bss                stm32f4xx_hal_timebase_tim.o
    0x200009b8        -       0x00000044   Zero   RW         1166    .bss                dap.o
    0x200009fc        -       0x000002dc   Zero   RW         1440    .bss                usb_device.o
    0x20000cd8        -       0x00000018   Zero   RW         1479    .bss                usbd_desc.o
    0x20000cf0        -       0x0000053c   Zero   RW         1633    .bss                usbd_conf.o
    0x2000122c        -       0x00000166   Zero   RW         1816    .bss                ws2812c.o
    0x20001392   COMPRESSED   0x00000002   PAD
    0x20001394        -       0x000004c4   Zero   RW         7003    .bss                tasks.o
    0x20001858        -       0x00000060   Zero   RW         8633    .bss                c_w.l(libspace.o)
    0x200018b8        -       0x00000200   Zero   RW            2    HEAP                startup_stm32f407xx.o
    0x20001ab8        -       0x00000400   Zero   RW            1    STACK               startup_stm32f407xx.o


    Execution Region RW_IRAM2 (Exec base: 0x2001c000, Load base: 0x08008efc, Size: 0x00000000, Max: 0x00004000, ABSOLUTE)

    **** No section assigned to this execution region ****


==============================================================================

Image component sizes


      Code (inc. data)   RO Data    RW Data    ZI Data      Debug   Object Name

       348         48          0          0        144       2394   adc.o
       212         22          0          0         40       1693   can.o
        26          0          0          0          0        622   cmsis_os2.o
      4258        166          6          1         68      22215   dap.o
        12          0          0          0          0        851   dap_vendor.o
       140          4          0          0          0        834   dma.o
         0          0          0          0          0      15396   event_groups.o
         0          0          0          0          0       7060   freertos.o
       260         16          0          0          0     735691   gpio.o
       300         46          0          0        168       2354   i2c.o
      2436         84          0          0          0      27463   jtag_dp.o
        62          0          0          0          0       1720   list.o
       774         70          0         18        512     700645   main.o
       234         22          0          0          0       3702   port.o
       172         20          0          0         88       1673   spi.o
        64         26        392          0       1536        848   startup_stm32f407xx.o
       120         20          0         12          0       8742   stm32f4xx_hal.o
       762         22          0          0          0       2851   stm32f4xx_hal_adc.o
       950          0          0          0          0      10303   stm32f4xx_hal_can.o
       168         12          0          0          0      32734   stm32f4xx_hal_cortex.o
      1272         18          8          0          0       7490   stm32f4xx_hal_dma.o
       542         18          0          0          0       2376   stm32f4xx_hal_gpio.o
       428         18          0          0          0       2195   stm32f4xx_hal_i2c.o
        56          4          0          0          0        878   stm32f4xx_hal_msp.o
      2692         12          0          0          0      13512   stm32f4xx_hal_pcd.o
        84          0          0          0          0       2529   stm32f4xx_hal_pcd_ex.o
      1782        112          0          0          0       7209   stm32f4xx_hal_rcc.o
       190          0          0          0          0       1227   stm32f4xx_hal_spi.o
      2028         56          0          0          0      15373   stm32f4xx_hal_tim.o
       236          0          0          0          0       3449   stm32f4xx_hal_tim_ex.o
       152         18          0          0         72       1447   stm32f4xx_hal_timebase_tim.o
      1412          8          0          0          0       9628   stm32f4xx_hal_uart.o
       216        102          0          0          0      10947   stm32f4xx_it.o
      2988         86          0          0          0      24028   stm32f4xx_ll_usb.o
      2008         50          0          0          0      16205   sw_dp.o
        16          4         24          4          0       1139   system_stm32f4xx.o
       376         26          0         60       1220      10210   tasks.o
       580         64          0          0        240       3739   tim.o
       980         76          0          0        864       4371   usart.o
        84         18          0          0        732        812   usb_device.o
       650         28          0          0       1340      16248   usbd_conf.o
      1058          0          0          0          0      16097   usbd_core.o
      1928         28          0          1          0      17888   usbd_ctlreq.o
        18          0          0         48          0       2188   usbd_custom_hid_if.o
      1094         52          0        126          0      12131   usbd_customhid.o
       366        114          0         78         24       6881   usbd_desc.o
       138          0          0          0          0       4540   usbd_ioreq.o
       326         28          0          0        358       4046   ws2812c.o

    ----------------------------------------------------------------------
     35048       1518        462        360       7408    1798574   Object Totals
         0          0         32          0          0          0   (incl. Generated)
        50          0          0         12          2          0   (incl. Padding)

    ----------------------------------------------------------------------

      Code (inc. data)   RO Data    RW Data    ZI Data      Debug   Library Member Name

        90          0          0          0          0          0   __dczerorl2.o
         8          0          0          0          0         68   __main.o
         0          0          0          0          0          0   __rtentry.o
        12          0          0          0          0          0   __rtentry2.o
         6          0          0          0          0          0   __rtentry4.o
        52          8          0          0          0          0   __scatter.o
        28          0          0          0          0          0   __scatter_zi.o
        12          0          0          0          0         72   exit.o
         6          0          0          0          0        152   heapauxi.o
         0          0          0          0          0          0   indicate_semi.o
         2          0          0          0          0          0   libinit.o
         6          0          0          0          0          0   libinit2.o
         2          0          0          0          0          0   libshutdown.o
         2          0          0          0          0          0   libshutdown2.o
         8          4          0          0         96         68   libspace.o
       238          0          0          0          0        100   lludivv7m.o
        78          0          0          0          0         80   rt_memclr_w.o
       138          0          0          0          0         68   rt_memcpy_v6.o
       100          0          0          0          0         80   rt_memcpy_w.o
         2          0          0          0          0          0   rtexit.o
        10          0          0          0          0          0   rtexit2.o
        12          4          0          0          0         68   sys_exit.o
        74          0          0          0          0         80   sys_stackheap_outer.o
         2          0          0          0          0         68   use_no_semi.o
        10          0          0          0          0        116   fpinit.o

    ----------------------------------------------------------------------
       906         16          0          0         96       1020   Library Totals
         8          0          0          0          0          0   (incl. Padding)

    ----------------------------------------------------------------------

      Code (inc. data)   RO Data    RW Data    ZI Data      Debug   Library Name

       888         16          0          0         96        904   c_w.l
        10          0          0          0          0        116   fz_wm.l

    ----------------------------------------------------------------------
       906         16          0          0         96       1020   Library Totals

    ----------------------------------------------------------------------

==============================================================================


      Code (inc. data)   RO Data    RW Data    ZI Data      Debug   

     35954       1534        462        360       7504    1768430   Grand Totals
     35954       1534        462        188       7504    1768430   ELF Image Totals (compressed)
     35954       1534        462        188          0          0   ROM Totals

==============================================================================

    Total RO  Size (Code + RO Data)                36416 (  35.56kB)
    Total RW  Size (RW Data + ZI Data)              7864 (   7.68kB)
    Total ROM Size (Code + RO Data + RW Data)      36604 (  35.75kB)

==============================================================================

