Archive member included to satisfy reference by file (symbol)

F:/vscode/openstm32/Arm GNU Toolchain arm-none-eabi/14.3 rel1/bin/../lib/gcc/arm-none-eabi/14.3.1/../../../../arm-none-eabi/lib/thumb/v7e-m+fp/hard\libc_nano.a(libc_a-exit.o)
                              F:/vscode/openstm32/Arm GNU Toolchain arm-none-eabi/14.3 rel1/bin/../lib/gcc/arm-none-eabi/14.3.1/../../../../arm-none-eabi/lib/thumb/v7e-m+fp/hard/crt0.o (exit)
F:/vscode/openstm32/Arm GNU Toolchain arm-none-eabi/14.3 rel1/bin/../lib/gcc/arm-none-eabi/14.3.1/../../../../arm-none-eabi/lib/thumb/v7e-m+fp/hard\libc_nano.a(libc_a-findfp.o)
                              F:/vscode/openstm32/Arm GNU Toolchain arm-none-eabi/14.3 rel1/bin/../lib/gcc/arm-none-eabi/14.3.1/../../../../arm-none-eabi/lib/thumb/v7e-m+fp/hard\libc_nano.a(libc_a-exit.o) (__stdio_exit_handler)
F:/vscode/openstm32/Arm GNU Toolchain arm-none-eabi/14.3 rel1/bin/../lib/gcc/arm-none-eabi/14.3.1/../../../../arm-none-eabi/lib/thumb/v7e-m+fp/hard\libc_nano.a(libc_a-fwalk.o)
                              F:/vscode/openstm32/Arm GNU Toolchain arm-none-eabi/14.3 rel1/bin/../lib/gcc/arm-none-eabi/14.3.1/../../../../arm-none-eabi/lib/thumb/v7e-m+fp/hard\libc_nano.a(libc_a-findfp.o) (_fwalk_sglue)
F:/vscode/openstm32/Arm GNU Toolchain arm-none-eabi/14.3 rel1/bin/../lib/gcc/arm-none-eabi/14.3.1/../../../../arm-none-eabi/lib/thumb/v7e-m+fp/hard\libc_nano.a(libc_a-stdio.o)
                              F:/vscode/openstm32/Arm GNU Toolchain arm-none-eabi/14.3 rel1/bin/../lib/gcc/arm-none-eabi/14.3.1/../../../../arm-none-eabi/lib/thumb/v7e-m+fp/hard\libc_nano.a(libc_a-findfp.o) (__sread)
F:/vscode/openstm32/Arm GNU Toolchain arm-none-eabi/14.3 rel1/bin/../lib/gcc/arm-none-eabi/14.3.1/../../../../arm-none-eabi/lib/thumb/v7e-m+fp/hard\libc_nano.a(libc_a-memset.o)
                              F:/vscode/openstm32/Arm GNU Toolchain arm-none-eabi/14.3 rel1/bin/../lib/gcc/arm-none-eabi/14.3.1/../../../../arm-none-eabi/lib/thumb/v7e-m+fp/hard/crt0.o (memset)
F:/vscode/openstm32/Arm GNU Toolchain arm-none-eabi/14.3 rel1/bin/../lib/gcc/arm-none-eabi/14.3.1/../../../../arm-none-eabi/lib/thumb/v7e-m+fp/hard\libc_nano.a(libc_a-closer.o)
                              F:/vscode/openstm32/Arm GNU Toolchain arm-none-eabi/14.3 rel1/bin/../lib/gcc/arm-none-eabi/14.3.1/../../../../arm-none-eabi/lib/thumb/v7e-m+fp/hard\libc_nano.a(libc_a-stdio.o) (_close_r)
F:/vscode/openstm32/Arm GNU Toolchain arm-none-eabi/14.3 rel1/bin/../lib/gcc/arm-none-eabi/14.3.1/../../../../arm-none-eabi/lib/thumb/v7e-m+fp/hard\libc_nano.a(libc_a-reent.o)
                              F:/vscode/openstm32/Arm GNU Toolchain arm-none-eabi/14.3 rel1/bin/../lib/gcc/arm-none-eabi/14.3.1/../../../../arm-none-eabi/lib/thumb/v7e-m+fp/hard\libc_nano.a(libc_a-closer.o) (errno)
F:/vscode/openstm32/Arm GNU Toolchain arm-none-eabi/14.3 rel1/bin/../lib/gcc/arm-none-eabi/14.3.1/../../../../arm-none-eabi/lib/thumb/v7e-m+fp/hard\libc_nano.a(libc_a-impure.o)
                              F:/vscode/openstm32/Arm GNU Toolchain arm-none-eabi/14.3 rel1/bin/../lib/gcc/arm-none-eabi/14.3.1/../../../../arm-none-eabi/lib/thumb/v7e-m+fp/hard\libc_nano.a(libc_a-reent.o) (_impure_ptr)
F:/vscode/openstm32/Arm GNU Toolchain arm-none-eabi/14.3 rel1/bin/../lib/gcc/arm-none-eabi/14.3.1/../../../../arm-none-eabi/lib/thumb/v7e-m+fp/hard\libc_nano.a(libc_a-lseekr.o)
                              F:/vscode/openstm32/Arm GNU Toolchain arm-none-eabi/14.3 rel1/bin/../lib/gcc/arm-none-eabi/14.3.1/../../../../arm-none-eabi/lib/thumb/v7e-m+fp/hard\libc_nano.a(libc_a-stdio.o) (_lseek_r)
F:/vscode/openstm32/Arm GNU Toolchain arm-none-eabi/14.3 rel1/bin/../lib/gcc/arm-none-eabi/14.3.1/../../../../arm-none-eabi/lib/thumb/v7e-m+fp/hard\libc_nano.a(libc_a-readr.o)
                              F:/vscode/openstm32/Arm GNU Toolchain arm-none-eabi/14.3 rel1/bin/../lib/gcc/arm-none-eabi/14.3.1/../../../../arm-none-eabi/lib/thumb/v7e-m+fp/hard\libc_nano.a(libc_a-stdio.o) (_read_r)
F:/vscode/openstm32/Arm GNU Toolchain arm-none-eabi/14.3 rel1/bin/../lib/gcc/arm-none-eabi/14.3.1/../../../../arm-none-eabi/lib/thumb/v7e-m+fp/hard\libc_nano.a(libc_a-writer.o)
                              F:/vscode/openstm32/Arm GNU Toolchain arm-none-eabi/14.3 rel1/bin/../lib/gcc/arm-none-eabi/14.3.1/../../../../arm-none-eabi/lib/thumb/v7e-m+fp/hard\libc_nano.a(libc_a-stdio.o) (_write_r)
F:/vscode/openstm32/Arm GNU Toolchain arm-none-eabi/14.3 rel1/bin/../lib/gcc/arm-none-eabi/14.3.1/../../../../arm-none-eabi/lib/thumb/v7e-m+fp/hard\libc_nano.a(libc_a-init.o)
                              F:/vscode/openstm32/Arm GNU Toolchain arm-none-eabi/14.3 rel1/bin/../lib/gcc/arm-none-eabi/14.3.1/../../../../arm-none-eabi/lib/thumb/v7e-m+fp/hard/crt0.o (__libc_init_array)
F:/vscode/openstm32/Arm GNU Toolchain arm-none-eabi/14.3 rel1/bin/../lib/gcc/arm-none-eabi/14.3.1/../../../../arm-none-eabi/lib/thumb/v7e-m+fp/hard\libc_nano.a(libc_a-lock.o)
[...]
Memory Configuration

Name             Origin             Length             Attributes
FLASH            0x08000000         0x00010000         xr
RAM              0x20000000         0x00020000         xrw
*default*        0x00000000         0xffffffff

Linker script and memory map

LOAD F:/vscode/openstm32/Arm GNU Toolchain arm-none-eabi/14.3 rel1/bin/../lib/gcc/arm-none-eabi/14.3.1/thumb/v7e-m+fp/hard/crti.o
LOAD F:/vscode/openstm32/Arm GNU Toolchain arm-none-eabi/14.3 rel1/bin/../lib/gcc/arm-none-eabi/14.3.1/thumb/v7e-m+fp/hard/crtbegin.o
LOAD F:/vscode/openstm32/Arm GNU Toolchain arm-none-eabi/14.3 rel1/bin/../lib/gcc/arm-none-eabi/14.3.1/../../../../arm-none-eabi/lib/thumb/v7e-m+fp/hard/crt0.o
LOAD F:/vscode/openstm32/Arm GNU Toolchain arm-none-eabi/14.3 rel1/bin/../lib/gcc/arm-none-eabi/14.3.1/../../../../arm-none-eabi/lib/thumb/v7e-m+fp/hard\libc_nano.a
LOAD F:/vscode/openstm32/Arm GNU Toolchain arm-none-eabi/14.3 rel1/bin/../lib/gcc/arm-none-eabi/14.3.1/../../../../arm-none-eabi/lib/thumb/v7e-m+fp/hard\libm.a
LOAD F:/vscode/openstm32/Arm GNU Toolchain arm-none-eabi/14.3 rel1/bin/../lib/gcc/arm-none-eabi/14.3.1/../../../../arm-none-eabi/lib/thumb/v7e-m+fp/hard\libnosys.a
LOAD CMakeFiles/EHUB_bootloader.dir/startup_stm32f407xx_gcc.s.obj
LOAD CMakeFiles/EHUB_bootloader.dir/bootloader/Src/main.c.obj
LOAD CMakeFiles/EHUB_bootloader.dir/boot/Src/ehub_boot.c.obj
LOAD CMakeFiles/EHUB_bootloader.dir/Core/Src/system_stm32f4xx.c.obj
LOAD CMakeFiles/EHUB_bootloader.dir/Core/Src/stm32f4xx_hal_msp.c.obj
LOAD CMakeFiles/EHUB_bootloader.dir/Drivers/STM32F4xx_HAL_Driver/Src/stm32f4xx_hal.c.obj
LOAD CMakeFiles/EHUB_bootloader.dir/Drivers/STM32F4xx_HAL_Driver/Src/stm32f4xx_hal_cortex.c.obj
LOAD CMakeFiles/EHUB_bootloader.dir/Drivers/STM32F4xx_HAL_Driver/Src/stm32f4xx_hal_flash.c.obj
LOAD CMakeFiles/EHUB_bootloader.dir/Drivers/STM32F4xx_HAL_Driver/Src/stm32f4xx_hal_flash_ex.c.obj
LOAD CMakeFiles/EHUB_bootloader.dir/Drivers/STM32F4xx_HAL_Driver/Src/stm32f4xx_hal_flash_ramfunc.c.obj
LOAD CMakeFiles/EHUB_bootloader.dir/Drivers/STM32F4xx_HAL_Driver/Src/stm32f4xx_hal_gpio.c.obj
LOAD CMakeFiles/EHUB_bootloader.dir/Drivers/STM32F4xx_HAL_Driver/Src/stm32f4xx_hal_pwr.c.obj
LOAD CMakeFiles/EHUB_bootloader.dir/Drivers/STM32F4xx_HAL_Driver/Src/stm32f4xx_hal_pwr_ex.c.obj
LOAD CMakeFiles/EHUB_bootloader.dir/Drivers/STM32F4xx_HAL_Driver/Src/stm32f4xx_hal_rcc.c.obj
LOAD CMakeFiles/EHUB_bootloader.dir/Drivers/STM32F4xx_HAL_Driver/Src/stm32f4xx_hal_rcc_ex.c.obj
START GROUP
LOAD F:/vscode/openstm32/Arm GNU Toolchain arm-none-eabi/14.3 rel1/bin/../lib/gcc/arm-none-eabi/14.3.1/thumb/v7e-m+fp/hard\libgcc.a
LOAD F:/vscode/openstm32/Arm GNU Toolchain arm-none-eabi/14.3 rel1/bin/../lib/gcc/arm-none-eabi/14.3.1/../../../../arm-none-eabi/lib/thumb/v7e-m+fp/hard\libg_nano.a
LOAD F:/vscode/openstm32/Arm GNU Toolchain arm-none-eabi/14.3 rel1/bin/../lib/gcc/arm-none-eabi/14.3.1/../../../../arm-none-eabi/lib/thumb/v7e-m+fp/hard\libc_nano.a
END GROUP
START GROUP
LOAD F:/vscode/openstm32/Arm GNU Toolchain arm-none-eabi/14.3 rel1/bin/../lib/gcc/arm-none-eabi/14.3.1/thumb/v7e-m+fp/hard\libgcc.a
LOAD F:/vscode/openstm32/Arm GNU Toolchain arm-none-eabi/14.3 rel1/bin/../lib/gcc/arm-none-eabi/14.3.1/../../../../arm-none-eabi/lib/thumb/v7e-m+fp/hard\libc_nano.a
END GROUP
LOAD F:/vscode/openstm32/Arm GNU Toolchain arm-none-eabi/14.3 rel1/bin/../lib/gcc/arm-none-eabi/14.3.1/thumb/v7e-m+fp/hard/crtend.o
LOAD F:/vscode/openstm32/Arm GNU Toolchain arm-none-eabi/14.3 rel1/bin/../lib/gcc/arm-none-eabi/14.3.1/thumb/v7e-m+fp/hard/crtn.o
                0x20020000                        _estack = (ORIGIN (RAM) + LENGTH (RAM))
                0x00000200                        _Min_Heap_Size = 0x200
                0x00000400                        _Min_Stack_Size = 0x400

.isr_vector     0x08000000      0x188
                0x08000000                        . = ALIGN (0x4)
 *(.isr_vector)
 .isr_vector    0x08000000      0x188 CMakeFiles/EHUB_bootloader.dir/startup_stm32f407xx_gcc.s.obj
                0x08000000                g_pfnVectors
                0x08000188                        . = ALIGN (0x4)

.text           0x08000188      0xb68
                0x08000188                        . = ALIGN (0x4)
 *(.text)
 *(.text*)
 .text.deregister_tm_clones
                0x08000188       0x1c F:/vscode/openstm32/Arm GNU Toolchain arm-none-eabi/14.3 rel1/bin/../lib/gcc/arm-none-eabi/14.3.1/thumb/v7e-m+fp/hard/crtbegin.o
 .text.register_tm_clones
                0x080001a4       0x24 F:/vscode/openstm32/Arm GNU Toolchain arm-none-eabi/14.3 rel1/bin/../lib/gcc/arm-none-eabi/14.3.1/thumb/v7e-m+fp/hard/crtbegin.o
 .text.__do_global_dtors_aux
                0x080001c8       0x28 F:/vscode/openstm32/Arm GNU Toolchain arm-none-eabi/14.3 rel1/bin/../lib/gcc/arm-none-eabi/14.3.1/thumb/v7e-m+fp/hard/crtbegin.o
 .text.frame_dummy
                0x080001f0       0x24 F:/vscode/openstm32/Arm GNU Toolchain arm-none-eabi/14.3 rel1/bin/../lib/gcc/arm-none-eabi/14.3.1/thumb/v7e-m+fp/hard/crtbegin.o
 .text.__libc_init_array
                0x08000214       0x48 F:/vscode/openstm32/Arm GNU Toolchain arm-none-eabi/14.3 rel1/bin/../lib/gcc/arm-none-eabi/14.3.1/../../../../arm-none-eabi/lib/thumb/v7e-m+fp/hard\libc_nano.a(libc_a-init.o)
                0x08000214                __libc_init_array
 .text.Reset_Handler
                0x0800025c       0x4c CMakeFiles/EHUB_bootloader.dir/startup_stm32f407xx_gcc.s.obj
                0x0800025c                Reset_Handler
 .text.Default_Handler
                0x080002a8        0x2 CMakeFiles/EHUB_bootloader.dir/startup_stm32f407xx_gcc.s.obj
                0x080002a8                RTC_Alarm_IRQHandler
                0x080002a8                HASH_RNG_IRQHandler
                0x080002a8                EXTI2_IRQHandler
                0x080002a8                TIM8_CC_IRQHandler
                0x080002a8                DebugMon_Handler
                0x080002a8                TIM1_CC_IRQHandler
                0x080002a8                DMA2_Stream5_IRQHandler
                0x080002a8                HardFault_Handler
                0x080002a8                DMA1_Stream5_IRQHandler
                0x080002a8                SysTick_Handler
                0x080002a8                PVD_IRQHandler
                0x080002a8                SDIO_IRQHandler
                0x080002a8                TAMP_STAMP_IRQHandler
                0x080002a8                PendSV_Handler
                0x080002a8                NMI_Handler
                0x080002a8                CAN2_RX1_IRQHandler
                0x080002a8                EXTI3_IRQHandler
                0x080002a8                TIM8_TRG_COM_TIM14_IRQHandler
                0x080002a8                TIM1_UP_TIM10_IRQHandler
                0x080002a8                TIM8_UP_TIM13_IRQHandler
                0x080002a8                I2C3_ER_IRQHandler
                0x080002a8                EXTI0_IRQHandler
                0x080002a8                I2C2_EV_IRQHandler
                0x080002a8                DMA1_Stream2_IRQHandler
                0x080002a8                CAN1_RX0_IRQHandler
                0x080002a8                FPU_IRQHandler
                0x080002a8                OTG_HS_WKUP_IRQHandler
                0x080002a8                UsageFault_Handler
                0x080002a8                CAN2_SCE_IRQHandler
                0x080002a8                DMA2_Stream2_IRQHandler
                0x080002a8                SPI1_IRQHandler
                0x080002a8                TIM6_DAC_IRQHandler
                0x080002a8                TIM1_BRK_TIM9_IRQHandler
                0x080002a8                DCMI_IRQHandler
                0x080002a8                CAN2_RX0_IRQHandler
                0x080002a8                DMA2_Stream3_IRQHandler
                0x080002a8                USART6_IRQHandler
                0x080002a8                USART3_IRQHandler
                0x080002a8                CAN1_RX1_IRQHandler
                0x080002a8                UART5_IRQHandler
                0x080002a8                DMA2_Stream0_IRQHandler
                0x080002a8                TIM4_IRQHandler
                0x080002a8                I2C1_EV_IRQHandler
                0x080002a8                DMA1_Stream6_IRQHandler
                0x080002a8                DMA1_Stream1_IRQHandler
                0x080002a8                UART4_IRQHandler
                0x080002a8                TIM3_IRQHandler
                0x080002a8                RCC_IRQHandler
                0x080002a8                TIM8_BRK_TIM12_IRQHandler
                0x080002a8                Default_Handler
                0x080002a8                EXTI15_10_IRQHandler
                0x080002a8                ADC_IRQHandler
                0x080002a8                DMA1_Stream7_IRQHandler
                0x080002a8                TIM7_IRQHandler
                0x080002a8                CAN2_TX_IRQHandler
                0x080002a8                TIM5_IRQHandler
                0x080002a8                DMA2_Stream7_IRQHandler
                0x080002a8                I2C3_EV_IRQHandler
                0x080002a8                EXTI9_5_IRQHandler
                0x080002a8                RTC_WKUP_IRQHandler
                0x080002a8                ETH_WKUP_IRQHandler
                0x080002a8                SPI2_IRQHandler
                0x080002a8                OTG_HS_EP1_IN_IRQHandler
                0x080002a8                MemManage_Handler
                0x080002a8                DMA1_Stream0_IRQHandler
                0x080002a8                CAN1_TX_IRQHandler
                0x080002a8                SVC_Handler
                0x080002a8                EXTI4_IRQHandler
                0x080002a8                ETH_IRQHandler
                0x080002a8                OTG_HS_EP1_OUT_IRQHandler
                0x080002a8                WWDG_IRQHandler
                0x080002a8                TIM2_IRQHandler
                0x080002a8                OTG_FS_WKUP_IRQHandler
                0x080002a8                TIM1_TRG_COM_TIM11_IRQHandler
                0x080002a8                OTG_HS_IRQHandler
                0x080002a8                EXTI1_IRQHandler
                0x080002a8                USART2_IRQHandler
                0x080002a8                I2C2_ER_IRQHandler
                0x080002a8                DMA2_Stream1_IRQHandler
                0x080002a8                CAN1_SCE_IRQHandler
                0x080002a8                FLASH_IRQHandler
                0x080002a8                DMA2_Stream4_IRQHandler
                0x080002a8                BusFault_Handler
                0x080002a8                USART1_IRQHandler
                0x080002a8                OTG_FS_IRQHandler
                0x080002a8                SPI3_IRQHandler
                0x080002a8                DMA1_Stream4_IRQHandler
                0x080002a8                I2C1_ER_IRQHandler
                0x080002a8                FMC_IRQHandler
                0x080002a8                DMA2_Stream6_IRQHandler
                0x080002a8                DMA1_Stream3_IRQHandler
 *fill*         0x080002aa        0x2 
 .text.Boot_ManifestReady
                0x080002ac       0x54 CMakeFiles/EHUB_bootloader.dir/bootloader/Src/main.c.obj
 .text.Boot_BoardPowerInit
                0x08000300       0x88 CMakeFiles/EHUB_bootloader.dir/bootloader/Src/main.c.obj
 .text.Boot_WriteBytes
                0x08000388       0x2a CMakeFiles/EHUB_bootloader.dir/bootloader/Src/main.c.obj
 *fill*         0x080003b2        0x2 
 .text.Boot_InstallStagedImage
                0x080003b4       0x7c CMakeFiles/EHUB_bootloader.dir/bootloader/Src/main.c.obj
 .text.Boot_JumpToApplication
                0x08000430       0x68 CMakeFiles/EHUB_bootloader.dir/bootloader/Src/main.c.obj
 .text.main     0x08000498       0x34 CMakeFiles/EHUB_bootloader.dir/bootloader/Src/main.c.obj
                0x08000498                main
 .text.EHUB_Boot_Crc32
                0x080004cc       0x54 CMakeFiles/EHUB_bootloader.dir/boot/Src/ehub_boot.c.obj
                0x080004cc                EHUB_Boot_Crc32
 .text.EHUB_Boot_IsValidApp
                0x08000520       0x32 CMakeFiles/EHUB_bootloader.dir/boot/Src/ehub_boot.c.obj
                0x08000520                EHUB_Boot_IsValidApp
 *fill*         0x08000552        0x2 
 .text.HAL_MspInit
                0x08000554       0x44 CMakeFiles/EHUB_bootloader.dir/Core/Src/stm32f4xx_hal_msp.c.obj
                0x08000554                HAL_MspInit
 .text.HAL_MspDeInit
                0x08000598        0x2 CMakeFiles/EHUB_bootloader.dir/Drivers/STM32F4xx_HAL_Driver/Src/stm32f4xx_hal.c.obj
                0x08000598                HAL_MspDeInit
 *fill*         0x0800059a        0x2 
 .text.HAL_DeInit
                0x0800059c       0x3c CMakeFiles/EHUB_bootloader.dir/Drivers/STM32F4xx_HAL_Driver/Src/stm32f4xx_hal.c.obj
                0x0800059c                HAL_DeInit
 .text.HAL_InitTick
                0x080005d8       0x4c CMakeFiles/EHUB_bootloader.dir/Drivers/STM32F4xx_HAL_Driver/Src/stm32f4xx_hal.c.obj
                0x080005d8                HAL_InitTick
 .text.HAL_Init
                0x08000624       0x34 CMakeFiles/EHUB_bootloader.dir/Drivers/STM32F4xx_HAL_Driver/Src/stm32f4xx_hal.c.obj
                0x08000624                HAL_Init
 .text.HAL_GetTick
                0x08000658        0xc CMakeFiles/EHUB_bootloader.dir/Drivers/STM32F4xx_HAL_Driver/Src/stm32f4xx_hal.c.obj
                0x08000658                HAL_GetTick
 .text.__NVIC_SetPriority
                0x08000664       0x28 CMakeFiles/EHUB_bootloader.dir/Drivers/STM32F4xx_HAL_Driver/Src/stm32f4xx_hal_cortex.c.obj
 .text.NVIC_EncodePriority
                0x0800068c       0x3e CMakeFiles/EHUB_bootloader.dir/Drivers/STM32F4xx_HAL_Driver/Src/stm32f4xx_hal_cortex.c.obj
 *fill*         0x080006ca        0x2 
 .text.HAL_NVIC_SetPriorityGrouping
                0x080006cc       0x24 CMakeFiles/EHUB_bootloader.dir/Drivers/STM32F4xx_HAL_Driver/Src/stm32f4xx_hal_cortex.c.obj
                0x080006cc                HAL_NVIC_SetPriorityGrouping
 .text.HAL_NVIC_SetPriority
                0x080006f0       0x20 CMakeFiles/EHUB_bootloader.dir/Drivers/STM32F4xx_HAL_Driver/Src/stm32f4xx_hal_cortex.c.obj
                0x080006f0                HAL_NVIC_SetPriority
 .text.HAL_SYSTICK_Config
                0x08000710       0x28 CMakeFiles/EHUB_bootloader.dir/Drivers/STM32F4xx_HAL_Driver/Src/stm32f4xx_hal_cortex.c.obj
                0x08000710                HAL_SYSTICK_Config
 .text.FLASH_Program_DoubleWord
                0x08000738       0x30 CMakeFiles/EHUB_bootloader.dir/Drivers/STM32F4xx_HAL_Driver/Src/stm32f4xx_hal_flash.c.obj
 .text.FLASH_Program_Word
                0x08000768       0x24 CMakeFiles/EHUB_bootloader.dir/Drivers/STM32F4xx_HAL_Driver/Src/stm32f4xx_hal_flash.c.obj
 .text.FLASH_Program_HalfWord
                0x0800078c       0x24 CMakeFiles/EHUB_bootloader.dir/Drivers/STM32F4xx_HAL_Driver/Src/stm32f4xx_hal_flash.c.obj
 .text.FLASH_Program_Byte
                0x080007b0       0x20 CMakeFiles/EHUB_bootloader.dir/Drivers/STM32F4xx_HAL_Driver/Src/stm32f4xx_hal_flash.c.obj
 .text.FLASH_SetErrorCode
                0x080007d0       0x8c CMakeFiles/EHUB_bootloader.dir/Drivers/STM32F4xx_HAL_Driver/Src/stm32f4xx_hal_flash.c.obj
 .text.HAL_FLASH_Unlock
                0x0800085c       0x30 CMakeFiles/EHUB_bootloader.dir/Drivers/STM32F4xx_HAL_Driver/Src/stm32f4xx_hal_flash.c.obj
                0x0800085c                HAL_FLASH_Unlock
 .text.HAL_FLASH_Lock
                0x0800088c       0x14 CMakeFiles/EHUB_bootloader.dir/Drivers/STM32F4xx_HAL_Driver/Src/stm32f4xx_hal_flash.c.obj
                0x0800088c                HAL_FLASH_Lock
 .text.FLASH_WaitForLastOperation
                0x080008a0       0x60 CMakeFiles/EHUB_bootloader.dir/Drivers/STM32F4xx_HAL_Driver/Src/stm32f4xx_hal_flash.c.obj
                0x080008a0                FLASH_WaitForLastOperation
 .text.HAL_FLASH_Program
                0x08000900       0x7c CMakeFiles/EHUB_bootloader.dir/Drivers/STM32F4xx_HAL_Driver/Src/stm32f4xx_hal_flash.c.obj
                0x08000900                HAL_FLASH_Program
 .text.FLASH_MassErase
                0x0800097c       0x24 CMakeFiles/EHUB_bootloader.dir/Drivers/STM32F4xx_HAL_Driver/Src/stm32f4xx_hal_flash_ex.c.obj
 .text.FLASH_Erase_Sector
                0x080009a0       0x4c CMakeFiles/EHUB_bootloader.dir/Drivers/STM32F4xx_HAL_Driver/Src/stm32f4xx_hal_flash_ex.c.obj
                0x080009a0                FLASH_Erase_Sector
 .text.FLASH_FlushCaches
                0x080009ec       0x60 CMakeFiles/EHUB_bootloader.dir/Drivers/STM32F4xx_HAL_Driver/Src/stm32f4xx_hal_flash_ex.c.obj
                0x080009ec                FLASH_FlushCaches
 .text.HAL_FLASHEx_Erase
                0x08000a4c       0x94 CMakeFiles/EHUB_bootloader.dir/Drivers/STM32F4xx_HAL_Driver/Src/stm32f4xx_hal_flash_ex.c.obj
                0x08000a4c                HAL_FLASHEx_Erase
 .text.HAL_GPIO_Init
                0x08000ae0      0x1ec CMakeFiles/EHUB_bootloader.dir/Drivers/STM32F4xx_HAL_Driver/Src/stm32f4xx_hal_gpio.c.obj
                0x08000ae0                HAL_GPIO_Init
 .text.HAL_GPIO_WritePin
                0x08000ccc        0xc CMakeFiles/EHUB_bootloader.dir/Drivers/STM32F4xx_HAL_Driver/Src/stm32f4xx_hal_gpio.c.obj
                0x08000ccc                HAL_GPIO_WritePin
 *(.glue_7)
 .glue_7        0x08000cd8        0x0 linker stubs
 *(.glue_7t)
 .glue_7t       0x08000cd8        0x0 linker stubs
 *(.eh_frame)
 .eh_frame      0x08000cd8        0x0 F:/vscode/openstm32/Arm GNU Toolchain arm-none-eabi/14.3 rel1/bin/../lib/gcc/arm-none-eabi/14.3.1/thumb/v7e-m+fp/hard/crtbegin.o
 *(.init)
 .init          0x08000cd8        0x4 F:/vscode/openstm32/Arm GNU Toolchain arm-none-eabi/14.3 rel1/bin/../lib/gcc/arm-none-eabi/14.3.1/thumb/v7e-m+fp/hard/crti.o
                0x08000cd8                _init
 .init          0x08000cdc        0x8 F:/vscode/openstm32/Arm GNU Toolchain arm-none-eabi/14.3 rel1/bin/../lib/gcc/arm-none-eabi/14.3.1/thumb/v7e-m+fp/hard/crtn.o
 *(.fini)
 .fini          0x08000ce4        0x4 F:/vscode/openstm32/Arm GNU Toolchain arm-none-eabi/14.3 rel1/bin/../lib/gcc/arm-none-eabi/14.3.1/thumb/v7e-m+fp/hard/crti.o
                0x08000ce4                _fini
 .fini          0x08000ce8        0x8 F:/vscode/openstm32/Arm GNU Toolchain arm-none-eabi/14.3 rel1/bin/../lib/gcc/arm-none-eabi/14.3.1/thumb/v7e-m+fp/hard/crtn.o
                0x08000cf0                        . = ALIGN (0x4)
                0x08000cf0                        _etext = .

.vfp11_veneer   0x08000cf0        0x0
 .vfp11_veneer  0x08000cf0        0x0 linker stubs

.v4_bx          0x08000cf0        0x0
 .v4_bx         0x08000cf0        0x0 linker stubs

.iplt           0x08000cf0        0x0
 .iplt          0x08000cf0        0x0 F:/vscode/openstm32/Arm GNU Toolchain arm-none-eabi/14.3 rel1/bin/../lib/gcc/arm-none-eabi/14.3.1/thumb/v7e-m+fp/hard/crtbegin.o

.rel.dyn        0x08000cf0        0x0
 .rel.iplt      0x08000cf0        0x0 F:/vscode/openstm32/Arm GNU Toolchain arm-none-eabi/14.3 rel1/bin/../lib/gcc/arm-none-eabi/14.3.1/thumb/v7e-m+fp/hard/crtbegin.o

.rodata         0x08000cf0        0x0
                0x08000cf0                        . = ALIGN (0x4)
 *(.rodata)
 *(.rodata*)
                0x08000cf0                        . = ALIGN (0x4)

.ARM.extab
 *(.ARM.extab* .gnu.linkonce.armextab.*)

.ARM            0x08000cf0        0x0
                0x08000cf0                        __exidx_start = .
 *(.ARM.exidx*)
                0x08000cf0                        __exidx_end = .

.preinit_array  0x08000cf0        0x0
                0x08000cf0                        PROVIDE (__preinit_array_start = .)
 *(.preinit_array*)
                0x08000cf0                        PROVIDE (__preinit_array_end = .)

.init_array     0x08000cf0        0x4
                0x08000cf0                        PROVIDE (__init_array_start = .)
 *(SORT_BY_NAME(.init_array.*))
 *(.init_array*)
 .init_array    0x08000cf0        0x4 F:/vscode/openstm32/Arm GNU Toolchain arm-none-eabi/14.3 rel1/bin/../lib/gcc/arm-none-eabi/14.3.1/thumb/v7e-m+fp/hard/crtbegin.o
                0x08000cf4                        PROVIDE (__init_array_end = .)

.fini_array     0x08000cf4        0x4
                [!provide]                        PROVIDE (__fini_array_start = .)
 *(SORT_BY_NAME(.fini_array.*))
 *(.fini_array*)
 .fini_array    0x08000cf4        0x4 F:/vscode/openstm32/Arm GNU Toolchain arm-none-eabi/14.3 rel1/bin/../lib/gcc/arm-none-eabi/14.3.1/thumb/v7e-m+fp/hard/crtbegin.o
                [!provide]                        PROVIDE (__fini_array_end = .)
                0x08000cf8                        _sidata = LOADADDR (.data)

.data           0x20000000       0x2c load address 0x08000cf8
                0x20000000                        . = ALIGN (0x4)
                0x20000000                        _sdata = .
 *(.data)
 *(.data*)
 .data.SystemCoreClock
                0x20000000        0x4 CMakeFiles/EHUB_bootloader.dir/Core/Src/system_stm32f4xx.c.obj
                0x20000000                SystemCoreClock
 .data.uwTickFreq
                0x20000004        0x1 CMakeFiles/EHUB_bootloader.dir/Drivers/STM32F4xx_HAL_Driver/Src/stm32f4xx_hal.c.obj
                0x20000004                uwTickFreq
 *fill*         0x20000005        0x3 
 .data.uwTickPrio
                0x20000008        0x4 CMakeFiles/EHUB_bootloader.dir/Drivers/STM32F4xx_HAL_Driver/Src/stm32f4xx_hal.c.obj
                0x20000008                uwTickPrio
 .data.pFlash   0x2000000c       0x20 CMakeFiles/EHUB_bootloader.dir/Drivers/STM32F4xx_HAL_Driver/Src/stm32f4xx_hal_flash.c.obj
                0x2000000c                pFlash
                0x2000002c                        . = ALIGN (0x4)
                0x2000002c                        _edata = .

.tm_clone_table
                0x2000002c        0x0 load address 0x08000d24
 .tm_clone_table
                0x2000002c        0x0 F:/vscode/openstm32/Arm GNU Toolchain arm-none-eabi/14.3 rel1/bin/../lib/gcc/arm-none-eabi/14.3.1/thumb/v7e-m+fp/hard/crtbegin.o
 .tm_clone_table
                0x2000002c        0x0 F:/vscode/openstm32/Arm GNU Toolchain arm-none-eabi/14.3 rel1/bin/../lib/gcc/arm-none-eabi/14.3.1/thumb/v7e-m+fp/hard/crtend.o

.igot.plt       0x2000002c        0x0 load address 0x08000d24
 .igot.plt      0x2000002c        0x0 F:/vscode/openstm32/Arm GNU Toolchain arm-none-eabi/14.3 rel1/bin/../lib/gcc/arm-none-eabi/14.3.1/thumb/v7e-m+fp/hard/crtbegin.o

.bss            0x2000002c       0x20 load address 0x08000d24
                0x2000002c                        . = ALIGN (0x4)
                0x2000002c                        _sbss = .
                0x2000002c                        __bss_start__ = _sbss
 *(.bss)
 *(.bss*)
 .bss.completed.1
                0x2000002c        0x1 F:/vscode/openstm32/Arm GNU Toolchain arm-none-eabi/14.3 rel1/bin/../lib/gcc/arm-none-eabi/14.3.1/thumb/v7e-m+fp/hard/crtbegin.o
 *fill*         0x2000002d        0x3 
 .bss.object.0  0x20000030       0x18 F:/vscode/openstm32/Arm GNU Toolchain arm-none-eabi/14.3 rel1/bin/../lib/gcc/arm-none-eabi/14.3.1/thumb/v7e-m+fp/hard/crtbegin.o
 .bss.uwTick    0x20000048        0x4 CMakeFiles/EHUB_bootloader.dir/Drivers/STM32F4xx_HAL_Driver/Src/stm32f4xx_hal.c.obj
                0x20000048                uwTick
 *(COMMON)
                0x2000004c                        . = ALIGN (0x4)
                0x2000004c                        _ebss = .
                0x2000004c                        __bss_end__ = _ebss

._user_heap_stack
                0x2000004c      0x604 load address 0x08000d24
                0x20000050                        . = ALIGN (0x8)
 *fill*         0x2000004c        0x4 
                0x20000050                        PROVIDE (end = .)
                [!provide]                        PROVIDE (_end = .)
                0x20000250                        . = (. + _Min_Heap_Size)
 *fill*         0x20000050      0x200 
                0x20000650                        . = (. + _Min_Stack_Size)
 *fill*         0x20000250      0x400 
                0x20000650                        . = ALIGN (0x8)

/DISCARD/
 libc.a(*)
 libm.a(*)
 libgcc.a(*)

.ARM.attributes
                0x00000000       0x30
 *(.ARM.attributes)
 .ARM.attributes
                0x00000000       0x22 F:/vscode/openstm32/Arm GNU Toolchain arm-none-eabi/14.3 rel1/bin/../lib/gcc/arm-none-eabi/14.3.1/thumb/v7e-m+fp/hard/crti.o
 .ARM.attributes
                0x00000022       0x34 F:/vscode/openstm32/Arm GNU Toolchain arm-none-eabi/14.3 rel1/bin/../lib/gcc/arm-none-eabi/14.3.1/thumb/v7e-m+fp/hard/crtbegin.o
 .ARM.attributes
                0x00000056       0x34 F:/vscode/openstm32/Arm GNU Toolchain arm-none-eabi/14.3 rel1/bin/../lib/gcc/arm-none-eabi/14.3.1/../../../../arm-none-eabi/lib/thumb/v7e-m+fp/hard\libc_nano.a(libc_a-init.o)
 .ARM.attributes
                0x0000008a       0x21 CMakeFiles/EHUB_bootloader.dir/startup_stm32f407xx_gcc.s.obj
 .ARM.attributes
                0x000000ab       0x34 CMakeFiles/EHUB_bootloader.dir/bootloader/Src/main.c.obj
 .ARM.attributes
                0x000000df       0x34 CMakeFiles/EHUB_bootloader.dir/boot/Src/ehub_boot.c.obj
 .ARM.attributes
                0x00000113       0x34 CMakeFiles/EHUB_bootloader.dir/Core/Src/system_stm32f4xx.c.obj
 .ARM.attributes
                0x00000147       0x34 CMakeFiles/EHUB_bootloader.dir/Core/Src/stm32f4xx_hal_msp.c.obj
 .ARM.attributes
                0x0000017b       0x34 CMakeFiles/EHUB_bootloader.dir/Drivers/STM32F4xx_HAL_Driver/Src/stm32f4xx_hal.c.obj
 .ARM.attributes
                0x000001af       0x34 CMakeFiles/EHUB_bootloader.dir/Drivers/STM32F4xx_HAL_Driver/Src/stm32f4xx_hal_cortex.c.obj
 .ARM.attributes
                0x000001e3       0x34 CMakeFiles/EHUB_bootloader.dir/Drivers/STM32F4xx_HAL_Driver/Src/stm32f4xx_hal_flash.c.obj
 .ARM.attributes
                0x00000217       0x34 CMakeFiles/EHUB_bootloader.dir/Drivers/STM32F4xx_HAL_Driver/Src/stm32f4xx_hal_flash_ex.c.obj
 .ARM.attributes
                0x0000024b       0x34 CMakeFiles/EHUB_bootloader.dir/Drivers/STM32F4xx_HAL_Driver/Src/stm32f4xx_hal_gpio.c.obj
 .ARM.attributes
                0x0000027f       0x34 F:/vscode/openstm32/Arm GNU Toolchain arm-none-eabi/14.3 rel1/bin/../lib/gcc/arm-none-eabi/14.3.1/thumb/v7e-m+fp/hard/crtend.o
 .ARM.attributes
                0x000002b3       0x22 F:/vscode/openstm32/Arm GNU Toolchain arm-none-eabi/14.3 rel1/bin/../lib/gcc/arm-none-eabi/14.3.1/thumb/v7e-m+fp/hard/crtn.o
OUTPUT(EHUB_bootloader.elf elf32-littlearm)
LOAD linker stubs
LOAD F:/vscode/openstm32/Arm GNU Toolchain arm-none-eabi/14.3 rel1/bin/../lib/gcc/arm-none-eabi/14.3.1/../../../../arm-none-eabi/lib/thumb/v7e-m+fp/hard\libc.a
LOAD F:/vscode/openstm32/Arm GNU Toolchain arm-none-eabi/14.3 rel1/bin/../lib/gcc/arm-none-eabi/14.3.1/../../../../arm-none-eabi/lib/thumb/v7e-m+fp/hard\libm.a
LOAD F:/vscode/openstm32/Arm GNU Toolchain arm-none-eabi/14.3 rel1/bin/../lib/gcc/arm-none-eabi/14.3.1/thumb/v7e-m+fp/hard\libgcc.a

.debug_frame    0x00000000      0x930
 .debug_frame   0x00000000       0x2c F:/vscode/openstm32/Arm GNU Toolchain arm-none-eabi/14.3 rel1/bin/../lib/gcc/arm-none-eabi/14.3.1/../../../../arm-none-eabi/lib/thumb/v7e-m+fp/hard\libc_nano.a(libc_a-init.o)
 .debug_frame   0x0000002c       0xbc CMakeFiles/EHUB_bootloader.dir/bootloader/Src/main.c.obj
 .debug_frame   0x000000e8       0x4c CMakeFiles/EHUB_bootloader.dir/boot/Src/ehub_boot.c.obj
 .debug_frame   0x00000134       0x30 CMakeFiles/EHUB_bootloader.dir/Core/Src/system_stm32f4xx.c.obj
 .debug_frame   0x00000164       0x2c CMakeFiles/EHUB_bootloader.dir/Core/Src/stm32f4xx_hal_msp.c.obj
 .debug_frame   0x00000190      0x1ec CMakeFiles/EHUB_bootloader.dir/Drivers/STM32F4xx_HAL_Driver/Src/stm32f4xx_hal.c.obj
 .debug_frame   0x0000037c      0x214 CMakeFiles/EHUB_bootloader.dir/Drivers/STM32F4xx_HAL_Driver/Src/stm32f4xx_hal_cortex.c.obj
 .debug_frame   0x00000590      0x164 CMakeFiles/EHUB_bootloader.dir/Drivers/STM32F4xx_HAL_Driver/Src/stm32f4xx_hal_flash.c.obj
 .debug_frame   0x000006f4      0x164 CMakeFiles/EHUB_bootloader.dir/Drivers/STM32F4xx_HAL_Driver/Src/stm32f4xx_hal_flash_ex.c.obj
 .debug_frame   0x00000858       0xd8 CMakeFiles/EHUB_bootloader.dir/Drivers/STM32F4xx_HAL_Driver/Src/stm32f4xx_hal_gpio.c.obj

.debug_line     0x00000000     0x5b3b
 .debug_line    0x00000000       0xa0 CMakeFiles/EHUB_bootloader.dir/startup_stm32f407xx_gcc.s.obj
 .debug_line    0x000000a0      0xa5c CMakeFiles/EHUB_bootloader.dir/bootloader/Src/main.c.obj
 .debug_line    0x00000afc      0x400 CMakeFiles/EHUB_bootloader.dir/boot/Src/ehub_boot.c.obj
 .debug_line    0x00000efc      0x7fe CMakeFiles/EHUB_bootloader.dir/Core/Src/system_stm32f4xx.c.obj
 .debug_line    0x000016fa      0x744 CMakeFiles/EHUB_bootloader.dir/Core/Src/stm32f4xx_hal_msp.c.obj
 .debug_line    0x00001e3e      0xa9c CMakeFiles/EHUB_bootloader.dir/Drivers/STM32F4xx_HAL_Driver/Src/stm32f4xx_hal.c.obj
 .debug_line    0x000028da      0xd9f CMakeFiles/EHUB_bootloader.dir/Drivers/STM32F4xx_HAL_Driver/Src/stm32f4xx_hal_cortex.c.obj
 .debug_line    0x00003679      0xc66 CMakeFiles/EHUB_bootloader.dir/Drivers/STM32F4xx_HAL_Driver/Src/stm32f4xx_hal_flash.c.obj
 .debug_line    0x000042df      0xbe3 CMakeFiles/EHUB_bootloader.dir/Drivers/STM32F4xx_HAL_Driver/Src/stm32f4xx_hal_flash_ex.c.obj
 .debug_line    0x00004ec2      0xc79 CMakeFiles/EHUB_bootloader.dir/Drivers/STM32F4xx_HAL_Driver/Src/stm32f4xx_hal_gpio.c.obj

.debug_info     0x00000000     0x51f6
 .debug_info    0x00000000       0x30 CMakeFiles/EHUB_bootloader.dir/startup_stm32f407xx_gcc.s.obj
 .debug_info    0x00000030      0xeca CMakeFiles/EHUB_bootloader.dir/bootloader/Src/main.c.obj
 .debug_info    0x00000efa      0x209 CMakeFiles/EHUB_bootloader.dir/boot/Src/ehub_boot.c.obj
 .debug_info    0x00001103      0x5b7 CMakeFiles/EHUB_bootloader.dir/Core/Src/system_stm32f4xx.c.obj
 .debug_info    0x000016ba      0x55e CMakeFiles/EHUB_bootloader.dir/Core/Src/stm32f4xx_hal_msp.c.obj
 .debug_info    0x00001c18      0xafe CMakeFiles/EHUB_bootloader.dir/Drivers/STM32F4xx_HAL_Driver/Src/stm32f4xx_hal.c.obj
 .debug_info    0x00002716     0x11e4 CMakeFiles/EHUB_bootloader.dir/Drivers/STM32F4xx_HAL_Driver/Src/stm32f4xx_hal_cortex.c.obj
 .debug_info    0x000038fa      0x7dd CMakeFiles/EHUB_bootloader.dir/Drivers/STM32F4xx_HAL_Driver/Src/stm32f4xx_hal_flash.c.obj
 .debug_info    0x000040d7      0x8d3 CMakeFiles/EHUB_bootloader.dir/Drivers/STM32F4xx_HAL_Driver/Src/stm32f4xx_hal_flash_ex.c.obj
 .debug_info    0x000049aa      0x84c CMakeFiles/EHUB_bootloader.dir/Drivers/STM32F4xx_HAL_Driver/Src/stm32f4xx_hal_gpio.c.obj

.debug_abbrev   0x00000000     0x1470
 .debug_abbrev  0x00000000       0x1d CMakeFiles/EHUB_bootloader.dir/startup_stm32f407xx_gcc.s.obj
 .debug_abbrev  0x0000001d      0x35d CMakeFiles/EHUB_bootloader.dir/bootloader/Src/main.c.obj
 .debug_abbrev  0x0000037a       0xef CMakeFiles/EHUB_bootloader.dir/boot/Src/ehub_boot.c.obj
 .debug_abbrev  0x00000469      0x11e CMakeFiles/EHUB_bootloader.dir/Core/Src/system_stm32f4xx.c.obj
 .debug_abbrev  0x00000587      0x125 CMakeFiles/EHUB_bootloader.dir/Core/Src/stm32f4xx_hal_msp.c.obj
 .debug_abbrev  0x000006ac      0x247 CMakeFiles/EHUB_bootloader.dir/Drivers/STM32F4xx_HAL_Driver/Src/stm32f4xx_hal.c.obj
 .debug_abbrev  0x000008f3      0x3cd CMakeFiles/EHUB_bootloader.dir/Drivers/STM32F4xx_HAL_Driver/Src/stm32f4xx_hal_cortex.c.obj
 .debug_abbrev  0x00000cc0      0x2e3 CMakeFiles/EHUB_bootloader.dir/Drivers/STM32F4xx_HAL_Driver/Src/stm32f4xx_hal_flash.c.obj
 .debug_abbrev  0x00000fa3      0x29f CMakeFiles/EHUB_bootloader.dir/Drivers/STM32F4xx_HAL_Driver/Src/stm32f4xx_hal_flash_ex.c.obj
 .debug_abbrev  0x00001242      0x22e CMakeFiles/EHUB_bootloader.dir/Drivers/STM32F4xx_HAL_Driver/Src/stm32f4xx_hal_gpio.c.obj

.debug_aranges  0x00000000      0x460
 .debug_aranges
                0x00000000       0x28 CMakeFiles/EHUB_bootloader.dir/startup_stm32f407xx_gcc.s.obj
 .debug_aranges
                0x00000028       0x48 CMakeFiles/EHUB_bootloader.dir/bootloader/Src/main.c.obj
 .debug_aranges
                0x00000070       0x30 CMakeFiles/EHUB_bootloader.dir/boot/Src/ehub_boot.c.obj
 .debug_aranges
                0x000000a0       0x28 CMakeFiles/EHUB_bootloader.dir/Core/Src/system_stm32f4xx.c.obj
 .debug_aranges
                0x000000c8       0x20 CMakeFiles/EHUB_bootloader.dir/Core/Src/stm32f4xx_hal_msp.c.obj
 .debug_aranges
                0x000000e8       0xf0 CMakeFiles/EHUB_bootloader.dir/Drivers/STM32F4xx_HAL_Driver/Src/stm32f4xx_hal.c.obj
 .debug_aranges
                0x000001d8       0xf8 CMakeFiles/EHUB_bootloader.dir/Drivers/STM32F4xx_HAL_Driver/Src/stm32f4xx_hal_cortex.c.obj
 .debug_aranges
                0x000002d0       0xa0 CMakeFiles/EHUB_bootloader.dir/Drivers/STM32F4xx_HAL_Driver/Src/stm32f4xx_hal_flash.c.obj
 .debug_aranges
                0x00000370       0x98 CMakeFiles/EHUB_bootloader.dir/Drivers/STM32F4xx_HAL_Driver/Src/stm32f4xx_hal_flash_ex.c.obj
 .debug_aranges
                0x00000408       0x58 CMakeFiles/EHUB_bootloader.dir/Drivers/STM32F4xx_HAL_Driver/Src/stm32f4xx_hal_gpio.c.obj

.debug_str      0x00000000    0xd857a
 .debug_str     0x00000000    0xd857a CMakeFiles/EHUB_bootloader.dir/startup_stm32f407xx_gcc.s.obj
                                 0x92 (size before relaxing)
 .debug_str     0x000d857a    0xd70c6 CMakeFiles/EHUB_bootloader.dir/bootloader/Src/main.c.obj
 .debug_str     0x000d857a     0x407f CMakeFiles/EHUB_bootloader.dir/boot/Src/ehub_boot.c.obj
 .debug_str     0x000d857a    0xd68fe CMakeFiles/EHUB_bootloader.dir/Core/Src/system_stm32f4xx.c.obj
 .debug_str     0x000d857a    0xd6fc3 CMakeFiles/EHUB_bootloader.dir/Core/Src/stm32f4xx_hal_msp.c.obj
 .debug_str     0x000d857a    0xd742e CMakeFiles/EHUB_bootloader.dir/Drivers/STM32F4xx_HAL_Driver/Src/stm32f4xx_hal.c.obj
 .debug_str     0x000d857a    0xd71aa CMakeFiles/EHUB_bootloader.dir/Drivers/STM32F4xx_HAL_Driver/Src/stm32f4xx_hal_cortex.c.obj
 .debug_str     0x000d857a    0xd6a9a CMakeFiles/EHUB_bootloader.dir/Drivers/STM32F4xx_HAL_Driver/Src/stm32f4xx_hal_flash.c.obj
 .debug_str     0x000d857a    0xd6aea CMakeFiles/EHUB_bootloader.dir/Drivers/STM32F4xx_HAL_Driver/Src/stm32f4xx_hal_flash_ex.c.obj
 .debug_str     0x000d857a    0xd6a25 CMakeFiles/EHUB_bootloader.dir/Drivers/STM32F4xx_HAL_Driver/Src/stm32f4xx_hal_gpio.c.obj

.debug_ranges   0x00000000      0x400
 .debug_ranges  0x00000000       0x20 CMakeFiles/EHUB_bootloader.dir/startup_stm32f407xx_gcc.s.obj
 .debug_ranges  0x00000020       0x50 CMakeFiles/EHUB_bootloader.dir/bootloader/Src/main.c.obj
 .debug_ranges  0x00000070       0x40 CMakeFiles/EHUB_bootloader.dir/boot/Src/ehub_boot.c.obj
 .debug_ranges  0x000000b0       0x18 CMakeFiles/EHUB_bootloader.dir/Core/Src/system_stm32f4xx.c.obj
 .debug_ranges  0x000000c8       0x10 CMakeFiles/EHUB_bootloader.dir/Core/Src/stm32f4xx_hal_msp.c.obj
 .debug_ranges  0x000000d8       0xe0 CMakeFiles/EHUB_bootloader.dir/Drivers/STM32F4xx_HAL_Driver/Src/stm32f4xx_hal.c.obj
 .debug_ranges  0x000001b8       0xe8 CMakeFiles/EHUB_bootloader.dir/Drivers/STM32F4xx_HAL_Driver/Src/stm32f4xx_hal_cortex.c.obj
 .debug_ranges  0x000002a0       0x90 CMakeFiles/EHUB_bootloader.dir/Drivers/STM32F4xx_HAL_Driver/Src/stm32f4xx_hal_flash.c.obj
 .debug_ranges  0x00000330       0x88 CMakeFiles/EHUB_bootloader.dir/Drivers/STM32F4xx_HAL_Driver/Src/stm32f4xx_hal_flash_ex.c.obj
 .debug_ranges  0x000003b8       0x48 CMakeFiles/EHUB_bootloader.dir/Drivers/STM32F4xx_HAL_Driver/Src/stm32f4xx_hal_gpio.c.obj

.debug_loc      0x00000000     0x2458
 .debug_loc     0x00000000      0x39c CMakeFiles/EHUB_bootloader.dir/bootloader/Src/main.c.obj
 .debug_loc     0x0000039c      0x3b2 CMakeFiles/EHUB_bootloader.dir/boot/Src/ehub_boot.c.obj
 .debug_loc     0x0000074e       0xb0 CMakeFiles/EHUB_bootloader.dir/Core/Src/system_stm32f4xx.c.obj
 .debug_loc     0x000007fe       0x38 CMakeFiles/EHUB_bootloader.dir/Core/Src/stm32f4xx_hal_msp.c.obj
 .debug_loc     0x00000836      0x1f9 CMakeFiles/EHUB_bootloader.dir/Drivers/STM32F4xx_HAL_Driver/Src/stm32f4xx_hal.c.obj
 .debug_loc     0x00000a2f      0x8ff CMakeFiles/EHUB_bootloader.dir/Drivers/STM32F4xx_HAL_Driver/Src/stm32f4xx_hal_cortex.c.obj
 .debug_loc     0x0000132e      0x44d CMakeFiles/EHUB_bootloader.dir/Drivers/STM32F4xx_HAL_Driver/Src/stm32f4xx_hal_flash.c.obj
 .debug_loc     0x0000177b      0x6d2 CMakeFiles/EHUB_bootloader.dir/Drivers/STM32F4xx_HAL_Driver/Src/stm32f4xx_hal_flash_ex.c.obj
 .debug_loc     0x00001e4d      0x60b CMakeFiles/EHUB_bootloader.dir/Drivers/STM32F4xx_HAL_Driver/Src/stm32f4xx_hal_gpio.c.obj

.debug_macro    0x00000000    0x21d9f
 .debug_macro   0x00000000      0x266 CMakeFiles/EHUB_bootloader.dir/bootloader/Src/main.c.obj
 .debug_macro   0x00000266      0xad2 CMakeFiles/EHUB_bootloader.dir/bootloader/Src/main.c.obj
 .debug_macro   0x00000d38       0x22 CMakeFiles/EHUB_bootloader.dir/bootloader/Src/main.c.obj
 .debug_macro   0x00000d5a       0x8e CMakeFiles/EHUB_bootloader.dir/bootloader/Src/main.c.obj
 .debug_macro   0x00000de8       0x51 CMakeFiles/EHUB_bootloader.dir/bootloader/Src/main.c.obj
 .debug_macro   0x00000e39      0x103 CMakeFiles/EHUB_bootloader.dir/bootloader/Src/main.c.obj
 .debug_macro   0x00000f3c       0x6a CMakeFiles/EHUB_bootloader.dir/bootloader/Src/main.c.obj
 .debug_macro   0x00000fa6      0x1df CMakeFiles/EHUB_bootloader.dir/bootloader/Src/main.c.obj
 .debug_macro   0x00001185       0x58 CMakeFiles/EHUB_bootloader.dir/bootloader/Src/main.c.obj
 .debug_macro   0x000011dd      0x2b9 CMakeFiles/EHUB_bootloader.dir/bootloader/Src/main.c.obj
 .debug_macro   0x00001496       0x2e CMakeFiles/EHUB_bootloader.dir/bootloader/Src/main.c.obj
 .debug_macro   0x000014c4       0x2f CMakeFiles/EHUB_bootloader.dir/bootloader/Src/main.c.obj
 .debug_macro   0x000014f3       0x1c CMakeFiles/EHUB_bootloader.dir/bootloader/Src/main.c.obj
 .debug_macro   0x0000150f       0x22 CMakeFiles/EHUB_bootloader.dir/bootloader/Src/main.c.obj
 .debug_macro   0x00001531       0xfb CMakeFiles/EHUB_bootloader.dir/bootloader/Src/main.c.obj
 .debug_macro   0x0000162c     0x1011 CMakeFiles/EHUB_bootloader.dir/bootloader/Src/main.c.obj
 .debug_macro   0x0000263d      0x11f CMakeFiles/EHUB_bootloader.dir/bootloader/Src/main.c.obj
 .debug_macro   0x0000275c    0x15ea5 CMakeFiles/EHUB_bootloader.dir/bootloader/Src/main.c.obj
 .debug_macro   0x00018601       0x6d CMakeFiles/EHUB_bootloader.dir/bootloader/Src/main.c.obj
 .debug_macro   0x0001866e     0x3693 CMakeFiles/EHUB_bootloader.dir/bootloader/Src/main.c.obj
 .debug_macro   0x0001bd01      0x190 CMakeFiles/EHUB_bootloader.dir/bootloader/Src/main.c.obj
 .debug_macro   0x0001be91       0x5c CMakeFiles/EHUB_bootloader.dir/bootloader/Src/main.c.obj
 .debug_macro   0x0001beed      0x980 CMakeFiles/EHUB_bootloader.dir/bootloader/Src/main.c.obj
 .debug_macro   0x0001c86d      0x9e9 CMakeFiles/EHUB_bootloader.dir/bootloader/Src/main.c.obj
 .debug_macro   0x0001d256      0x115 CMakeFiles/EHUB_bootloader.dir/bootloader/Src/main.c.obj
 .debug_macro   0x0001d36b      0x13e CMakeFiles/EHUB_bootloader.dir/bootloader/Src/main.c.obj
 .debug_macro   0x0001d4a9       0xa5 CMakeFiles/EHUB_bootloader.dir/bootloader/Src/main.c.obj
 .debug_macro   0x0001d54e      0x174 CMakeFiles/EHUB_bootloader.dir/bootloader/Src/main.c.obj
 .debug_macro   0x0001d6c2      0x287 CMakeFiles/EHUB_bootloader.dir/bootloader/Src/main.c.obj
 .debug_macro   0x0001d949       0x5f CMakeFiles/EHUB_bootloader.dir/bootloader/Src/main.c.obj
 .debug_macro   0x0001d9a8      0x236 CMakeFiles/EHUB_bootloader.dir/bootloader/Src/main.c.obj
 .debug_macro   0x0001dbde      0xb5b CMakeFiles/EHUB_bootloader.dir/bootloader/Src/main.c.obj
 .debug_macro   0x0001e739      0x38b CMakeFiles/EHUB_bootloader.dir/bootloader/Src/main.c.obj
 .debug_macro   0x0001eac4      0x176 CMakeFiles/EHUB_bootloader.dir/bootloader/Src/main.c.obj
 .debug_macro   0x0001ec3a       0xf9 CMakeFiles/EHUB_bootloader.dir/bootloader/Src/main.c.obj
 .debug_macro   0x0001ed33      0x40f CMakeFiles/EHUB_bootloader.dir/bootloader/Src/main.c.obj
 .debug_macro   0x0001f142      0x12c CMakeFiles/EHUB_bootloader.dir/bootloader/Src/main.c.obj
 .debug_macro   0x0001f26e      0x21e CMakeFiles/EHUB_bootloader.dir/bootloader/Src/main.c.obj
 .debug_macro   0x0001f48c       0x2e CMakeFiles/EHUB_bootloader.dir/bootloader/Src/main.c.obj
 .debug_macro   0x0001f4ba      0x1b5 CMakeFiles/EHUB_bootloader.dir/bootloader/Src/main.c.obj
 .debug_macro   0x0001f66f       0xd6 CMakeFiles/EHUB_bootloader.dir/bootloader/Src/main.c.obj
 .debug_macro   0x0001f745      0x127 CMakeFiles/EHUB_bootloader.dir/bootloader/Src/main.c.obj
 .debug_macro   0x0001f86c       0x7e CMakeFiles/EHUB_bootloader.dir/bootloader/Src/main.c.obj
 .debug_macro   0x0001f8ea       0x89 CMakeFiles/EHUB_bootloader.dir/bootloader/Src/main.c.obj
 .debug_macro   0x0001f973      0x225 CMakeFiles/EHUB_bootloader.dir/bootloader/Src/main.c.obj
 .debug_macro   0x0001fb98      0x8ed CMakeFiles/EHUB_bootloader.dir/bootloader/Src/main.c.obj
 .debug_macro   0x00020485       0x4d CMakeFiles/EHUB_bootloader.dir/bootloader/Src/main.c.obj
 .debug_macro   0x000204d2      0x2aa CMakeFiles/EHUB_bootloader.dir/bootloader/Src/main.c.obj
 .debug_macro   0x0002077c      0x293 CMakeFiles/EHUB_bootloader.dir/bootloader/Src/main.c.obj
 .debug_macro   0x00020a0f       0xba CMakeFiles/EHUB_bootloader.dir/bootloader/Src/main.c.obj
 .debug_macro   0x00020ac9      0x12d CMakeFiles/EHUB_bootloader.dir/bootloader/Src/main.c.obj
 .debug_macro   0x00020bf6       0xac CMakeFiles/EHUB_bootloader.dir/bootloader/Src/main.c.obj
 .debug_macro   0x00020ca2       0x72 CMakeFiles/EHUB_bootloader.dir/boot/Src/ehub_boot.c.obj
 .debug_macro   0x00020d14      0x25a CMakeFiles/EHUB_bootloader.dir/Core/Src/system_stm32f4xx.c.obj
 .debug_macro   0x00020f6e      0x257 CMakeFiles/EHUB_bootloader.dir/Core/Src/stm32f4xx_hal_msp.c.obj
 .debug_macro   0x000211c5      0x2a8 CMakeFiles/EHUB_bootloader.dir/Drivers/STM32F4xx_HAL_Driver/Src/stm32f4xx_hal.c.obj
 .debug_macro   0x0002146d      0x248 CMakeFiles/EHUB_bootloader.dir/Drivers/STM32F4xx_HAL_Driver/Src/stm32f4xx_hal_cortex.c.obj
 .debug_macro   0x000216b5      0x24e CMakeFiles/EHUB_bootloader.dir/Drivers/STM32F4xx_HAL_Driver/Src/stm32f4xx_hal_flash.c.obj
 .debug_macro   0x00021903      0x24e CMakeFiles/EHUB_bootloader.dir/Drivers/STM32F4xx_HAL_Driver/Src/stm32f4xx_hal_flash_ex.c.obj
 .debug_macro   0x00021b51      0x24e CMakeFiles/EHUB_bootloader.dir/Drivers/STM32F4xx_HAL_Driver/Src/stm32f4xx_hal_gpio.c.obj

.comment        0x00000000       0x46
 .comment       0x00000000       0x46 CMakeFiles/EHUB_bootloader.dir/bootloader/Src/main.c.obj
                                 0x47 (size before relaxing)
 .comment       0x00000046       0x47 CMakeFiles/EHUB_bootloader.dir/boot/Src/ehub_boot.c.obj
 .comment       0x00000046       0x47 CMakeFiles/EHUB_bootloader.dir/Core/Src/system_stm32f4xx.c.obj
 .comment       0x00000046       0x47 CMakeFiles/EHUB_bootloader.dir/Core/Src/stm32f4xx_hal_msp.c.obj
 .comment       0x00000046       0x47 CMakeFiles/EHUB_bootloader.dir/Drivers/STM32F4xx_HAL_Driver/Src/stm32f4xx_hal.c.obj
 .comment       0x00000046       0x47 CMakeFiles/EHUB_bootloader.dir/Drivers/STM32F4xx_HAL_Driver/Src/stm32f4xx_hal_cortex.c.obj
 .comment       0x00000046       0x47 CMakeFiles/EHUB_bootloader.dir/Drivers/STM32F4xx_HAL_Driver/Src/stm32f4xx_hal_flash.c.obj
 .comment       0x00000046       0x47 CMakeFiles/EHUB_bootloader.dir/Drivers/STM32F4xx_HAL_Driver/Src/stm32f4xx_hal_flash_ex.c.obj
 .comment       0x00000046       0x47 CMakeFiles/EHUB_bootloader.dir/Drivers/STM32F4xx_HAL_Driver/Src/stm32f4xx_hal_gpio.c.obj

Cross Reference Table

Symbol                                            File
ADC_IRQHandler                                    CMakeFiles/EHUB_bootloader.dir/startup_stm32f407xx_gcc.s.obj
AHBPrescTable                                     CMakeFiles/EHUB_bootloader.dir/Core/Src/system_stm32f4xx.c.obj
                                                  CMakeFiles/EHUB_bootloader.dir/Drivers/STM32F4xx_HAL_Driver/Src/stm32f4xx_hal_rcc.c.obj
APBPrescTable                                     CMakeFiles/EHUB_bootloader.dir/Core/Src/system_stm32f4xx.c.obj
                                                  CMakeFiles/EHUB_bootloader.dir/Drivers/STM32F4xx_HAL_Driver/Src/stm32f4xx_hal_rcc.c.obj
BusFault_Handler                                  CMakeFiles/EHUB_bootloader.dir/startup_stm32f407xx_gcc.s.obj
CAN1_RX0_IRQHandler                               CMakeFiles/EHUB_bootloader.dir/startup_stm32f407xx_gcc.s.obj
CAN1_RX1_IRQHandler                               CMakeFiles/EHUB_bootloader.dir/startup_stm32f407xx_gcc.s.obj
CAN1_SCE_IRQHandler                               CMakeFiles/EHUB_bootloader.dir/startup_stm32f407xx_gcc.s.obj
CAN1_TX_IRQHandler                                CMakeFiles/EHUB_bootloader.dir/startup_stm32f407xx_gcc.s.obj
CAN2_RX0_IRQHandler                               CMakeFiles/EHUB_bootloader.dir/startup_stm32f407xx_gcc.s.obj
CAN2_RX1_IRQHandler                               CMakeFiles/EHUB_bootloader.dir/startup_stm32f407xx_gcc.s.obj
CAN2_SCE_IRQHandler                               CMakeFiles/EHUB_bootloader.dir/startup_stm32f407xx_gcc.s.obj
CAN2_TX_IRQHandler                                CMakeFiles/EHUB_bootloader.dir/startup_stm32f407xx_gcc.s.obj
DCMI_IRQHandler                                   CMakeFiles/EHUB_bootloader.dir/startup_stm32f407xx_gcc.s.obj
DMA1_Stream0_IRQHandler                           CMakeFiles/EHUB_bootloader.dir/startup_stm32f407xx_gcc.s.obj
DMA1_Stream1_IRQHandler                           CMakeFiles/EHUB_bootloader.dir/startup_stm32f407xx_gcc.s.obj
DMA1_Stream2_IRQHandler                           CMakeFiles/EHUB_bootloader.dir/startup_stm32f407xx_gcc.s.obj
DMA1_Stream3_IRQHandler                           CMakeFiles/EHUB_bootloader.dir/startup_stm32f407xx_gcc.s.obj
DMA1_Stream4_IRQHandler                           CMakeFiles/EHUB_bootloader.dir/startup_stm32f407xx_gcc.s.obj
DMA1_Stream5_IRQHandler                           CMakeFiles/EHUB_bootloader.dir/startup_stm32f407xx_gcc.s.obj
DMA1_Stream6_IRQHandler                           CMakeFiles/EHUB_bootloader.dir/startup_stm32f407xx_gcc.s.obj
DMA1_Stream7_IRQHandler                           CMakeFiles/EHUB_bootloader.dir/startup_stm32f407xx_gcc.s.obj
DMA2_Stream0_IRQHandler                           CMakeFiles/EHUB_bootloader.dir/startup_stm32f407xx_gcc.s.obj
DMA2_Stream1_IRQHandler                           CMakeFiles/EHUB_bootloader.dir/startup_stm32f407xx_gcc.s.obj
DMA2_Stream2_IRQHandler                           CMakeFiles/EHUB_bootloader.dir/startup_stm32f407xx_gcc.s.obj
DMA2_Stream3_IRQHandler                           CMakeFiles/EHUB_bootloader.dir/startup_stm32f407xx_gcc.s.obj
DMA2_Stream4_IRQHandler                           CMakeFiles/EHUB_bootloader.dir/startup_stm32f407xx_gcc.s.obj
DMA2_Stream5_IRQHandler                           CMakeFiles/EHUB_bootloader.dir/startup_stm32f407xx_gcc.s.obj
DMA2_Stream6_IRQHandler                           CMakeFiles/EHUB_bootloader.dir/startup_stm32f407xx_gcc.s.obj
DMA2_Stream7_IRQHandler                           CMakeFiles/EHUB_bootloader.dir/startup_stm32f407xx_gcc.s.obj
DebugMon_Handler                                  CMakeFiles/EHUB_bootloader.dir/startup_stm32f407xx_gcc.s.obj
Default_Handler                                   CMakeFiles/EHUB_bootloader.dir/startup_stm32f407xx_gcc.s.obj
EHUB_Boot_Crc32                                   CMakeFiles/EHUB_bootloader.dir/boot/Src/ehub_boot.c.obj
                                                  CMakeFiles/EHUB_bootloader.dir/bootloader/Src/main.c.obj
EHUB_Boot_GetSector                               CMakeFiles/EHUB_bootloader.dir/boot/Src/ehub_boot.c.obj
EHUB_Boot_IsValidApp                              CMakeFiles/EHUB_bootloader.dir/boot/Src/ehub_boot.c.obj
                                                  CMakeFiles/EHUB_bootloader.dir/bootloader/Src/main.c.obj
ETH_IRQHandler                                    CMakeFiles/EHUB_bootloader.dir/startup_stm32f407xx_gcc.s.obj
ETH_WKUP_IRQHandler                               CMakeFiles/EHUB_bootloader.dir/startup_stm32f407xx_gcc.s.obj
EXTI0_IRQHandler                                  CMakeFiles/EHUB_bootloader.dir/startup_stm32f407xx_gcc.s.obj
EXTI15_10_IRQHandler                              CMakeFiles/EHUB_bootloader.dir/startup_stm32f407xx_gcc.s.obj
EXTI1_IRQHandler                                  CMakeFiles/EHUB_bootloader.dir/startup_stm32f407xx_gcc.s.obj
EXTI2_IRQHandler                                  CMakeFiles/EHUB_bootloader.dir/startup_stm32f407xx_gcc.s.obj
EXTI3_IRQHandler                                  CMakeFiles/EHUB_bootloader.dir/startup_stm32f407xx_gcc.s.obj
EXTI4_IRQHandler                                  CMakeFiles/EHUB_bootloader.dir/startup_stm32f407xx_gcc.s.obj
EXTI9_5_IRQHandler                                CMakeFiles/EHUB_bootloader.dir/startup_stm32f407xx_gcc.s.obj
FLASH_Erase_Sector                                CMakeFiles/EHUB_bootloader.dir/Drivers/STM32F4xx_HAL_Driver/Src/stm32f4xx_hal_flash_ex.c.obj
                                                  CMakeFiles/EHUB_bootloader.dir/Drivers/STM32F4xx_HAL_Driver/Src/stm32f4xx_hal_flash.c.obj
FLASH_FlushCaches                                 CMakeFiles/EHUB_bootloader.dir/Drivers/STM32F4xx_HAL_Driver/Src/stm32f4xx_hal_flash_ex.c.obj
                                                  CMakeFiles/EHUB_bootloader.dir/Drivers/STM32F4xx_HAL_Driver/Src/stm32f4xx_hal_flash.c.obj
FLASH_IRQHandler                                  CMakeFiles/EHUB_bootloader.dir/startup_stm32f407xx_gcc.s.obj
FLASH_WaitForLastOperation                        CMakeFiles/EHUB_bootloader.dir/Drivers/STM32F4xx_HAL_Driver/Src/stm32f4xx_hal_flash.c.obj
                                                  CMakeFiles/EHUB_bootloader.dir/Drivers/STM32F4xx_HAL_Driver/Src/stm32f4xx_hal_flash_ex.c.obj
FMC_IRQHandler                                    CMakeFiles/EHUB_bootloader.dir/startup_stm32f407xx_gcc.s.obj
FPU_IRQHandler                                    CMakeFiles/EHUB_bootloader.dir/startup_stm32f407xx_gcc.s.obj
HAL_CORTEX_ClearEvent                             CMakeFiles/EHUB_bootloader.dir/Drivers/STM32F4xx_HAL_Driver/Src/stm32f4xx_hal_cortex.c.obj
HAL_DBGMCU_DisableDBGSleepMode                    CMakeFiles/EHUB_bootloader.dir/Drivers/STM32F4xx_HAL_Driver/Src/stm32f4xx_hal.c.obj
HAL_DBGMCU_DisableDBGStandbyMode                  CMakeFiles/EHUB_bootloader.dir/Drivers/STM32F4xx_HAL_Driver/Src/stm32f4xx_hal.c.obj
HAL_DBGMCU_DisableDBGStopMode                     CMakeFiles/EHUB_bootloader.dir/Drivers/STM32F4xx_HAL_Driver/Src/stm32f4xx_hal.c.obj
HAL_DBGMCU_EnableDBGSleepMode                     CMakeFiles/EHUB_bootloader.dir/Drivers/STM32F4xx_HAL_Driver/Src/stm32f4xx_hal.c.obj
HAL_DBGMCU_EnableDBGStandbyMode                   CMakeFiles/EHUB_bootloader.dir/Drivers/STM32F4xx_HAL_Driver/Src/stm32f4xx_hal.c.obj
HAL_DBGMCU_EnableDBGStopMode                      CMakeFiles/EHUB_bootloader.dir/Drivers/STM32F4xx_HAL_Driver/Src/stm32f4xx_hal.c.obj
HAL_DeInit                                        CMakeFiles/EHUB_bootloader.dir/Drivers/STM32F4xx_HAL_Driver/Src/stm32f4xx_hal.c.obj
                                                  CMakeFiles/EHUB_bootloader.dir/bootloader/Src/main.c.obj
HAL_Delay                                         CMakeFiles/EHUB_bootloader.dir/Drivers/STM32F4xx_HAL_Driver/Src/stm32f4xx_hal.c.obj
HAL_DisableCompensationCell                       CMakeFiles/EHUB_bootloader.dir/Drivers/STM32F4xx_HAL_Driver/Src/stm32f4xx_hal.c.obj
HAL_EnableCompensationCell                        CMakeFiles/EHUB_bootloader.dir/Drivers/STM32F4xx_HAL_Driver/Src/stm32f4xx_hal.c.obj
HAL_FLASHEx_Erase                                 CMakeFiles/EHUB_bootloader.dir/Drivers/STM32F4xx_HAL_Driver/Src/stm32f4xx_hal_flash_ex.c.obj
                                                  CMakeFiles/EHUB_bootloader.dir/bootloader/Src/main.c.obj
HAL_FLASHEx_Erase_IT                              CMakeFiles/EHUB_bootloader.dir/Drivers/STM32F4xx_HAL_Driver/Src/stm32f4xx_hal_flash_ex.c.obj
HAL_FLASHEx_OBGetConfig                           CMakeFiles/EHUB_bootloader.dir/Drivers/STM32F4xx_HAL_Driver/Src/stm32f4xx_hal_flash_ex.c.obj
HAL_FLASHEx_OBProgram                             CMakeFiles/EHUB_bootloader.dir/Drivers/STM32F4xx_HAL_Driver/Src/stm32f4xx_hal_flash_ex.c.obj
HAL_FLASH_EndOfOperationCallback                  CMakeFiles/EHUB_bootloader.dir/Drivers/STM32F4xx_HAL_Driver/Src/stm32f4xx_hal_flash.c.obj
HAL_FLASH_GetError                                CMakeFiles/EHUB_bootloader.dir/Drivers/STM32F4xx_HAL_Driver/Src/stm32f4xx_hal_flash.c.obj
HAL_FLASH_IRQHandler                              CMakeFiles/EHUB_bootloader.dir/Drivers/STM32F4xx_HAL_Driver/Src/stm32f4xx_hal_flash.c.obj
HAL_FLASH_Lock                                    CMakeFiles/EHUB_bootloader.dir/Drivers/STM32F4xx_HAL_Driver/Src/stm32f4xx_hal_flash.c.obj
                                                  CMakeFiles/EHUB_bootloader.dir/bootloader/Src/main.c.obj
HAL_FLASH_OB_Launch                               CMakeFiles/EHUB_bootloader.dir/Drivers/STM32F4xx_HAL_Driver/Src/stm32f4xx_hal_flash.c.obj
HAL_FLASH_OB_Lock                                 CMakeFiles/EHUB_bootloader.dir/Drivers/STM32F4xx_HAL_Driver/Src/stm32f4xx_hal_flash.c.obj
HAL_FLASH_OB_Unlock                               CMakeFiles/EHUB_bootloader.dir/Drivers/STM32F4xx_HAL_Driver/Src/stm32f4xx_hal_flash.c.obj
HAL_FLASH_OperationErrorCallback                  CMakeFiles/EHUB_bootloader.dir/Drivers/STM32F4xx_HAL_Driver/Src/stm32f4xx_hal_flash.c.obj
HAL_FLASH_Program                                 CMakeFiles/EHUB_bootloader.dir/Drivers/STM32F4xx_HAL_Driver/Src/stm32f4xx_hal_flash.c.obj
                                                  CMakeFiles/EHUB_bootloader.dir/bootloader/Src/main.c.obj
HAL_FLASH_Program_IT                              CMakeFiles/EHUB_bootloader.dir/Drivers/STM32F4xx_HAL_Driver/Src/stm32f4xx_hal_flash.c.obj
HAL_FLASH_Unlock                                  CMakeFiles/EHUB_bootloader.dir/Drivers/STM32F4xx_HAL_Driver/Src/stm32f4xx_hal_flash.c.obj
                                                  CMakeFiles/EHUB_bootloader.dir/bootloader/Src/main.c.obj
HAL_GPIO_DeInit                                   CMakeFiles/EHUB_bootloader.dir/Drivers/STM32F4xx_HAL_Driver/Src/stm32f4xx_hal_gpio.c.obj
HAL_GPIO_EXTI_Callback                            CMakeFiles/EHUB_bootloader.dir/Drivers/STM32F4xx_HAL_Driver/Src/stm32f4xx_hal_gpio.c.obj
HAL_GPIO_EXTI_IRQHandler                          CMakeFiles/EHUB_bootloader.dir/Drivers/STM32F4xx_HAL_Driver/Src/stm32f4xx_hal_gpio.c.obj
HAL_GPIO_Init                                     CMakeFiles/EHUB_bootloader.dir/Drivers/STM32F4xx_HAL_Driver/Src/stm32f4xx_hal_gpio.c.obj
                                                  CMakeFiles/EHUB_bootloader.dir/Drivers/STM32F4xx_HAL_Driver/Src/stm32f4xx_hal_rcc.c.obj
                                                  CMakeFiles/EHUB_bootloader.dir/bootloader/Src/main.c.obj
HAL_GPIO_LockPin                                  CMakeFiles/EHUB_bootloader.dir/Drivers/STM32F4xx_HAL_Driver/Src/stm32f4xx_hal_gpio.c.obj
HAL_GPIO_ReadPin                                  CMakeFiles/EHUB_bootloader.dir/Drivers/STM32F4xx_HAL_Driver/Src/stm32f4xx_hal_gpio.c.obj
HAL_GPIO_TogglePin                                CMakeFiles/EHUB_bootloader.dir/Drivers/STM32F4xx_HAL_Driver/Src/stm32f4xx_hal_gpio.c.obj
HAL_GPIO_WritePin                                 CMakeFiles/EHUB_bootloader.dir/Drivers/STM32F4xx_HAL_Driver/Src/stm32f4xx_hal_gpio.c.obj
                                                  CMakeFiles/EHUB_bootloader.dir/bootloader/Src/main.c.obj
HAL_GetDEVID                                      CMakeFiles/EHUB_bootloader.dir/Drivers/STM32F4xx_HAL_Driver/Src/stm32f4xx_hal.c.obj
HAL_GetHalVersion                                 CMakeFiles/EHUB_bootloader.dir/Drivers/STM32F4xx_HAL_Driver/Src/stm32f4xx_hal.c.obj
HAL_GetREVID                                      CMakeFiles/EHUB_bootloader.dir/Drivers/STM32F4xx_HAL_Driver/Src/stm32f4xx_hal.c.obj
HAL_GetTick                                       CMakeFiles/EHUB_bootloader.dir/Drivers/STM32F4xx_HAL_Driver/Src/stm32f4xx_hal.c.obj
                                                  CMakeFiles/EHUB_bootloader.dir/Drivers/STM32F4xx_HAL_Driver/Src/stm32f4xx_hal_rcc_ex.c.obj
                                                  CMakeFiles/EHUB_bootloader.dir/Drivers/STM32F4xx_HAL_Driver/Src/stm32f4xx_hal_rcc.c.obj
                                                  CMakeFiles/EHUB_bootloader.dir/Drivers/STM32F4xx_HAL_Driver/Src/stm32f4xx_hal_pwr_ex.c.obj
                                                  CMakeFiles/EHUB_bootloader.dir/Drivers/STM32F4xx_HAL_Driver/Src/stm32f4xx_hal_flash.c.obj
HAL_GetTickFreq                                   CMakeFiles/EHUB_bootloader.dir/Drivers/STM32F4xx_HAL_Driver/Src/stm32f4xx_hal.c.obj
HAL_GetTickPrio                                   CMakeFiles/EHUB_bootloader.dir/Drivers/STM32F4xx_HAL_Driver/Src/stm32f4xx_hal.c.obj
HAL_GetUIDw0                                      CMakeFiles/EHUB_bootloader.dir/Drivers/STM32F4xx_HAL_Driver/Src/stm32f4xx_hal.c.obj
HAL_GetUIDw1                                      CMakeFiles/EHUB_bootloader.dir/Drivers/STM32F4xx_HAL_Driver/Src/stm32f4xx_hal.c.obj
HAL_GetUIDw2                                      CMakeFiles/EHUB_bootloader.dir/Drivers/STM32F4xx_HAL_Driver/Src/stm32f4xx_hal.c.obj
HAL_IncTick                                       CMakeFiles/EHUB_bootloader.dir/Drivers/STM32F4xx_HAL_Driver/Src/stm32f4xx_hal.c.obj
HAL_Init                                          CMakeFiles/EHUB_bootloader.dir/Drivers/STM32F4xx_HAL_Driver/Src/stm32f4xx_hal.c.obj
                                                  CMakeFiles/EHUB_bootloader.dir/bootloader/Src/main.c.obj
HAL_InitTick                                      CMakeFiles/EHUB_bootloader.dir/Drivers/STM32F4xx_HAL_Driver/Src/stm32f4xx_hal.c.obj
                                                  CMakeFiles/EHUB_bootloader.dir/Drivers/STM32F4xx_HAL_Driver/Src/stm32f4xx_hal_rcc_ex.c.obj
                                                  CMakeFiles/EHUB_bootloader.dir/Drivers/STM32F4xx_HAL_Driver/Src/stm32f4xx_hal_rcc.c.obj
HAL_MPU_ConfigRegion                              CMakeFiles/EHUB_bootloader.dir/Drivers/STM32F4xx_HAL_Driver/Src/stm32f4xx_hal_cortex.c.obj
HAL_MPU_Disable                                   CMakeFiles/EHUB_bootloader.dir/Drivers/STM32F4xx_HAL_Driver/Src/stm32f4xx_hal_cortex.c.obj
HAL_MPU_DisableRegion                             CMakeFiles/EHUB_bootloader.dir/Drivers/STM32F4xx_HAL_Driver/Src/stm32f4xx_hal_cortex.c.obj
HAL_MPU_Enable                                    CMakeFiles/EHUB_bootloader.dir/Drivers/STM32F4xx_HAL_Driver/Src/stm32f4xx_hal_cortex.c.obj
HAL_MPU_EnableRegion                              CMakeFiles/EHUB_bootloader.dir/Drivers/STM32F4xx_HAL_Driver/Src/stm32f4xx_hal_cortex.c.obj
HAL_MspDeInit                                     CMakeFiles/EHUB_bootloader.dir/Drivers/STM32F4xx_HAL_Driver/Src/stm32f4xx_hal.c.obj
HAL_MspInit                                       CMakeFiles/EHUB_bootloader.dir/Core/Src/stm32f4xx_hal_msp.c.obj
HAL_NVIC_ClearPendingIRQ                          CMakeFiles/EHUB_bootloader.dir/Drivers/STM32F4xx_HAL_Driver/Src/stm32f4xx_hal_cortex.c.obj
HAL_NVIC_DisableIRQ                               CMakeFiles/EHUB_bootloader.dir/Drivers/STM32F4xx_HAL_Driver/Src/stm32f4xx_hal_cortex.c.obj
HAL_NVIC_EnableIRQ                                CMakeFiles/EHUB_bootloader.dir/Drivers/STM32F4xx_HAL_Driver/Src/stm32f4xx_hal_cortex.c.obj
HAL_NVIC_GetActive                                CMakeFiles/EHUB_bootloader.dir/Drivers/STM32F4xx_HAL_Driver/Src/stm32f4xx_hal_cortex.c.obj
HAL_NVIC_GetPendingIRQ                            CMakeFiles/EHUB_bootloader.dir/Drivers/STM32F4xx_HAL_Driver/Src/stm32f4xx_hal_cortex.c.obj
HAL_NVIC_GetPriority                              CMakeFiles/EHUB_bootloader.dir/Drivers/STM32F4xx_HAL_Driver/Src/stm32f4xx_hal_cortex.c.obj
HAL_NVIC_GetPriorityGrouping                      CMakeFiles/EHUB_bootloader.dir/Drivers/STM32F4xx_HAL_Driver/Src/stm32f4xx_hal_cortex.c.obj
HAL_NVIC_SetPendingIRQ                            CMakeFiles/EHUB_bootloader.dir/Drivers/STM32F4xx_HAL_Driver/Src/stm32f4xx_hal_cortex.c.obj
HAL_NVIC_SetPriority                              CMakeFiles/EHUB_bootloader.dir/Drivers/STM32F4xx_HAL_Driver/Src/stm32f4xx_hal_cortex.c.obj
                                                  CMakeFiles/EHUB_bootloader.dir/Drivers/STM32F4xx_HAL_Driver/Src/stm32f4xx_hal.c.obj
                                                  CMakeFiles/EHUB_bootloader.dir/Core/Src/stm32f4xx_hal_msp.c.obj
HAL_NVIC_SetPriorityGrouping                      CMakeFiles/EHUB_bootloader.dir/Drivers/STM32F4xx_HAL_Driver/Src/stm32f4xx_hal_cortex.c.obj
                                                  CMakeFiles/EHUB_bootloader.dir/Drivers/STM32F4xx_HAL_Driver/Src/stm32f4xx_hal.c.obj
HAL_NVIC_SystemReset                              CMakeFiles/EHUB_bootloader.dir/Drivers/STM32F4xx_HAL_Driver/Src/stm32f4xx_hal_cortex.c.obj
HAL_PWREx_ControlVoltageScaling                   CMakeFiles/EHUB_bootloader.dir/Drivers/STM32F4xx_HAL_Driver/Src/stm32f4xx_hal_pwr_ex.c.obj
HAL_PWREx_DisableBkUpReg                          CMakeFiles/EHUB_bootloader.dir/Drivers/STM32F4xx_HAL_Driver/Src/stm32f4xx_hal_pwr_ex.c.obj
HAL_PWREx_DisableFlashPowerDown                   CMakeFiles/EHUB_bootloader.dir/Drivers/STM32F4xx_HAL_Driver/Src/stm32f4xx_hal_pwr_ex.c.obj
HAL_PWREx_EnableBkUpReg                           CMakeFiles/EHUB_bootloader.dir/Drivers/STM32F4xx_HAL_Driver/Src/stm32f4xx_hal_pwr_ex.c.obj
HAL_PWREx_EnableFlashPowerDown                    CMakeFiles/EHUB_bootloader.dir/Drivers/STM32F4xx_HAL_Driver/Src/stm32f4xx_hal_pwr_ex.c.obj
HAL_PWREx_GetVoltageRange                         CMakeFiles/EHUB_bootloader.dir/Drivers/STM32F4xx_HAL_Driver/Src/stm32f4xx_hal_pwr_ex.c.obj
HAL_PWR_ConfigPVD                                 CMakeFiles/EHUB_bootloader.dir/Drivers/STM32F4xx_HAL_Driver/Src/stm32f4xx_hal_pwr.c.obj
HAL_PWR_DeInit                                    CMakeFiles/EHUB_bootloader.dir/Drivers/STM32F4xx_HAL_Driver/Src/stm32f4xx_hal_pwr.c.obj
HAL_PWR_DisableBkUpAccess                         CMakeFiles/EHUB_bootloader.dir/Drivers/STM32F4xx_HAL_Driver/Src/stm32f4xx_hal_pwr.c.obj
HAL_PWR_DisablePVD                                CMakeFiles/EHUB_bootloader.dir/Drivers/STM32F4xx_HAL_Driver/Src/stm32f4xx_hal_pwr.c.obj
HAL_PWR_DisableSEVOnPend                          CMakeFiles/EHUB_bootloader.dir/Drivers/STM32F4xx_HAL_Driver/Src/stm32f4xx_hal_pwr.c.obj
HAL_PWR_DisableSleepOnExit                        CMakeFiles/EHUB_bootloader.dir/Drivers/STM32F4xx_HAL_Driver/Src/stm32f4xx_hal_pwr.c.obj
HAL_PWR_DisableWakeUpPin                          CMakeFiles/EHUB_bootloader.dir/Drivers/STM32F4xx_HAL_Driver/Src/stm32f4xx_hal_pwr.c.obj
HAL_PWR_EnableBkUpAccess                          CMakeFiles/EHUB_bootloader.dir/Drivers/STM32F4xx_HAL_Driver/Src/stm32f4xx_hal_pwr.c.obj
HAL_PWR_EnablePVD                                 CMakeFiles/EHUB_bootloader.dir/Drivers/STM32F4xx_HAL_Driver/Src/stm32f4xx_hal_pwr.c.obj
HAL_PWR_EnableSEVOnPend                           CMakeFiles/EHUB_bootloader.dir/Drivers/STM32F4xx_HAL_Driver/Src/stm32f4xx_hal_pwr.c.obj
HAL_PWR_EnableSleepOnExit                         CMakeFiles/EHUB_bootloader.dir/Drivers/STM32F4xx_HAL_Driver/Src/stm32f4xx_hal_pwr.c.obj
HAL_PWR_EnableWakeUpPin                           CMakeFiles/EHUB_bootloader.dir/Drivers/STM32F4xx_HAL_Driver/Src/stm32f4xx_hal_pwr.c.obj
HAL_PWR_EnterSLEEPMode                            CMakeFiles/EHUB_bootloader.dir/Drivers/STM32F4xx_HAL_Driver/Src/stm32f4xx_hal_pwr.c.obj
HAL_PWR_EnterSTANDBYMode                          CMakeFiles/EHUB_bootloader.dir/Drivers/STM32F4xx_HAL_Driver/Src/stm32f4xx_hal_pwr.c.obj
HAL_PWR_EnterSTOPMode                             CMakeFiles/EHUB_bootloader.dir/Drivers/STM32F4xx_HAL_Driver/Src/stm32f4xx_hal_pwr.c.obj
HAL_PWR_PVDCallback                               CMakeFiles/EHUB_bootloader.dir/Drivers/STM32F4xx_HAL_Driver/Src/stm32f4xx_hal_pwr.c.obj
HAL_PWR_PVD_IRQHandler                            CMakeFiles/EHUB_bootloader.dir/Drivers/STM32F4xx_HAL_Driver/Src/stm32f4xx_hal_pwr.c.obj
HAL_RCCEx_DisablePLLI2S                           CMakeFiles/EHUB_bootloader.dir/Drivers/STM32F4xx_HAL_Driver/Src/stm32f4xx_hal_rcc_ex.c.obj
HAL_RCCEx_EnablePLLI2S                            CMakeFiles/EHUB_bootloader.dir/Drivers/STM32F4xx_HAL_Driver/Src/stm32f4xx_hal_rcc_ex.c.obj
HAL_RCCEx_GetPeriphCLKConfig                      CMakeFiles/EHUB_bootloader.dir/Drivers/STM32F4xx_HAL_Driver/Src/stm32f4xx_hal_rcc_ex.c.obj
HAL_RCCEx_GetPeriphCLKFreq                        CMakeFiles/EHUB_bootloader.dir/Drivers/STM32F4xx_HAL_Driver/Src/stm32f4xx_hal_rcc_ex.c.obj
HAL_RCCEx_PeriphCLKConfig                         CMakeFiles/EHUB_bootloader.dir/Drivers/STM32F4xx_HAL_Driver/Src/stm32f4xx_hal_rcc_ex.c.obj
HAL_RCC_CSSCallback                               CMakeFiles/EHUB_bootloader.dir/Drivers/STM32F4xx_HAL_Driver/Src/stm32f4xx_hal_rcc.c.obj
HAL_RCC_ClockConfig                               CMakeFiles/EHUB_bootloader.dir/Drivers/STM32F4xx_HAL_Driver/Src/stm32f4xx_hal_rcc.c.obj
HAL_RCC_DeInit                                    CMakeFiles/EHUB_bootloader.dir/Drivers/STM32F4xx_HAL_Driver/Src/stm32f4xx_hal_rcc_ex.c.obj
                                                  CMakeFiles/EHUB_bootloader.dir/Drivers/STM32F4xx_HAL_Driver/Src/stm32f4xx_hal_rcc.c.obj
HAL_RCC_DisableCSS                                CMakeFiles/EHUB_bootloader.dir/Drivers/STM32F4xx_HAL_Driver/Src/stm32f4xx_hal_rcc.c.obj
HAL_RCC_EnableCSS                                 CMakeFiles/EHUB_bootloader.dir/Drivers/STM32F4xx_HAL_Driver/Src/stm32f4xx_hal_rcc.c.obj
HAL_RCC_GetClockConfig                            CMakeFiles/EHUB_bootloader.dir/Drivers/STM32F4xx_HAL_Driver/Src/stm32f4xx_hal_rcc.c.obj
HAL_RCC_GetHCLKFreq                               CMakeFiles/EHUB_bootloader.dir/Drivers/STM32F4xx_HAL_Driver/Src/stm32f4xx_hal_rcc.c.obj
HAL_RCC_GetOscConfig                              CMakeFiles/EHUB_bootloader.dir/Drivers/STM32F4xx_HAL_Driver/Src/stm32f4xx_hal_rcc.c.obj
HAL_RCC_GetPCLK1Freq                              CMakeFiles/EHUB_bootloader.dir/Drivers/STM32F4xx_HAL_Driver/Src/stm32f4xx_hal_rcc.c.obj
HAL_RCC_GetPCLK2Freq                              CMakeFiles/EHUB_bootloader.dir/Drivers/STM32F4xx_HAL_Driver/Src/stm32f4xx_hal_rcc.c.obj
HAL_RCC_GetSysClockFreq                           CMakeFiles/EHUB_bootloader.dir/Drivers/STM32F4xx_HAL_Driver/Src/stm32f4xx_hal_rcc.c.obj
HAL_RCC_MCOConfig                                 CMakeFiles/EHUB_bootloader.dir/Drivers/STM32F4xx_HAL_Driver/Src/stm32f4xx_hal_rcc.c.obj
HAL_RCC_NMI_IRQHandler                            CMakeFiles/EHUB_bootloader.dir/Drivers/STM32F4xx_HAL_Driver/Src/stm32f4xx_hal_rcc.c.obj
HAL_RCC_OscConfig                                 CMakeFiles/EHUB_bootloader.dir/Drivers/STM32F4xx_HAL_Driver/Src/stm32f4xx_hal_rcc.c.obj
HAL_ResumeTick                                    CMakeFiles/EHUB_bootloader.dir/Drivers/STM32F4xx_HAL_Driver/Src/stm32f4xx_hal.c.obj
HAL_SYSTICK_CLKSourceConfig                       CMakeFiles/EHUB_bootloader.dir/Drivers/STM32F4xx_HAL_Driver/Src/stm32f4xx_hal_cortex.c.obj
HAL_SYSTICK_Callback                              CMakeFiles/EHUB_bootloader.dir/Drivers/STM32F4xx_HAL_Driver/Src/stm32f4xx_hal_cortex.c.obj
HAL_SYSTICK_Config                                CMakeFiles/EHUB_bootloader.dir/Drivers/STM32F4xx_HAL_Driver/Src/stm32f4xx_hal_cortex.c.obj
                                                  CMakeFiles/EHUB_bootloader.dir/Drivers/STM32F4xx_HAL_Driver/Src/stm32f4xx_hal.c.obj
HAL_SYSTICK_IRQHandler                            CMakeFiles/EHUB_bootloader.dir/Drivers/STM32F4xx_HAL_Driver/Src/stm32f4xx_hal_cortex.c.obj
HAL_SetTickFreq                                   CMakeFiles/EHUB_bootloader.dir/Drivers/STM32F4xx_HAL_Driver/Src/stm32f4xx_hal.c.obj
HAL_SuspendTick                                   CMakeFiles/EHUB_bootloader.dir/Drivers/STM32F4xx_HAL_Driver/Src/stm32f4xx_hal.c.obj
HASH_RNG_IRQHandler                               CMakeFiles/EHUB_bootloader.dir/startup_stm32f407xx_gcc.s.obj
HardFault_Handler                                 CMakeFiles/EHUB_bootloader.dir/startup_stm32f407xx_gcc.s.obj
I2C1_ER_IRQHandler                                CMakeFiles/EHUB_bootloader.dir/startup_stm32f407xx_gcc.s.obj
I2C1_EV_IRQHandler                                CMakeFiles/EHUB_bootloader.dir/startup_stm32f407xx_gcc.s.obj
I2C2_ER_IRQHandler                                CMakeFiles/EHUB_bootloader.dir/startup_stm32f407xx_gcc.s.obj
I2C2_EV_IRQHandler                                CMakeFiles/EHUB_bootloader.dir/startup_stm32f407xx_gcc.s.obj
I2C3_ER_IRQHandler                                CMakeFiles/EHUB_bootloader.dir/startup_stm32f407xx_gcc.s.obj
I2C3_EV_IRQHandler                                CMakeFiles/EHUB_bootloader.dir/startup_stm32f407xx_gcc.s.obj
MemManage_Handler                                 CMakeFiles/EHUB_bootloader.dir/startup_stm32f407xx_gcc.s.obj
NMI_Handler                                       CMakeFiles/EHUB_bootloader.dir/startup_stm32f407xx_gcc.s.obj
OTG_FS_IRQHandler                                 CMakeFiles/EHUB_bootloader.dir/startup_stm32f407xx_gcc.s.obj
OTG_FS_WKUP_IRQHandler                            CMakeFiles/EHUB_bootloader.dir/startup_stm32f407xx_gcc.s.obj
OTG_HS_EP1_IN_IRQHandler                          CMakeFiles/EHUB_bootloader.dir/startup_stm32f407xx_gcc.s.obj
OTG_HS_EP1_OUT_IRQHandler                         CMakeFiles/EHUB_bootloader.dir/startup_stm32f407xx_gcc.s.obj
OTG_HS_IRQHandler                                 CMakeFiles/EHUB_bootloader.dir/startup_stm32f407xx_gcc.s.obj
OTG_HS_WKUP_IRQHandler                            CMakeFiles/EHUB_bootloader.dir/startup_stm32f407xx_gcc.s.obj
PVD_IRQHandler                                    CMakeFiles/EHUB_bootloader.dir/startup_stm32f407xx_gcc.s.obj
PendSV_Handler                                    CMakeFiles/EHUB_bootloader.dir/startup_stm32f407xx_gcc.s.obj
RCC_IRQHandler                                    CMakeFiles/EHUB_bootloader.dir/startup_stm32f407xx_gcc.s.obj
RTC_Alarm_IRQHandler                              CMakeFiles/EHUB_bootloader.dir/startup_stm32f407xx_gcc.s.obj
RTC_WKUP_IRQHandler                               CMakeFiles/EHUB_bootloader.dir/startup_stm32f407xx_gcc.s.obj
Reset_Handler                                     CMakeFiles/EHUB_bootloader.dir/startup_stm32f407xx_gcc.s.obj
SDIO_IRQHandler                                   CMakeFiles/EHUB_bootloader.dir/startup_stm32f407xx_gcc.s.obj
SPI1_IRQHandler                                   CMakeFiles/EHUB_bootloader.dir/startup_stm32f407xx_gcc.s.obj
SPI2_IRQHandler                                   CMakeFiles/EHUB_bootloader.dir/startup_stm32f407xx_gcc.s.obj
SPI3_IRQHandler                                   CMakeFiles/EHUB_bootloader.dir/startup_stm32f407xx_gcc.s.obj
SVC_Handler                                       CMakeFiles/EHUB_bootloader.dir/startup_stm32f407xx_gcc.s.obj
SysTick_Handler                                   CMakeFiles/EHUB_bootloader.dir/startup_stm32f407xx_gcc.s.obj
SystemCoreClock                                   CMakeFiles/EHUB_bootloader.dir/Core/Src/system_stm32f4xx.c.obj
                                                  CMakeFiles/EHUB_bootloader.dir/Drivers/STM32F4xx_HAL_Driver/Src/stm32f4xx_hal_rcc_ex.c.obj
                                                  CMakeFiles/EHUB_bootloader.dir/Drivers/STM32F4xx_HAL_Driver/Src/stm32f4xx_hal_rcc.c.obj
                                                  CMakeFiles/EHUB_bootloader.dir/Drivers/STM32F4xx_HAL_Driver/Src/stm32f4xx_hal.c.obj
SystemCoreClockUpdate                             CMakeFiles/EHUB_bootloader.dir/Core/Src/system_stm32f4xx.c.obj
SystemInit                                        CMakeFiles/EHUB_bootloader.dir/Core/Src/system_stm32f4xx.c.obj
TAMP_STAMP_IRQHandler                             CMakeFiles/EHUB_bootloader.dir/startup_stm32f407xx_gcc.s.obj
TIM1_BRK_TIM9_IRQHandler                          CMakeFiles/EHUB_bootloader.dir/startup_stm32f407xx_gcc.s.obj
TIM1_CC_IRQHandler                                CMakeFiles/EHUB_bootloader.dir/startup_stm32f407xx_gcc.s.obj
TIM1_TRG_COM_TIM11_IRQHandler                     CMakeFiles/EHUB_bootloader.dir/startup_stm32f407xx_gcc.s.obj
TIM1_UP_TIM10_IRQHandler                          CMakeFiles/EHUB_bootloader.dir/startup_stm32f407xx_gcc.s.obj
TIM2_IRQHandler                                   CMakeFiles/EHUB_bootloader.dir/startup_stm32f407xx_gcc.s.obj
TIM3_IRQHandler                                   CMakeFiles/EHUB_bootloader.dir/startup_stm32f407xx_gcc.s.obj
TIM4_IRQHandler                                   CMakeFiles/EHUB_bootloader.dir/startup_stm32f407xx_gcc.s.obj
TIM5_IRQHandler                                   CMakeFiles/EHUB_bootloader.dir/startup_stm32f407xx_gcc.s.obj
TIM6_DAC_IRQHandler                               CMakeFiles/EHUB_bootloader.dir/startup_stm32f407xx_gcc.s.obj
TIM7_IRQHandler                                   CMakeFiles/EHUB_bootloader.dir/startup_stm32f407xx_gcc.s.obj
TIM8_BRK_TIM12_IRQHandler                         CMakeFiles/EHUB_bootloader.dir/startup_stm32f407xx_gcc.s.obj
TIM8_CC_IRQHandler                                CMakeFiles/EHUB_bootloader.dir/startup_stm32f407xx_gcc.s.obj
TIM8_TRG_COM_TIM14_IRQHandler                     CMakeFiles/EHUB_bootloader.dir/startup_stm32f407xx_gcc.s.obj
TIM8_UP_TIM13_IRQHandler                          CMakeFiles/EHUB_bootloader.dir/startup_stm32f407xx_gcc.s.obj
UART4_IRQHandler                                  CMakeFiles/EHUB_bootloader.dir/startup_stm32f407xx_gcc.s.obj
UART5_IRQHandler                                  CMakeFiles/EHUB_bootloader.dir/startup_stm32f407xx_gcc.s.obj
USART1_IRQHandler                                 CMakeFiles/EHUB_bootloader.dir/startup_stm32f407xx_gcc.s.obj
USART2_IRQHandler                                 CMakeFiles/EHUB_bootloader.dir/startup_stm32f407xx_gcc.s.obj
USART3_IRQHandler                                 CMakeFiles/EHUB_bootloader.dir/startup_stm32f407xx_gcc.s.obj
USART6_IRQHandler                                 CMakeFiles/EHUB_bootloader.dir/startup_stm32f407xx_gcc.s.obj
UsageFault_Handler                                CMakeFiles/EHUB_bootloader.dir/startup_stm32f407xx_gcc.s.obj
WWDG_IRQHandler                                   CMakeFiles/EHUB_bootloader.dir/startup_stm32f407xx_gcc.s.obj
_ITM_deregisterTMCloneTable                       F:/vscode/openstm32/Arm GNU Toolchain arm-none-eabi/14.3 rel1/bin/../lib/gcc/arm-none-eabi/14.3.1/thumb/v7e-m+fp/hard/crtbegin.o
_ITM_registerTMCloneTable                         F:/vscode/openstm32/Arm GNU Toolchain arm-none-eabi/14.3 rel1/bin/../lib/gcc/arm-none-eabi/14.3.1/thumb/v7e-m+fp/hard/crtbegin.o
__TMC_END__                                       F:/vscode/openstm32/Arm GNU Toolchain arm-none-eabi/14.3 rel1/bin/../lib/gcc/arm-none-eabi/14.3.1/thumb/v7e-m+fp/hard/crtend.o
                                                  F:/vscode/openstm32/Arm GNU Toolchain arm-none-eabi/14.3 rel1/bin/../lib/gcc/arm-none-eabi/14.3.1/thumb/v7e-m+fp/hard/crtbegin.o
__aeabi_idiv0                                     F:/vscode/openstm32/Arm GNU Toolchain arm-none-eabi/14.3 rel1/bin/../lib/gcc/arm-none-eabi/14.3.1/thumb/v7e-m+fp/hard\libgcc.a(_dvmd_tls.o)
__aeabi_ldiv0                                     F:/vscode/openstm32/Arm GNU Toolchain arm-none-eabi/14.3 rel1/bin/../lib/gcc/arm-none-eabi/14.3.1/thumb/v7e-m+fp/hard\libgcc.a(_dvmd_tls.o)
                                                  F:/vscode/openstm32/Arm GNU Toolchain arm-none-eabi/14.3 rel1/bin/../lib/gcc/arm-none-eabi/14.3.1/thumb/v7e-m+fp/hard\libgcc.a(_aeabi_uldivmod.o)
__aeabi_uldivmod                                  F:/vscode/openstm32/Arm GNU Toolchain arm-none-eabi/14.3 rel1/bin/../lib/gcc/arm-none-eabi/14.3.1/thumb/v7e-m+fp/hard\libgcc.a(_aeabi_uldivmod.o)
                                                  CMakeFiles/EHUB_bootloader.dir/Drivers/STM32F4xx_HAL_Driver/Src/stm32f4xx_hal_rcc.c.obj
__bss_end__                                       F:/vscode/openstm32/Arm GNU Toolchain arm-none-eabi/14.3 rel1/bin/../lib/gcc/arm-none-eabi/14.3.1/../../../../arm-none-eabi/lib/thumb/v7e-m+fp/hard/crt0.o
__bss_start__                                     F:/vscode/openstm32/Arm GNU Toolchain arm-none-eabi/14.3 rel1/bin/../lib/gcc/arm-none-eabi/14.3.1/../../../../arm-none-eabi/lib/thumb/v7e-m+fp/hard/crt0.o
__call_exitprocs                                  F:/vscode/openstm32/Arm GNU Toolchain arm-none-eabi/14.3 rel1/bin/../lib/gcc/arm-none-eabi/14.3.1/../../../../arm-none-eabi/lib/thumb/v7e-m+fp/hard\libc_nano.a(libc_a-exit.o)
__deregister_frame_info                           F:/vscode/openstm32/Arm GNU Toolchain arm-none-eabi/14.3 rel1/bin/../lib/gcc/arm-none-eabi/14.3.1/thumb/v7e-m+fp/hard/crtbegin.o
__dso_handle                                      F:/vscode/openstm32/Arm GNU Toolchain arm-none-eabi/14.3 rel1/bin/../lib/gcc/arm-none-eabi/14.3.1/thumb/v7e-m+fp/hard/crtbegin.o
__fp_lock_all                                     F:/vscode/openstm32/Arm GNU Toolchain arm-none-eabi/14.3 rel1/bin/../lib/gcc/arm-none-eabi/14.3.1/../../../../arm-none-eabi/lib/thumb/v7e-m+fp/hard\libc_nano.a(libc_a-findfp.o)
__fp_unlock_all                                   F:/vscode/openstm32/Arm GNU Toolchain arm-none-eabi/14.3 rel1/bin/../lib/gcc/arm-none-eabi/14.3.1/../../../../arm-none-eabi/lib/thumb/v7e-m+fp/hard\libc_nano.a(libc_a-findfp.o)
__init_array_end                                  F:/vscode/openstm32/Arm GNU Toolchain arm-none-eabi/14.3 rel1/bin/../lib/gcc/arm-none-eabi/14.3.1/../../../../arm-none-eabi/lib/thumb/v7e-m+fp/hard\libc_nano.a(libc_a-init.o)
__init_array_start                                F:/vscode/openstm32/Arm GNU Toolchain arm-none-eabi/14.3 rel1/bin/../lib/gcc/arm-none-eabi/14.3.1/../../../../arm-none-eabi/lib/thumb/v7e-m+fp/hard\libc_nano.a(libc_a-init.o)
__libc_fini_array                                 F:/vscode/openstm32/Arm GNU Toolchain arm-none-eabi/14.3 rel1/bin/../lib/gcc/arm-none-eabi/14.3.1/../../../../arm-none-eabi/lib/thumb/v7e-m+fp/hard/crt0.o
__libc_init_array                                 F:/vscode/openstm32/Arm GNU Toolchain arm-none-eabi/14.3 rel1/bin/../lib/gcc/arm-none-eabi/14.3.1/../../../../arm-none-eabi/lib/thumb/v7e-m+fp/hard\libc_nano.a(libc_a-init.o)
                                                  CMakeFiles/EHUB_bootloader.dir/startup_stm32f407xx_gcc.s.obj
                                                  F:/vscode/openstm32/Arm GNU Toolchain arm-none-eabi/14.3 rel1/bin/../lib/gcc/arm-none-eabi/14.3.1/../../../../arm-none-eabi/lib/thumb/v7e-m+fp/hard/crt0.o
__lock___arc4random_mutex                         F:/vscode/openstm32/Arm GNU Toolchain arm-none-eabi/14.3 rel1/bin/../lib/gcc/arm-none-eabi/14.3.1/../../../../arm-none-eabi/lib/thumb/v7e-m+fp/hard\libc_nano.a(libc_a-lock.o)
__lock___at_quick_exit_mutex                      F:/vscode/openstm32/Arm GNU Toolchain arm-none-eabi/14.3 rel1/bin/../lib/gcc/arm-none-eabi/14.3.1/../../../../arm-none-eabi/lib/thumb/v7e-m+fp/hard\libc_nano.a(libc_a-lock.o)
__lock___atexit_recursive_mutex                   F:/vscode/openstm32/Arm GNU Toolchain arm-none-eabi/14.3 rel1/bin/../lib/gcc/arm-none-eabi/14.3.1/../../../../arm-none-eabi/lib/thumb/v7e-m+fp/hard\libc_nano.a(libc_a-lock.o)
__lock___dd_hash_mutex                            F:/vscode/openstm32/Arm GNU Toolchain arm-none-eabi/14.3 rel1/bin/../lib/gcc/arm-none-eabi/14.3.1/../../../../arm-none-eabi/lib/thumb/v7e-m+fp/hard\libc_nano.a(libc_a-lock.o)
__lock___env_recursive_mutex                      F:/vscode/openstm32/Arm GNU Toolchain arm-none-eabi/14.3 rel1/bin/../lib/gcc/arm-none-eabi/14.3.1/../../../../arm-none-eabi/lib/thumb/v7e-m+fp/hard\libc_nano.a(libc_a-lock.o)
__lock___malloc_recursive_mutex                   F:/vscode/openstm32/Arm GNU Toolchain arm-none-eabi/14.3 rel1/bin/../lib/gcc/arm-none-eabi/14.3.1/../../../../arm-none-eabi/lib/thumb/v7e-m+fp/hard\libc_nano.a(libc_a-lock.o)
                                                  F:/vscode/openstm32/Arm GNU Toolchain arm-none-eabi/14.3 rel1/bin/../lib/gcc/arm-none-eabi/14.3.1/../../../../arm-none-eabi/lib/thumb/v7e-m+fp/hard\libc_nano.a(libc_a-mlock.o)
__lock___sfp_recursive_mutex                      F:/vscode/openstm32/Arm GNU Toolchain arm-none-eabi/14.3 rel1/bin/../lib/gcc/arm-none-eabi/14.3.1/../../../../arm-none-eabi/lib/thumb/v7e-m+fp/hard\libc_nano.a(libc_a-lock.o)
                                                  F:/vscode/openstm32/Arm GNU Toolchain arm-none-eabi/14.3 rel1/bin/../lib/gcc/arm-none-eabi/14.3.1/../../../../arm-none-eabi/lib/thumb/v7e-m+fp/hard\libc_nano.a(libc_a-findfp.o)
__lock___tz_mutex                                 F:/vscode/openstm32/Arm GNU Toolchain arm-none-eabi/14.3 rel1/bin/../lib/gcc/arm-none-eabi/14.3.1/../../../../arm-none-eabi/lib/thumb/v7e-m+fp/hard\libc_nano.a(libc_a-lock.o)
__malloc_free_list                                F:/vscode/openstm32/Arm GNU Toolchain arm-none-eabi/14.3 rel1/bin/../lib/gcc/arm-none-eabi/14.3.1/../../../../arm-none-eabi/lib/thumb/v7e-m+fp/hard\libc_nano.a(libc_a-mallocr.o)
                                                  F:/vscode/openstm32/Arm GNU Toolchain arm-none-eabi/14.3 rel1/bin/../lib/gcc/arm-none-eabi/14.3.1/../../../../arm-none-eabi/lib/thumb/v7e-m+fp/hard\libc_nano.a(libc_a-freer.o)
__malloc_lock                                     F:/vscode/openstm32/Arm GNU Toolchain arm-none-eabi/14.3 rel1/bin/../lib/gcc/arm-none-eabi/14.3.1/../../../../arm-none-eabi/lib/thumb/v7e-m+fp/hard\libc_nano.a(libc_a-mlock.o)
                                                  F:/vscode/openstm32/Arm GNU Toolchain arm-none-eabi/14.3 rel1/bin/../lib/gcc/arm-none-eabi/14.3.1/../../../../arm-none-eabi/lib/thumb/v7e-m+fp/hard\libc_nano.a(libc_a-mallocr.o)
                                                  F:/vscode/openstm32/Arm GNU Toolchain arm-none-eabi/14.3 rel1/bin/../lib/gcc/arm-none-eabi/14.3.1/../../../../arm-none-eabi/lib/thumb/v7e-m+fp/hard\libc_nano.a(libc_a-freer.o)
__malloc_sbrk_start                               F:/vscode/openstm32/Arm GNU Toolchain arm-none-eabi/14.3 rel1/bin/../lib/gcc/arm-none-eabi/14.3.1/../../../../arm-none-eabi/lib/thumb/v7e-m+fp/hard\libc_nano.a(libc_a-mallocr.o)
__malloc_unlock                                   F:/vscode/openstm32/Arm GNU Toolchain arm-none-eabi/14.3 rel1/bin/../lib/gcc/arm-none-eabi/14.3.1/../../../../arm-none-eabi/lib/thumb/v7e-m+fp/hard\libc_nano.a(libc_a-mlock.o)
                                                  F:/vscode/openstm32/Arm GNU Toolchain arm-none-eabi/14.3 rel1/bin/../lib/gcc/arm-none-eabi/14.3.1/../../../../arm-none-eabi/lib/thumb/v7e-m+fp/hard\libc_nano.a(libc_a-mallocr.o)
                                                  F:/vscode/openstm32/Arm GNU Toolchain arm-none-eabi/14.3 rel1/bin/../lib/gcc/arm-none-eabi/14.3.1/../../../../arm-none-eabi/lib/thumb/v7e-m+fp/hard\libc_nano.a(libc_a-freer.o)
__preinit_array_end                               F:/vscode/openstm32/Arm GNU Toolchain arm-none-eabi/14.3 rel1/bin/../lib/gcc/arm-none-eabi/14.3.1/../../../../arm-none-eabi/lib/thumb/v7e-m+fp/hard\libc_nano.a(libc_a-init.o)
__preinit_array_start                             F:/vscode/openstm32/Arm GNU Toolchain arm-none-eabi/14.3 rel1/bin/../lib/gcc/arm-none-eabi/14.3.1/../../../../arm-none-eabi/lib/thumb/v7e-m+fp/hard\libc_nano.a(libc_a-init.o)
__register_frame_info                             F:/vscode/openstm32/Arm GNU Toolchain arm-none-eabi/14.3 rel1/bin/../lib/gcc/arm-none-eabi/14.3.1/thumb/v7e-m+fp/hard/crtbegin.o
__retarget_lock_acquire                           F:/vscode/openstm32/Arm GNU Toolchain arm-none-eabi/14.3 rel1/bin/../lib/gcc/arm-none-eabi/14.3.1/../../../../arm-none-eabi/lib/thumb/v7e-m+fp/hard\libc_nano.a(libc_a-lock.o)
__retarget_lock_acquire_recursive                 F:/vscode/openstm32/Arm GNU Toolchain arm-none-eabi/14.3 rel1/bin/../lib/gcc/arm-none-eabi/14.3.1/../../../../arm-none-eabi/lib/thumb/v7e-m+fp/hard\libc_nano.a(libc_a-lock.o)
                                                  F:/vscode/openstm32/Arm GNU Toolchain arm-none-eabi/14.3 rel1/bin/../lib/gcc/arm-none-eabi/14.3.1/../../../../arm-none-eabi/lib/thumb/v7e-m+fp/hard\libc_nano.a(libc_a-fflush.o)
                                                  F:/vscode/openstm32/Arm GNU Toolchain arm-none-eabi/14.3 rel1/bin/../lib/gcc/arm-none-eabi/14.3.1/../../../../arm-none-eabi/lib/thumb/v7e-m+fp/hard\libc_nano.a(libc_a-mlock.o)
                                                  F:/vscode/openstm32/Arm GNU Toolchain arm-none-eabi/14.3 rel1/bin/../lib/gcc/arm-none-eabi/14.3.1/../../../../arm-none-eabi/lib/thumb/v7e-m+fp/hard\libc_nano.a(libc_a-findfp.o)
__retarget_lock_close                             F:/vscode/openstm32/Arm GNU Toolchain arm-none-eabi/14.3 rel1/bin/../lib/gcc/arm-none-eabi/14.3.1/../../../../arm-none-eabi/lib/thumb/v7e-m+fp/hard\libc_nano.a(libc_a-lock.o)
__retarget_lock_close_recursive                   F:/vscode/openstm32/Arm GNU Toolchain arm-none-eabi/14.3 rel1/bin/../lib/gcc/arm-none-eabi/14.3.1/../../../../arm-none-eabi/lib/thumb/v7e-m+fp/hard\libc_nano.a(libc_a-lock.o)
__retarget_lock_init                              F:/vscode/openstm32/Arm GNU Toolchain arm-none-eabi/14.3 rel1/bin/../lib/gcc/arm-none-eabi/14.3.1/../../../../arm-none-eabi/lib/thumb/v7e-m+fp/hard\libc_nano.a(libc_a-lock.o)
__retarget_lock_init_recursive                    F:/vscode/openstm32/Arm GNU Toolchain arm-none-eabi/14.3 rel1/bin/../lib/gcc/arm-none-eabi/14.3.1/../../../../arm-none-eabi/lib/thumb/v7e-m+fp/hard\libc_nano.a(libc_a-lock.o)
                                                  F:/vscode/openstm32/Arm GNU Toolchain arm-none-eabi/14.3 rel1/bin/../lib/gcc/arm-none-eabi/14.3.1/../../../../arm-none-eabi/lib/thumb/v7e-m+fp/hard\libc_nano.a(libc_a-findfp.o)
__retarget_lock_release                           F:/vscode/openstm32/Arm GNU Toolchain arm-none-eabi/14.3 rel1/bin/../lib/gcc/arm-none-eabi/14.3.1/../../../../arm-none-eabi/lib/thumb/v7e-m+fp/hard\libc_nano.a(libc_a-lock.o)
__retarget_lock_release_recursive                 F:/vscode/openstm32/Arm GNU Toolchain arm-none-eabi/14.3 rel1/bin/../lib/gcc/arm-none-eabi/14.3.1/../../../../arm-none-eabi/lib/thumb/v7e-m+fp/hard\libc_nano.a(libc_a-lock.o)
                                                  F:/vscode/openstm32/Arm GNU Toolchain arm-none-eabi/14.3 rel1/bin/../lib/gcc/arm-none-eabi/14.3.1/../../../../arm-none-eabi/lib/thumb/v7e-m+fp/hard\libc_nano.a(libc_a-fflush.o)
                                                  F:/vscode/openstm32/Arm GNU Toolchain arm-none-eabi/14.3 rel1/bin/../lib/gcc/arm-none-eabi/14.3.1/../../../../arm-none-eabi/lib/thumb/v7e-m+fp/hard\libc_nano.a(libc_a-mlock.o)
                                                  F:/vscode/openstm32/Arm GNU Toolchain arm-none-eabi/14.3 rel1/bin/../lib/gcc/arm-none-eabi/14.3.1/../../../../arm-none-eabi/lib/thumb/v7e-m+fp/hard\libc_nano.a(libc_a-findfp.o)
__retarget_lock_try_acquire                       F:/vscode/openstm32/Arm GNU Toolchain arm-none-eabi/14.3 rel1/bin/../lib/gcc/arm-none-eabi/14.3.1/../../../../arm-none-eabi/lib/thumb/v7e-m+fp/hard\libc_nano.a(libc_a-lock.o)
__retarget_lock_try_acquire_recursive             F:/vscode/openstm32/Arm GNU Toolchain arm-none-eabi/14.3 rel1/bin/../lib/gcc/arm-none-eabi/14.3.1/../../../../arm-none-eabi/lib/thumb/v7e-m+fp/hard\libc_nano.a(libc_a-lock.o)
__sclose                                          F:/vscode/openstm32/Arm GNU Toolchain arm-none-eabi/14.3 rel1/bin/../lib/gcc/arm-none-eabi/14.3.1/../../../../arm-none-eabi/lib/thumb/v7e-m+fp/hard\libc_nano.a(libc_a-stdio.o)
                                                  F:/vscode/openstm32/Arm GNU Toolchain arm-none-eabi/14.3 rel1/bin/../lib/gcc/arm-none-eabi/14.3.1/../../../../arm-none-eabi/lib/thumb/v7e-m+fp/hard\libc_nano.a(libc_a-findfp.o)
__seofread                                        F:/vscode/openstm32/Arm GNU Toolchain arm-none-eabi/14.3 rel1/bin/../lib/gcc/arm-none-eabi/14.3.1/../../../../arm-none-eabi/lib/thumb/v7e-m+fp/hard\libc_nano.a(libc_a-stdio.o)
__sf                                              F:/vscode/openstm32/Arm GNU Toolchain arm-none-eabi/14.3 rel1/bin/../lib/gcc/arm-none-eabi/14.3.1/../../../../arm-none-eabi/lib/thumb/v7e-m+fp/hard\libc_nano.a(libc_a-findfp.o)
                                                  F:/vscode/openstm32/Arm GNU Toolchain arm-none-eabi/14.3 rel1/bin/../lib/gcc/arm-none-eabi/14.3.1/../../../../arm-none-eabi/lib/thumb/v7e-m+fp/hard\libc_nano.a(libc_a-impure.o)
__sflush_r                                        F:/vscode/openstm32/Arm GNU Toolchain arm-none-eabi/14.3 rel1/bin/../lib/gcc/arm-none-eabi/14.3.1/../../../../arm-none-eabi/lib/thumb/v7e-m+fp/hard\libc_nano.a(libc_a-fflush.o)
__sfp                                             F:/vscode/openstm32/Arm GNU Toolchain arm-none-eabi/14.3 rel1/bin/../lib/gcc/arm-none-eabi/14.3.1/../../../../arm-none-eabi/lib/thumb/v7e-m+fp/hard\libc_nano.a(libc_a-findfp.o)
__sfp_lock_acquire                                F:/vscode/openstm32/Arm GNU Toolchain arm-none-eabi/14.3 rel1/bin/../lib/gcc/arm-none-eabi/14.3.1/../../../../arm-none-eabi/lib/thumb/v7e-m+fp/hard\libc_nano.a(libc_a-findfp.o)
__sfp_lock_release                                F:/vscode/openstm32/Arm GNU Toolchain arm-none-eabi/14.3 rel1/bin/../lib/gcc/arm-none-eabi/14.3.1/../../../../arm-none-eabi/lib/thumb/v7e-m+fp/hard\libc_nano.a(libc_a-findfp.o)
__sglue                                           F:/vscode/openstm32/Arm GNU Toolchain arm-none-eabi/14.3 rel1/bin/../lib/gcc/arm-none-eabi/14.3.1/../../../../arm-none-eabi/lib/thumb/v7e-m+fp/hard\libc_nano.a(libc_a-findfp.o)
                                                  F:/vscode/openstm32/Arm GNU Toolchain arm-none-eabi/14.3 rel1/bin/../lib/gcc/arm-none-eabi/14.3.1/../../../../arm-none-eabi/lib/thumb/v7e-m+fp/hard\libc_nano.a(libc_a-fflush.o)
__sinit                                           F:/vscode/openstm32/Arm GNU Toolchain arm-none-eabi/14.3 rel1/bin/../lib/gcc/arm-none-eabi/14.3.1/../../../../arm-none-eabi/lib/thumb/v7e-m+fp/hard\libc_nano.a(libc_a-findfp.o)
                                                  F:/vscode/openstm32/Arm GNU Toolchain arm-none-eabi/14.3 rel1/bin/../lib/gcc/arm-none-eabi/14.3.1/../../../../arm-none-eabi/lib/thumb/v7e-m+fp/hard\libc_nano.a(libc_a-fflush.o)
__sread                                           F:/vscode/openstm32/Arm GNU Toolchain arm-none-eabi/14.3 rel1/bin/../lib/gcc/arm-none-eabi/14.3.1/../../../../arm-none-eabi/lib/thumb/v7e-m+fp/hard\libc_nano.a(libc_a-stdio.o)
                                                  F:/vscode/openstm32/Arm GNU Toolchain arm-none-eabi/14.3 rel1/bin/../lib/gcc/arm-none-eabi/14.3.1/../../../../arm-none-eabi/lib/thumb/v7e-m+fp/hard\libc_nano.a(libc_a-findfp.o)
__sseek                                           F:/vscode/openstm32/Arm GNU Toolchain arm-none-eabi/14.3 rel1/bin/../lib/gcc/arm-none-eabi/14.3.1/../../../../arm-none-eabi/lib/thumb/v7e-m+fp/hard\libc_nano.a(libc_a-stdio.o)
                                                  F:/vscode/openstm32/Arm GNU Toolchain arm-none-eabi/14.3 rel1/bin/../lib/gcc/arm-none-eabi/14.3.1/../../../../arm-none-eabi/lib/thumb/v7e-m+fp/hard\libc_nano.a(libc_a-findfp.o)
__stack                                           F:/vscode/openstm32/Arm GNU Toolchain arm-none-eabi/14.3 rel1/bin/../lib/gcc/arm-none-eabi/14.3.1/../../../../arm-none-eabi/lib/thumb/v7e-m+fp/hard/crt0.o
__stdio_exit_handler                              F:/vscode/openstm32/Arm GNU Toolchain arm-none-eabi/14.3 rel1/bin/../lib/gcc/arm-none-eabi/14.3.1/../../../../arm-none-eabi/lib/thumb/v7e-m+fp/hard\libc_nano.a(libc_a-findfp.o)
                                                  F:/vscode/openstm32/Arm GNU Toolchain arm-none-eabi/14.3 rel1/bin/../lib/gcc/arm-none-eabi/14.3.1/../../../../arm-none-eabi/lib/thumb/v7e-m+fp/hard\libc_nano.a(libc_a-exit.o)
__swrite                                          F:/vscode/openstm32/Arm GNU Toolchain arm-none-eabi/14.3 rel1/bin/../lib/gcc/arm-none-eabi/14.3.1/../../../../arm-none-eabi/lib/thumb/v7e-m+fp/hard\libc_nano.a(libc_a-stdio.o)
                                                  F:/vscode/openstm32/Arm GNU Toolchain arm-none-eabi/14.3 rel1/bin/../lib/gcc/arm-none-eabi/14.3.1/../../../../arm-none-eabi/lib/thumb/v7e-m+fp/hard\libc_nano.a(libc_a-findfp.o)
__udivmoddi4                                      F:/vscode/openstm32/Arm GNU Toolchain arm-none-eabi/14.3 rel1/bin/../lib/gcc/arm-none-eabi/14.3.1/thumb/v7e-m+fp/hard\libgcc.a(_udivmoddi4.o)
                                                  F:/vscode/openstm32/Arm GNU Toolchain arm-none-eabi/14.3 rel1/bin/../lib/gcc/arm-none-eabi/14.3.1/thumb/v7e-m+fp/hard\libgcc.a(_aeabi_uldivmod.o)
_close                                            F:/vscode/openstm32/Arm GNU Toolchain arm-none-eabi/14.3 rel1/bin/../lib/gcc/arm-none-eabi/14.3.1/../../../../arm-none-eabi/lib/thumb/v7e-m+fp/hard\libnosys.a(close.o)
                                                  F:/vscode/openstm32/Arm GNU Toolchain arm-none-eabi/14.3 rel1/bin/../lib/gcc/arm-none-eabi/14.3.1/../../../../arm-none-eabi/lib/thumb/v7e-m+fp/hard\libc_nano.a(libc_a-closer.o)
_close_r                                          F:/vscode/openstm32/Arm GNU Toolchain arm-none-eabi/14.3 rel1/bin/../lib/gcc/arm-none-eabi/14.3.1/../../../../arm-none-eabi/lib/thumb/v7e-m+fp/hard\libc_nano.a(libc_a-closer.o)
                                                  F:/vscode/openstm32/Arm GNU Toolchain arm-none-eabi/14.3 rel1/bin/../lib/gcc/arm-none-eabi/14.3.1/../../../../arm-none-eabi/lib/thumb/v7e-m+fp/hard\libc_nano.a(libc_a-stdio.o)
_ebss                                             CMakeFiles/EHUB_bootloader.dir/startup_stm32f407xx_gcc.s.obj
_edata                                            CMakeFiles/EHUB_bootloader.dir/startup_stm32f407xx_gcc.s.obj
_estack                                           CMakeFiles/EHUB_bootloader.dir/startup_stm32f407xx_gcc.s.obj
_exit                                             F:/vscode/openstm32/Arm GNU Toolchain arm-none-eabi/14.3 rel1/bin/../lib/gcc/arm-none-eabi/14.3.1/../../../../arm-none-eabi/lib/thumb/v7e-m+fp/hard\libnosys.a(_exit.o)
                                                  F:/vscode/openstm32/Arm GNU Toolchain arm-none-eabi/14.3 rel1/bin/../lib/gcc/arm-none-eabi/14.3.1/../../../../arm-none-eabi/lib/thumb/v7e-m+fp/hard\libc_nano.a(libc_a-exit.o)